Archive member included to satisfy reference by file (symbol)

/opt/devkitpro/libogc/lib/wii/libwiiuse.a(wpad.o)
                              main.o (WPAD_Init)
/opt/devkitpro/libogc/lib/wii/libwiiuse.a(motion_plus.o)
                              /opt/devkitpro/libogc/lib/wii/libwiiuse.a(wpad.o) (wiiuse_set_motion_plus)
/opt/devkitpro/libogc/lib/wii/libwiiuse.a(dynamics.o)
                              /opt/devkitpro/libogc/lib/wii/libwiiuse.a(wpad.o) (calculate_gforce)
/opt/devkitpro/libogc/lib/wii/libwiiuse.a(io.o)
                              /opt/devkitpro/libogc/lib/wii/libwiiuse.a(motion_plus.o) (wiiuse_disable_expansion)
/opt/devkitpro/libogc/lib/wii/libwiiuse.a(io_wii.o)
                              /opt/devkitpro/libogc/lib/wii/libwiiuse.a(wpad.o) (__wiiuse_sensorbar_enable)
/opt/devkitpro/libogc/lib/wii/libwiiuse.a(ir.o)
                              /opt/devkitpro/libogc/lib/wii/libwiiuse.a(motion_plus.o) (wiiuse_set_ir_mode)
/opt/devkitpro/libogc/lib/wii/libwiiuse.a(nunchuk.o)
                              /opt/devkitpro/libogc/lib/wii/libwiiuse.a(io.o) (nunchuk_handshake)
/opt/devkitpro/libogc/lib/wii/libwiiuse.a(wiiboard.o)
                              /opt/devkitpro/libogc/lib/wii/libwiiuse.a(io.o) (wii_board_handshake)
/opt/devkitpro/libogc/lib/wii/libwiiuse.a(wiiuse.o)
                              /opt/devkitpro/libogc/lib/wii/libwiiuse.a(wpad.o) (wiiuse_init)
/opt/devkitpro/libogc/lib/wii/libwiiuse.a(speaker.o)
                              /opt/devkitpro/libogc/lib/wii/libwiiuse.a(wpad.o) (wencdata)
/opt/devkitpro/libogc/lib/wii/libwiiuse.a(classic.o)
                              /opt/devkitpro/libogc/lib/wii/libwiiuse.a(io.o) (classic_ctrl_handshake)
/opt/devkitpro/libogc/lib/wii/libwiiuse.a(events.o)
                              /opt/devkitpro/libogc/lib/wii/libwiiuse.a(io_wii.o) (parse_event)
/opt/devkitpro/libogc/lib/wii/libwiiuse.a(guitar_hero_3.o)
                              /opt/devkitpro/libogc/lib/wii/libwiiuse.a(io.o) (guitar_hero_3_handshake)
/opt/devkitpro/libogc/lib/wii/libbte.a(bte.o)
                              /opt/devkitpro/libogc/lib/wii/libwiiuse.a(wpad.o) (BTE_Init)
/opt/devkitpro/libogc/lib/wii/libbte.a(hci.o)
                              /opt/devkitpro/libogc/lib/wii/libbte.a(bte.o) (hci_init)
/opt/devkitpro/libogc/lib/wii/libbte.a(l2cap.o)
                              /opt/devkitpro/libogc/lib/wii/libbte.a(bte.o) (l2cap_init)
/opt/devkitpro/libogc/lib/wii/libbte.a(btmemb.o)
                              /opt/devkitpro/libogc/lib/wii/libbte.a(bte.o) (btmemb_init)
/opt/devkitpro/libogc/lib/wii/libbte.a(btmemr.o)
                              /opt/devkitpro/libogc/lib/wii/libbte.a(hci.o) (btmemr_init)
/opt/devkitpro/libogc/lib/wii/libbte.a(btpbuf.o)
                              /opt/devkitpro/libogc/lib/wii/libbte.a(hci.o) (btpbuf_init)
/opt/devkitpro/libogc/lib/wii/libbte.a(physbusif.o)
                              /opt/devkitpro/libogc/lib/wii/libbte.a(bte.o) (physbusif_init)
/opt/devkitpro/libogc/lib/wii/libogc.a(console.o)
                              main.o (CON_Init)
/opt/devkitpro/libogc/lib/wii/libogc.a(lwp_queue.o)
                              /opt/devkitpro/libogc/lib/wii/libwiiuse.a(io_wii.o) (__lwp_queue_initialize)
/opt/devkitpro/libogc/lib/wii/libogc.a(lwp_threads.o)
                              /opt/devkitpro/libogc/lib/wii/libwiiuse.a(wpad.o) (_thread_dispatch_disable_level)
/opt/devkitpro/libogc/lib/wii/libogc.a(lwp.o)
                              /opt/devkitpro/libogc/lib/wii/libbte.a(bte.o) (LWP_InitQueue)
/opt/devkitpro/libogc/lib/wii/libogc.a(lwp_handler.o)
                              /opt/devkitpro/libogc/lib/wii/libogc.a(lwp_threads.o) (_cpu_context_save_fp)
/opt/devkitpro/libogc/lib/wii/libogc.a(lwp_stack.o)
                              /opt/devkitpro/libogc/lib/wii/libogc.a(lwp_threads.o) (__lwp_stack_allocate)
/opt/devkitpro/libogc/lib/wii/libogc.a(lwp_watchdog.o)
                              /opt/devkitpro/libogc/lib/wii/libogc.a(lwp_threads.o) (__lwp_wd_insert)
/opt/devkitpro/libogc/lib/wii/libogc.a(lwp_wkspace.o)
                              /opt/devkitpro/libogc/lib/wii/libwiiuse.a(motion_plus.o) (__wkspace_heap)
/opt/devkitpro/libogc/lib/wii/libogc.a(lwp_objmgr.o)
                              /opt/devkitpro/libogc/lib/wii/libogc.a(lwp.o) (__lwp_objmgr_initinfo)
/opt/devkitpro/libogc/lib/wii/libogc.a(lwp_heap.o)
                              /opt/devkitpro/libogc/lib/wii/libogc.a(lwp_wkspace.o) (__lwp_heap_init)
/opt/devkitpro/libogc/lib/wii/libogc.a(sys_state.o)
                              /opt/devkitpro/libogc/lib/wii/libogc.a(lwp_threads.o) (_sys_state_curr)
/opt/devkitpro/libogc/lib/wii/libogc.a(irq.o)
                              /opt/devkitpro/libogc/lib/wii/libwiiuse.a(io_wii.o) (IRQ_Disable)
/opt/devkitpro/libogc/lib/wii/libogc.a(video.o)
                              /opt/devkitpro/libogc/lib/wii/libogc.a(console.o) (VIDEO_GetCurrentFramebuffer)
/opt/devkitpro/libogc/lib/wii/libogc.a(system.o)
[...]
Memory Configuration

Name             Origin             Length             Attributes
*default*        0x0000000000000000 0xffffffffffffffff

Linker script and memory map

                0x0000000000003400                . = 0x3400

.stub
 *(.stub)
                0x0000000080004000                . = 0x80004000

.init           0x0000000080004000      0x194
 *crt0.o(*.init)
 .init          0x0000000080004000      0x170 /opt/devkitpro/libogc/lib/wii/libogc.a(ogc_crt0.o)
                0x0000000080004000                _start
                0x0000000080004140                _memset
 *(.init)
 .init          0x0000000080004170        0xc /opt/devkitpro/devkitPPC/bin/../lib/gcc/powerpc-eabi/11.2.0/ecrti.o
                0x0000000080004170                __init
 .init          0x000000008000417c        0x4 /opt/devkitpro/devkitPPC/bin/../lib/gcc/powerpc-eabi/11.2.0/crtbegin.o
 .init          0x0000000080004180        0x4 /opt/devkitpro/devkitPPC/bin/../lib/gcc/powerpc-eabi/11.2.0/crtend.o
 .init          0x0000000080004184       0x10 /opt/devkitpro/devkitPPC/bin/../lib/gcc/powerpc-eabi/11.2.0/ecrtn.o

.rela.dyn       0x0000000080004194        0x0
 .rela.iplt     0x0000000080004194        0x0 /opt/devkitpro/devkitPPC/bin/../lib/gcc/powerpc-eabi/11.2.0/crtbegin.o

.plt
 *(.plt)

.interp
 *(.interp)

.hash
 *(.hash)

.dynsym
 *(.dynsym)

.dynstr
 *(.dynstr)

.gnu.version
 *(.gnu.version)

.gnu.version_d
 *(.gnu.version_d)

.gnu.version_r
 *(.gnu.version_r)

.rel.init
 *(.rel.init)

.rela.init      0x0000000080004194        0x0
 *(.rela.init)
 .rela.init     0x0000000080004194        0x0 /opt/devkitpro/devkitPPC/bin/../lib/gcc/powerpc-eabi/11.2.0/crtbegin.o

.rel.text
 *(.rel.text .rel.text.* .rel.gnu.linkonce.t.*)

.rela.text      0x0000000080004194        0x0
 *(.rela.text .rela.text.* .rela.gnu.linkonce.t.*)
 .rela.text.__do_global_dtors_aux
                0x0000000080004194        0x0 /opt/devkitpro/devkitPPC/bin/../lib/gcc/powerpc-eabi/11.2.0/crtbegin.o
 .rela.text.frame_dummy
                0x0000000080004194        0x0 /opt/devkitpro/devkitPPC/bin/../lib/gcc/powerpc-eabi/11.2.0/crtbegin.o
 .rela.text.__lwp_sysinit
                0x0000000080004194        0x0 /opt/devkitpro/devkitPPC/bin/../lib/gcc/powerpc-eabi/11.2.0/crtbegin.o
 .rela.text.__irq_init
                0x0000000080004194        0x0 /opt/devkitpro/devkitPPC/bin/../lib/gcc/powerpc-eabi/11.2.0/crtbegin.o
 .rela.text.SYS_Init
                0x0000000080004194        0x0 /opt/devkitpro/devkitPPC/bin/../lib/gcc/powerpc-eabi/11.2.0/crtbegin.o
 .rela.text.__CheckARGV
                0x0000000080004194        0x0 /opt/devkitpro/devkitPPC/bin/../lib/gcc/powerpc-eabi/11.2.0/crtbegin.o
 .rela.text.__GX_InitRevBits
                0x0000000080004194        0x0 /opt/devkitpro/devkitPPC/bin/../lib/gcc/powerpc-eabi/11.2.0/crtbegin.o
 .rela.text.GX_AbortFrame
                0x0000000080004194        0x0 /opt/devkitpro/devkitPPC/bin/../lib/gcc/powerpc-eabi/11.2.0/crtbegin.o

.rel.fini
 *(.rel.fini)

.rela.fini
 *(.rela.fini)

.rel.rodata
 *(.rel.rodata .rel.rodata.* .rel.gnu.linkonce.r.*)

.rela.rodata
 *(.rela.rodata .rela.rodata.* .rela.gnu.linkonce.r.*)

.rel.data
 *(.rel.data .rel.data.* .rel.gnu.linkonce.d.*)

.rela.data
 *(.rela.data .rela.data.* .rela.gnu.linkonce.d.*)

.rel.tdata
 *(.rel.tdata .rel.tdata.* .rel.gnu.linkonce.td.*)

.rela.tdata
 *(.rela.tdata .rela.tdata.* .rela.gnu.linkonce.td.*)

.rel.tbss
 *(.rel.tbss .rel.tbss.* .rel.gnu.linkonce.tb.*)

.rela.tbss
 *(.rela.tbss .rela.tbss.* .rela.gnu.linkonce.tb.*)

.rel.ctors
 *(.rel.ctors)

.rela.ctors
 *(.rela.ctors)

.rel.dtors
 *(.rel.dtors)

.rela.dtors
 *(.rela.dtors)

.rel.got
 *(.rel.got)

.rela.got
 *(.rela.got)

.rela.got1
 *(.rela.got1)

.rela.got2
 *(.rela.got2)

.rel.sdata
 *(.rel.sdata .rel.sdata.* .rel.gnu.linkonce.s.*)

.rela.sdata
 *(.rela.sdata .rela.sdata.* .rela.gnu.linkonce.s.*)

.rel.sbss
 *(.rel.sbss .rel.sbss.* .rel.gnu.linkonce.sb.*)

.rela.sbss
 *(.rela.sbss .rela.sbss.* .rel.gnu.linkonce.sb.*)

.rel.sdata2
 *(.rel.sdata2 .rel.sdata2.* .rel.gnu.linkonce.s2.*)

.rela.sdata2    0x0000000080004194        0x0
 *(.rela.sdata2 .rela.sdata2.* .rela.gnu.linkonce.s2.*)
 .rela.sdata2.__sys_inIPL
                0x0000000080004194        0x0 /opt/devkitpro/devkitPPC/bin/../lib/gcc/powerpc-eabi/11.2.0/crtbegin.o

.rel.sbss2
 *(.rel.sbss2 .rel.sbss2.* .rel.gnu.linkonce.sb2.*)

.rela.sbss2
 *(.rela.sbss2 .rela.sbss2.* .rela.gnu.linkonce.sb2.*)

.rel.bss
 *(.rel.bss .rel.bss.* .rel.gnu.linkonce.b.*)

.rela.bss
 *(.rela.bss .rela.bss.* .rela.gnu.linkonce.b.*)

.rel.plt
 *(.rel.plt)

.rela.plt
 *(.rela.plt)

.text           0x00000000800041a0    0x3b680
 *(.text)
 .text          0x00000000800041a0      0x44c /opt/devkitpro/libogc/lib/wii/libogc.a(lwp_handler.o)
                0x00000000800041a0                _cpu_context_save_fp
                0x00000000800042e0                _cpu_context_restore_fp
                0x0000000080004420                _cpu_context_switch
                0x0000000080004500                _cpu_context_save
                0x0000000080004580                _cpu_context_restore
 .text          0x00000000800045ec      0x4a0 /opt/devkitpro/libogc/lib/wii/libogc.a(system_asm.o)
                0x00000000800045ec                __realmode
                0x0000000080004604                __configBATS
                0x0000000080004734                __InitFPRS
                0x0000000080004860                __InitPS
                0x00000000800048bc                __InitCache
                0x0000000080004914                __InitSystem
                0x000000008000499c                __flush_cache
                0x00000000800049d0                __reset
                0x0000000080004a40                __InitBATS
                0x0000000080004a5c                SYS_SwitchFiber
 .text          0x0000000080004a8c      0x1ac /opt/devkitpro/libogc/lib/wii/libogc.a(irq_handler.o)
                0x0000000080004a8c                irq_exceptionhandler
 .text          0x0000000080004c38      0x4f4 /opt/devkitpro/libogc/lib/wii/libogc.a(cache_asm.o)
                0x0000000080004c38                DCFlashInvalidate
                0x0000000080004c4c                DCEnable
                0x0000000080004c60                DCDisable
                0x0000000080004c74                DCFreeze
                0x0000000080004c88                DCUnfreeze
                0x0000000080004c9c                DCTouchLoad
                0x0000000080004ca4                DCBlockZero
                0x0000000080004cac                DCBlockStore
                0x0000000080004cb4                DCBlockFlush
                0x0000000080004cbc                DCBlockInvalidate
                0x0000000080004cc4                DCInvalidateRange
                0x0000000080004cf4                DCFlushRange
                0x0000000080004d28                DCStoreRange
                0x0000000080004d5c                DCFlushRangeNoSync
                0x0000000080004d8c                DCStoreRangeNoSync
                0x0000000080004dbc                DCZeroRange
                0x0000000080004dec                DCTouchRange
                0x0000000080004e1c                ICInvalidateRange
                0x0000000080004e54                ICFlashInvalidate
                0x0000000080004e68                ICEnable
                0x0000000080004e7c                ICDisable
                0x0000000080004e90                ICFreeze
                0x0000000080004ea4                ICUnfreeze
                0x0000000080004eb8                ICBlockInvalidate
                0x0000000080004ec0                ICSync
                0x0000000080004ec8                L2Init
                0x0000000080004f10                L2Enable
                0x0000000080004f2c                L2Disable
                0x0000000080004f44                L2GlobalInvalidate
                0x0000000080004f9c                __LCEnable
                0x0000000080005068                LCDisable
                0x0000000080005090                LCAllocOneTag
                0x00000000800050a4                LCAllocTags
                0x00000000800050e4                LCLoadBlocks
                0x0000000080005108                LCStoreBlocks
 .text          0x000000008000512c      0x1ac /opt/devkitpro/libogc/lib/wii/libogc.a(decrementer_handler.o)
                0x000000008000512c                dec_exceptionhandler
 .text          0x00000000800052d8      0x35c /opt/devkitpro/libogc/lib/wii/libogc.a(exception_handler.o)
                0x00000000800052d8                exceptionhandler_start
                0x0000000080005354                exceptionhandler_patch
                0x0000000080005388                exceptionhandler_end
                0x000000008000538c                default_exceptionhandler
                0x00000000800054bc                fpu_exceptionhandler
                0x0000000080005604                systemcallhandler_start
                0x0000000080005630                systemcallhandler_end
 .text          0x0000000080005634       0x48 /opt/devkitpro/devkitPPC/bin/../lib/gcc/powerpc-eabi/11.2.0/libgcc.a(eabi.o)
                0x0000000080005634                __eabi
 *(.text.*)
 .text.__do_global_dtors_aux
                0x000000008000567c       0xcc /opt/devkitpro/devkitPPC/bin/../lib/gcc/powerpc-eabi/11.2.0/crtbegin.o
 .text.frame_dummy
                0x0000000080005748       0x24 /opt/devkitpro/devkitPPC/bin/../lib/gcc/powerpc-eabi/11.2.0/crtbegin.o
 .text.__crtmain
                0x000000008000576c       0x44 /opt/devkitpro/devkitPPC/bin/../lib/gcc/powerpc-eabi/11.2.0/../../../../powerpc-eabi/lib/crtmain.o
                0x0000000080005770                __crtmain
 .text.initializeWii
                0x00000000800057b0       0xd4 main.o
                0x00000000800057b0                initializeWii
 .text.getOperand
                0x0000000080005884      0x190 main.o
                0x0000000080005884                getOperand
 .text.getOperator
                0x0000000080005a14       0xa0 main.o
                0x0000000080005a14                getOperator
 .text.startup.main
                0x0000000080005ab4       0xcc main.o
                0x0000000080005ab4                main
 .text.__wpad_assign_slot
                0x0000000080005b80      0x244 /opt/devkitpro/libogc/lib/wii/libwiiuse.a(wpad.o)
                0x0000000080005b80                __wpad_assign_slot
 .text.__wpad_def_powcb
                0x0000000080005dc4        0x4 /opt/devkitpro/libogc/lib/wii/libwiiuse.a(wpad.o)
 .text.__readlinkkey_finished
                0x0000000080005dc8       0x34 /opt/devkitpro/libogc/lib/wii/libwiiuse.a(wpad.o)
 .text.__wpad_patch_finished
                0x0000000080005dfc       0x2c /opt/devkitpro/libogc/lib/wii/libwiiuse.a(wpad.o)
 .text.__wpad_setfmt
                0x0000000080005e28      0x158 /opt/devkitpro/libogc/lib/wii/libwiiuse.a(wpad.o)
 .text.__wpad_eventCB
                0x0000000080005f80      0xae4 /opt/devkitpro/libogc/lib/wii/libwiiuse.a(wpad.o)
 .text.__wpad_disconnectCB
                0x0000000080006a64       0xd4 /opt/devkitpro/libogc/lib/wii/libwiiuse.a(wpad.o)
                0x0000000080006a64                __wpad_disconnectCB
 .text.__wpad_timeouthandler
                0x0000000080006b38       0xb0 /opt/devkitpro/libogc/lib/wii/libwiiuse.a(wpad.o)
 .text.__initcore_finished
                0x0000000080006be8       0x48 /opt/devkitpro/libogc/lib/wii/libwiiuse.a(wpad.o)
 .text.__wpad_init_finished
                0x0000000080006c30      0x18c /opt/devkitpro/libogc/lib/wii/libwiiuse.a(wpad.o)
 .text.WPAD_ReadEvent
                0x0000000080006dbc      0x690 /opt/devkitpro/libogc/lib/wii/libwiiuse.a(wpad.o)
                0x0000000080006dbc                WPAD_ReadEvent
 .text.WPAD_ReadPending
                0x000000008000744c      0x1c4 /opt/devkitpro/libogc/lib/wii/libwiiuse.a(wpad.o)
                0x000000008000744c                WPAD_ReadPending
 .text.WPAD_Shutdown
                0x0000000080007610      0x108 /opt/devkitpro/libogc/lib/wii/libwiiuse.a(wpad.o)
                0x0000000080007610                WPAD_Shutdown
 .text.WPAD_Init
                0x0000000080007718      0x2c4 /opt/devkitpro/libogc/lib/wii/libwiiuse.a(wpad.o)
                0x0000000080007718                WPAD_Init
 .text.__wpad_onreset
                0x00000000800079dc       0x34 /opt/devkitpro/libogc/lib/wii/libwiiuse.a(wpad.o)
 .text.WPAD_ScanPads
                0x0000000080007a10       0x94 /opt/devkitpro/libogc/lib/wii/libwiiuse.a(wpad.o)
                0x0000000080007a10                WPAD_ScanPads
 .text.WPAD_ButtonsDown
                0x0000000080007aa4       0x28 /opt/devkitpro/libogc/lib/wii/libwiiuse.a(wpad.o)
                0x0000000080007aa4                WPAD_ButtonsDown
 .text.WPAD_ButtonsHeld
                0x0000000080007acc       0x28 /opt/devkitpro/libogc/lib/wii/libwiiuse.a(wpad.o)
                0x0000000080007acc                WPAD_ButtonsHeld
 .text.motion_plus_disconnected
                0x0000000080007af4       0x10 /opt/devkitpro/libogc/lib/wii/libwiiuse.a(motion_plus.o)
                0x0000000080007af4                motion_plus_disconnected
 .text.motion_plus_event
                0x0000000080007b04       0x64 /opt/devkitpro/libogc/lib/wii/libwiiuse.a(motion_plus.o)
                0x0000000080007b04                motion_plus_event
 .text.calculate_gforce
                0x0000000080007b68      0x114 /opt/devkitpro/libogc/lib/wii/libwiiuse.a(dynamics.o)
                0x0000000080007b68                calculate_gforce
 .text.calc_joystick_state
                0x0000000080007c7c      0x210 /opt/devkitpro/libogc/lib/wii/libwiiuse.a(dynamics.o)
                0x0000000080007c7c                calc_joystick_state
 .text.apply_smoothing
                0x0000000080007e8c      0x120 /opt/devkitpro/libogc/lib/wii/libwiiuse.a(dynamics.o)
                0x0000000080007e8c                apply_smoothing
 .text.calculate_orientation
                0x0000000080007fac      0x340 /opt/devkitpro/libogc/lib/wii/libwiiuse.a(dynamics.o)
                0x0000000080007fac                calculate_orientation
 .text.calc_balanceboard_state
                0x00000000800082ec      0x3a4 /opt/devkitpro/libogc/lib/wii/libwiiuse.a(dynamics.o)
                0x00000000800082ec                calc_balanceboard_state
 .text.wiiuse_handshake
                0x0000000080008690      0x26c /opt/devkitpro/libogc/lib/wii/libwiiuse.a(io.o)
                0x0000000080008690                wiiuse_handshake
 .text.wiiuse_handshake_expansion
                0x00000000800088fc      0x1fc /opt/devkitpro/libogc/lib/wii/libwiiuse.a(io.o)
                0x00000000800088fc                wiiuse_handshake_expansion
 .text.wiiuse_handshake_expansion_start
                0x0000000080008af8       0x5c /opt/devkitpro/libogc/lib/wii/libwiiuse.a(io.o)
                0x0000000080008af8                wiiuse_handshake_expansion_start
 .text.wiiuse_disable_expansion
                0x0000000080008b54      0x1b0 /opt/devkitpro/libogc/lib/wii/libwiiuse.a(io.o)
                0x0000000080008b54                wiiuse_disable_expansion
 .text.__wiiuse_connected
                0x0000000080008d04       0x9c /opt/devkitpro/libogc/lib/wii/libwiiuse.a(io_wii.o)
 .text.__wiiuse_disconnected
                0x0000000080008da0       0xb4 /opt/devkitpro/libogc/lib/wii/libwiiuse.a(io_wii.o)
 .text.__wiiuse_receive
                0x0000000080008e54       0xd0 /opt/devkitpro/libogc/lib/wii/libwiiuse.a(io_wii.o)
 .text.__wiiuse_sensorbar_enable
                0x0000000080008f24       0x54 /opt/devkitpro/libogc/lib/wii/libwiiuse.a(io_wii.o)
                0x0000000080008f24                __wiiuse_sensorbar_enable
 .text.wiiuse_register
                0x0000000080008f78       0xf0 /opt/devkitpro/libogc/lib/wii/libwiiuse.a(io_wii.o)
                0x0000000080008f78                wiiuse_register
 .text.wiiuse_disconnect
                0x0000000080009068       0x24 /opt/devkitpro/libogc/lib/wii/libwiiuse.a(io_wii.o)
                0x0000000080009068                wiiuse_disconnect
 .text.wiiuse_init_cmd_queue
                0x000000008000908c       0x9c /opt/devkitpro/libogc/lib/wii/libwiiuse.a(io_wii.o)
                0x000000008000908c                wiiuse_init_cmd_queue
 .text.wiiuse_io_write
                0x0000000080009128       0x1c /opt/devkitpro/libogc/lib/wii/libwiiuse.a(io_wii.o)
                0x0000000080009128                wiiuse_io_write
 .text.rotate_dots
                0x0000000080009144      0x13c /opt/devkitpro/libogc/lib/wii/libwiiuse.a(ir.o)
 .text.get_ir_sens.constprop.0.isra.0
                0x0000000080009280       0xdc /opt/devkitpro/libogc/lib/wii/libwiiuse.a(ir.o)
 .text.wiiuse_set_ir_mode
                0x000000008000935c       0x88 /opt/devkitpro/libogc/lib/wii/libwiiuse.a(ir.o)
                0x000000008000935c                wiiuse_set_ir_mode
 .text.wiiuse_set_ir
                0x00000000800093e4      0x208 /opt/devkitpro/libogc/lib/wii/libwiiuse.a(ir.o)
                0x00000000800093e4                wiiuse_set_ir
 .text.wiiuse_set_ir_position
                0x00000000800095ec       0x80 /opt/devkitpro/libogc/lib/wii/libwiiuse.a(ir.o)
                0x00000000800095ec                wiiuse_set_ir_position
 .text.wiiuse_set_aspect_ratio
                0x000000008000966c       0xac /opt/devkitpro/libogc/lib/wii/libwiiuse.a(ir.o)
                0x000000008000966c                wiiuse_set_aspect_ratio
 .text.wiiuse_set_ir_sensitivity
                0x0000000080009718       0xd0 /opt/devkitpro/libogc/lib/wii/libwiiuse.a(ir.o)
                0x0000000080009718                wiiuse_set_ir_sensitivity
 .text.calculate_basic_ir
                0x00000000800097e8       0xf8 /opt/devkitpro/libogc/lib/wii/libwiiuse.a(ir.o)
                0x00000000800097e8                calculate_basic_ir
 .text.calculate_extended_ir
                0x00000000800098e0       0x64 /opt/devkitpro/libogc/lib/wii/libwiiuse.a(ir.o)
                0x00000000800098e0                calculate_extended_ir
 .text.find_sensorbar
                0x0000000080009944      0xa20 /opt/devkitpro/libogc/lib/wii/libwiiuse.a(ir.o)
                0x0000000080009944                find_sensorbar
 .text.apply_ir_smoothing
                0x000000008000a364      0x124 /opt/devkitpro/libogc/lib/wii/libwiiuse.a(ir.o)
                0x000000008000a364                apply_ir_smoothing
 .text.interpret_ir_data
                0x000000008000a488      0x3e0 /opt/devkitpro/libogc/lib/wii/libwiiuse.a(ir.o)
                0x000000008000a488                interpret_ir_data
 .text.nunchuk_handshake
                0x000000008000a868      0x308 /opt/devkitpro/libogc/lib/wii/libwiiuse.a(nunchuk.o)
                0x000000008000a868                nunchuk_handshake
 .text.nunchuk_disconnected
                0x000000008000ab70        0xc /opt/devkitpro/libogc/lib/wii/libwiiuse.a(nunchuk.o)
                0x000000008000ab70                nunchuk_disconnected
 .text.nunchuk_event
                0x000000008000ab7c       0xe0 /opt/devkitpro/libogc/lib/wii/libwiiuse.a(nunchuk.o)
                0x000000008000ab7c                nunchuk_event
 .text.wii_board_handshake
                0x000000008000ac5c      0x284 /opt/devkitpro/libogc/lib/wii/libwiiuse.a(wiiboard.o)
                0x000000008000ac5c                wii_board_handshake
 .text.wii_board_disconnected
                0x000000008000aee0        0xc /opt/devkitpro/libogc/lib/wii/libwiiuse.a(wiiboard.o)
                0x000000008000aee0                wii_board_disconnected
 .text.wii_board_event
                0x000000008000aeec       0x24 /opt/devkitpro/libogc/lib/wii/libwiiuse.a(wiiboard.o)
                0x000000008000aeec                wii_board_event
 .text.wiiuse_send_next_command
                0x000000008000af10       0x58 /opt/devkitpro/libogc/lib/wii/libwiiuse.a(wiiuse.o)
                0x000000008000af10                wiiuse_send_next_command
 .text.wiiuse_init
                0x000000008000af68      0x210 /opt/devkitpro/libogc/lib/wii/libwiiuse.a(wiiuse.o)
                0x000000008000af68                wiiuse_init
 .text.wiiuse_set_flags
                0x000000008000b178       0x28 /opt/devkitpro/libogc/lib/wii/libwiiuse.a(wiiuse.o)
                0x000000008000b178                wiiuse_set_flags
 .text.wiiuse_read_data
                0x000000008000b1a0      0x128 /opt/devkitpro/libogc/lib/wii/libwiiuse.a(wiiuse.o)
                0x000000008000b1a0                wiiuse_read_data
 .text.wiiuse_write_data
                0x000000008000b2c8      0x164 /opt/devkitpro/libogc/lib/wii/libwiiuse.a(wiiuse.o)
                0x000000008000b2c8                wiiuse_write_data
 .text.wiiuse_sendcmd
                0x000000008000b42c      0x170 /opt/devkitpro/libogc/lib/wii/libwiiuse.a(wiiuse.o)
                0x000000008000b42c                wiiuse_sendcmd
 .text.wiiuse_set_leds
                0x000000008000b59c       0x50 /opt/devkitpro/libogc/lib/wii/libwiiuse.a(wiiuse.o)
                0x000000008000b59c                wiiuse_set_leds
 .text.wiiuse_set_report_type
                0x000000008000b5ec       0xfc /opt/devkitpro/libogc/lib/wii/libwiiuse.a(wiiuse.o)
                0x000000008000b5ec                wiiuse_set_report_type
 .text.wiiuse_status
                0x000000008000b6e8       0x4c /opt/devkitpro/libogc/lib/wii/libwiiuse.a(wiiuse.o)
                0x000000008000b6e8                wiiuse_status
 .text.wiiuse_motion_sensing
                0x000000008000b734       0x84 /opt/devkitpro/libogc/lib/wii/libwiiuse.a(wiiuse.o)
                0x000000008000b734                wiiuse_motion_sensing
 .text.wiiuse_set_speaker
                0x000000008000b7b8      0x240 /opt/devkitpro/libogc/lib/wii/libwiiuse.a(speaker.o)
                0x000000008000b7b8                wiiuse_set_speaker
 .text.classic_ctrl_handshake
                0x000000008000b9f8      0x3b8 /opt/devkitpro/libogc/lib/wii/libwiiuse.a(classic.o)
                0x000000008000b9f8                classic_ctrl_handshake
 .text.classic_ctrl_disconnected
                0x000000008000bdb0        0xc /opt/devkitpro/libogc/lib/wii/libwiiuse.a(classic.o)
                0x000000008000bdb0                classic_ctrl_disconnected
 .text.classic_ctrl_event
                0x000000008000bdbc      0x168 /opt/devkitpro/libogc/lib/wii/libwiiuse.a(classic.o)
                0x000000008000bdbc                classic_ctrl_event
 .text.handle_expansion
                0x000000008000bf24       0x54 /opt/devkitpro/libogc/lib/wii/libwiiuse.a(events.o)
 .text.parse_event
                0x000000008000bf78      0x748 /opt/devkitpro/libogc/lib/wii/libwiiuse.a(events.o)
                0x000000008000bf78                parse_event
 .text.guitar_hero_3_handshake
                0x000000008000c6c0       0x5c /opt/devkitpro/libogc/lib/wii/libwiiuse.a(guitar_hero_3.o)
                0x000000008000c6c0                guitar_hero_3_handshake
 .text.guitar_hero_3_disconnected
                0x000000008000c71c        0xc /opt/devkitpro/libogc/lib/wii/libwiiuse.a(guitar_hero_3.o)
                0x000000008000c71c                guitar_hero_3_disconnected
 .text.guitar_hero_3_event
                0x000000008000c728       0x6c /opt/devkitpro/libogc/lib/wii/libwiiuse.a(guitar_hero_3.o)
                0x000000008000c728                guitar_hero_3_event
 .text.acl_wlp_completed
                0x000000008000c794        0x8 /opt/devkitpro/libogc/lib/wii/libbte.a(bte.o)
                0x000000008000c794                acl_wlp_completed
 .text.bt_alarmhandler
                0x000000008000c79c       0x60 /opt/devkitpro/libogc/lib/wii/libbte.a(bte.o)
 .text.__bte_send_pending_request
                0x000000008000c7fc      0x108 /opt/devkitpro/libogc/lib/wii/libbte.a(bte.o)
 .text.acl_conn_complete
                0x000000008000c904       0x2c /opt/devkitpro/libogc/lib/wii/libbte.a(bte.o)
                0x000000008000c904                acl_conn_complete
 .text.l2cap_accepted
                0x000000008000c930      0x128 /opt/devkitpro/libogc/lib/wii/libbte.a(bte.o)
                0x000000008000c930                l2cap_accepted
 .text.bte_process_input
                0x000000008000ca58      0x148 /opt/devkitpro/libogc/lib/wii/libbte.a(bte.o)
 .text.l2cap_disconnect_cfm
                0x000000008000cba0      0x19c /opt/devkitpro/libogc/lib/wii/libbte.a(bte.o)
                0x000000008000cba0                l2cap_disconnect_cfm
 .text.l2cap_disconnected_ind
                0x000000008000cd3c      0x1a4 /opt/devkitpro/libogc/lib/wii/libbte.a(bte.o)
                0x000000008000cd3c                l2cap_disconnected_ind
 .text.__bte_shutdown_finished
                0x000000008000cee0       0xd0 /opt/devkitpro/libogc/lib/wii/libbte.a(bte.o)
 .text.bte_hci_apply_patch_complete
                0x000000008000cfb0      0x160 /opt/devkitpro/libogc/lib/wii/libbte.a(bte.o)
                0x000000008000cfb0                bte_hci_apply_patch_complete
 .text.bte_hci_patch_complete
                0x000000008000d110      0x380 /opt/devkitpro/libogc/lib/wii/libbte.a(bte.o)
                0x000000008000d110                bte_hci_patch_complete
 .text.bte_hci_initcore_complete
                0x000000008000d490      0x294 /opt/devkitpro/libogc/lib/wii/libbte.a(bte.o)
                0x000000008000d490                bte_hci_initcore_complete
 .text.bte_read_stored_link_key_complete
                0x000000008000d724      0x26c /opt/devkitpro/libogc/lib/wii/libbte.a(bte.o)
                0x000000008000d724                bte_read_stored_link_key_complete
 .text.bte_hci_initcore_complete2
                0x000000008000d990      0x24c /opt/devkitpro/libogc/lib/wii/libbte.a(bte.o)
 .text.bte_hci_initsub_complete
                0x000000008000dbdc      0x2c8 /opt/devkitpro/libogc/lib/wii/libbte.a(bte.o)
                0x000000008000dbdc                bte_hci_initsub_complete
 .text.BTE_Init
                0x000000008000dea4      0x138 /opt/devkitpro/libogc/lib/wii/libbte.a(bte.o)
                0x000000008000dea4                BTE_Init
 .text.BTE_Shutdown
                0x000000008000dfdc      0x100 /opt/devkitpro/libogc/lib/wii/libbte.a(bte.o)
                0x000000008000dfdc                BTE_Shutdown
 .text.BTE_InitCore
                0x000000008000e0dc       0x8c /opt/devkitpro/libogc/lib/wii/libbte.a(bte.o)
                0x000000008000e0dc                BTE_InitCore
 .text.BTE_ApplyPatch
                0x000000008000e168       0xa4 /opt/devkitpro/libogc/lib/wii/libbte.a(bte.o)
                0x000000008000e168                BTE_ApplyPatch
 .text.BTE_InitSub
                0x000000008000e20c       0x90 /opt/devkitpro/libogc/lib/wii/libbte.a(bte.o)
                0x000000008000e20c                BTE_InitSub
 .text.BTE_ReadStoredLinkKey
                0x000000008000e29c       0x90 /opt/devkitpro/libogc/lib/wii/libbte.a(bte.o)
                0x000000008000e29c                BTE_ReadStoredLinkKey
 .text.BTE_SetDisconnectCallback
                0x000000008000e32c        0x4 /opt/devkitpro/libogc/lib/wii/libbte.a(bte.o)
                0x000000008000e32c                BTE_SetDisconnectCallback
 .text.bte_new  0x000000008000e330       0x54 /opt/devkitpro/libogc/lib/wii/libbte.a(bte.o)
                0x000000008000e330                bte_new
 .text.bte_registerdeviceasync
                0x000000008000e384      0x158 /opt/devkitpro/libogc/lib/wii/libbte.a(bte.o)
                0x000000008000e384                bte_registerdeviceasync
 .text.bte_disconnect
                0x000000008000e4dc       0xd8 /opt/devkitpro/libogc/lib/wii/libbte.a(bte.o)
                0x000000008000e4dc                bte_disconnect
 .text.bte_senddata
                0x000000008000e5b4      0x100 /opt/devkitpro/libogc/lib/wii/libbte.a(bte.o)
                0x000000008000e5b4                bte_senddata
 .text.bte_arg  0x000000008000e6b4       0x38 /opt/devkitpro/libogc/lib/wii/libbte.a(bte.o)
                0x000000008000e6b4                bte_arg
 .text.bte_received
                0x000000008000e6ec       0x38 /opt/devkitpro/libogc/lib/wii/libbte.a(bte.o)
                0x000000008000e6ec                bte_received
 .text.bte_disconnected
                0x000000008000e724       0x38 /opt/devkitpro/libogc/lib/wii/libbte.a(bte.o)
                0x000000008000e724                bte_disconnected
 .text.hci_get_link
                0x000000008000e75c       0x84 /opt/devkitpro/libogc/lib/wii/libbte.a(hci.o)
 .text.hci_init
                0x000000008000e7e0       0x7c /opt/devkitpro/libogc/lib/wii/libbte.a(hci.o)
                0x000000008000e7e0                hci_init
 .text.hci_close
                0x000000008000e85c       0xd0 /opt/devkitpro/libogc/lib/wii/libbte.a(hci.o)
                0x000000008000e85c                hci_close
 .text.hci_reset_all
                0x000000008000e92c       0xb8 /opt/devkitpro/libogc/lib/wii/libbte.a(hci.o)
                0x000000008000e92c                hci_reset_all
 .text.hci_arg  0x000000008000e9e4        0xc /opt/devkitpro/libogc/lib/wii/libbte.a(hci.o)
                0x000000008000e9e4                hci_arg
 .text.hci_cmd_complete
                0x000000008000e9f0        0xc /opt/devkitpro/libogc/lib/wii/libbte.a(hci.o)
                0x000000008000e9f0                hci_cmd_complete
 .text.hci_connection_complete
                0x000000008000e9fc        0xc /opt/devkitpro/libogc/lib/wii/libbte.a(hci.o)
                0x000000008000e9fc                hci_connection_complete
 .text.hci_wlp_complete
                0x000000008000ea08        0xc /opt/devkitpro/libogc/lib/wii/libbte.a(hci.o)
                0x000000008000ea08                hci_wlp_complete
 .text.hci_reset
                0x000000008000ea14       0xa8 /opt/devkitpro/libogc/lib/wii/libbte.a(hci.o)
                0x000000008000ea14                hci_reset
 .text.hci_read_buffer_size
                0x000000008000eabc       0xa8 /opt/devkitpro/libogc/lib/wii/libbte.a(hci.o)
                0x000000008000eabc                hci_read_buffer_size
 .text.hci_read_bd_addr
                0x000000008000eb64       0xa8 /opt/devkitpro/libogc/lib/wii/libbte.a(hci.o)
                0x000000008000eb64                hci_read_bd_addr
 .text.hci_read_local_version
                0x000000008000ec0c       0xa4 /opt/devkitpro/libogc/lib/wii/libbte.a(hci.o)
                0x000000008000ec0c                hci_read_local_version
 .text.hci_read_local_features
                0x000000008000ecb0       0xa8 /opt/devkitpro/libogc/lib/wii/libbte.a(hci.o)
                0x000000008000ecb0                hci_read_local_features
 .text.hci_read_stored_link_key
                0x000000008000ed58       0xfc /opt/devkitpro/libogc/lib/wii/libbte.a(hci.o)
                0x000000008000ed58                hci_read_stored_link_key
 .text.hci_write_page_timeout
                0x000000008000ee54       0xcc /opt/devkitpro/libogc/lib/wii/libbte.a(hci.o)
                0x000000008000ee54                hci_write_page_timeout
 .text.hci_write_scan_enable
                0x000000008000ef20       0xb8 /opt/devkitpro/libogc/lib/wii/libbte.a(hci.o)
                0x000000008000ef20                hci_write_scan_enable
 .text.hci_accecpt_conn_request
                0x000000008000efd8       0xdc /opt/devkitpro/libogc/lib/wii/libbte.a(hci.o)
                0x000000008000efd8                hci_accecpt_conn_request
 .text.hci_write_local_name
                0x000000008000f0b4       0xd4 /opt/devkitpro/libogc/lib/wii/libbte.a(hci.o)
                0x000000008000f0b4                hci_write_local_name
 .text.hci_write_pin_type
                0x000000008000f188       0xb8 /opt/devkitpro/libogc/lib/wii/libbte.a(hci.o)
                0x000000008000f188                hci_write_pin_type
 .text.hci_write_inquiry_mode
                0x000000008000f240       0xb8 /opt/devkitpro/libogc/lib/wii/libbte.a(hci.o)
                0x000000008000f240                hci_write_inquiry_mode
 .text.hci_write_page_scan_type
                0x000000008000f2f8       0xb8 /opt/devkitpro/libogc/lib/wii/libbte.a(hci.o)
                0x000000008000f2f8                hci_write_page_scan_type
 .text.hci_write_inquiry_scan_type
                0x000000008000f3b0       0xb8 /opt/devkitpro/libogc/lib/wii/libbte.a(hci.o)
                0x000000008000f3b0                hci_write_inquiry_scan_type
 .text.hci_vendor_specific_command
                0x000000008000f468       0xe4 /opt/devkitpro/libogc/lib/wii/libbte.a(hci.o)
                0x000000008000f468                hci_vendor_specific_command
 .text.hci_write_link_policy_settings
                0x000000008000f54c      0x100 /opt/devkitpro/libogc/lib/wii/libbte.a(hci.o)
                0x000000008000f54c                hci_write_link_policy_settings
 .text.hci_pin_code_request_neg_reply
                0x000000008000f64c       0xc8 /opt/devkitpro/libogc/lib/wii/libbte.a(hci.o)
                0x000000008000f64c                hci_pin_code_request_neg_reply
 .text.hci_link_key_req_neg_reply
                0x000000008000f714       0xc8 /opt/devkitpro/libogc/lib/wii/libbte.a(hci.o)
                0x000000008000f714                hci_link_key_req_neg_reply
 .text.hci_disconnect
                0x000000008000f7dc       0xf8 /opt/devkitpro/libogc/lib/wii/libbte.a(hci.o)
                0x000000008000f7dc                hci_disconnect
 .text.hci_write_cod
                0x000000008000f8d4       0xc8 /opt/devkitpro/libogc/lib/wii/libbte.a(hci.o)
                0x000000008000f8d4                hci_write_cod
 .text.hci_host_buffer_size
                0x000000008000f99c      0x108 /opt/devkitpro/libogc/lib/wii/libbte.a(hci.o)
                0x000000008000f99c                hci_host_buffer_size
 .text.hci_host_num_comp_packets
                0x000000008000faa4      0x104 /opt/devkitpro/libogc/lib/wii/libbte.a(hci.o)
                0x000000008000faa4                hci_host_num_comp_packets
 .text.lp_pdu_maxsize
                0x000000008000fba8        0xc /opt/devkitpro/libogc/lib/wii/libbte.a(hci.o)
                0x000000008000fba8                lp_pdu_maxsize
 .text.lp_acl_write
                0x000000008000fbb4      0x154 /opt/devkitpro/libogc/lib/wii/libbte.a(hci.o)
                0x000000008000fbb4                lp_acl_write
 .text.lp_write_flush_timeout
                0x000000008000fd08      0x100 /opt/devkitpro/libogc/lib/wii/libbte.a(hci.o)
                0x000000008000fd08                lp_write_flush_timeout
 .text.hci_event_handler
                0x000000008000fe08      0xc70 /opt/devkitpro/libogc/lib/wii/libbte.a(hci.o)
                0x000000008000fe08                hci_event_handler
 .text.hci_acldata_handler
                0x0000000080010a78      0x118 /opt/devkitpro/libogc/lib/wii/libbte.a(hci.o)
                0x0000000080010a78                hci_acldata_handler
 .text.l2cap_init
                0x0000000080010b90       0x60 /opt/devkitpro/libogc/lib/wii/libbte.a(l2cap.o)
                0x0000000080010b90                l2cap_init
 .text.l2cap_write
                0x0000000080010bf0      0x1a8 /opt/devkitpro/libogc/lib/wii/libbte.a(l2cap.o)
                0x0000000080010bf0                l2cap_write
 .text.l2cap_new
                0x0000000080010d98       0x60 /opt/devkitpro/libogc/lib/wii/libbte.a(l2cap.o)
                0x0000000080010d98                l2cap_new
 .text.l2cap_close
                0x0000000080010df8      0x1d4 /opt/devkitpro/libogc/lib/wii/libbte.a(l2cap.o)
                0x0000000080010df8                l2cap_close
 .text.l2cap_reset_all
                0x0000000080010fcc      0x154 /opt/devkitpro/libogc/lib/wii/libbte.a(l2cap.o)
                0x0000000080010fcc                l2cap_reset_all
 .text.l2cap_signal
                0x0000000080011120      0x214 /opt/devkitpro/libogc/lib/wii/libbte.a(l2cap.o)
                0x0000000080011120                l2cap_signal
 .text.l2ca_config_req
                0x0000000080011334      0x168 /opt/devkitpro/libogc/lib/wii/libbte.a(l2cap.o)
                0x0000000080011334                l2ca_config_req
 .text.l2ca_disconnect_req
                0x000000008001149c       0xc4 /opt/devkitpro/libogc/lib/wii/libbte.a(l2cap.o)
                0x000000008001149c                l2ca_disconnect_req
 .text.l2cap_tmr
                0x0000000080011560      0x280 /opt/devkitpro/libogc/lib/wii/libbte.a(l2cap.o)
                0x0000000080011560                l2cap_tmr
 .text.l2cap_process_sig
                0x00000000800117e0     0x127c /opt/devkitpro/libogc/lib/wii/libbte.a(l2cap.o)
                0x00000000800117e0                l2cap_process_sig
 .text.l2cap_input
                0x0000000080012a5c      0x578 /opt/devkitpro/libogc/lib/wii/libbte.a(l2cap.o)
                0x0000000080012a5c                l2cap_input
 .text.l2ca_datawrite
                0x0000000080012fd4      0x118 /opt/devkitpro/libogc/lib/wii/libbte.a(l2cap.o)
                0x0000000080012fd4                l2ca_datawrite
 .text.lp_connect_cfm
                0x00000000800130ec      0x184 /opt/devkitpro/libogc/lib/wii/libbte.a(l2cap.o)
                0x00000000800130ec                lp_connect_cfm
 .text.lp_connect_ind
                0x0000000080013270        0x4 /opt/devkitpro/libogc/lib/wii/libbte.a(l2cap.o)
                0x0000000080013270                lp_connect_ind
 .text.lp_disconnect_ind
                0x0000000080013274      0x12c /opt/devkitpro/libogc/lib/wii/libbte.a(l2cap.o)
                0x0000000080013274                lp_disconnect_ind
 .text.l2cap_disconnect_bb
                0x00000000800133a0       0x10 /opt/devkitpro/libogc/lib/wii/libbte.a(l2cap.o)
                0x00000000800133a0                l2cap_disconnect_bb
 .text.l2cap_arg
                0x00000000800133b0        0x8 /opt/devkitpro/libogc/lib/wii/libbte.a(l2cap.o)
                0x00000000800133b0                l2cap_arg
 .text.l2cap_connect_ind
                0x00000000800133b8      0x100 /opt/devkitpro/libogc/lib/wii/libbte.a(l2cap.o)
                0x00000000800133b8                l2cap_connect_ind
 .text.l2cap_disconnect_ind
                0x00000000800134b8        0x8 /opt/devkitpro/libogc/lib/wii/libbte.a(l2cap.o)
                0x00000000800134b8                l2cap_disconnect_ind
 .text.l2cap_recv
                0x00000000800134c0        0x8 /opt/devkitpro/libogc/lib/wii/libbte.a(l2cap.o)
                0x00000000800134c0                l2cap_recv
 .text.btmemb_init
                0x00000000800134c8       0x24 /opt/devkitpro/libogc/lib/wii/libbte.a(btmemb.o)
                0x00000000800134c8                btmemb_init
 .text.btmemb_alloc
                0x00000000800134ec       0x98 /opt/devkitpro/libogc/lib/wii/libbte.a(btmemb.o)
                0x00000000800134ec                btmemb_alloc
 .text.btmemb_free
                0x0000000080013584      0x110 /opt/devkitpro/libogc/lib/wii/libbte.a(btmemb.o)
                0x0000000080013584                btmemb_free
 .text.plug_holes
                0x0000000080013694       0xb8 /opt/devkitpro/libogc/lib/wii/libbte.a(btmemr.o)
 .text.btmemr_init
                0x000000008001374c       0xa4 /opt/devkitpro/libogc/lib/wii/libbte.a(btmemr.o)
                0x000000008001374c                btmemr_init
 .text.btmemr_malloc
                0x00000000800137f0      0x18c /opt/devkitpro/libogc/lib/wii/libbte.a(btmemr.o)
                0x00000000800137f0                btmemr_malloc
 .text.btmemr_free
                0x000000008001397c       0x98 /opt/devkitpro/libogc/lib/wii/libbte.a(btmemr.o)
                0x000000008001397c                btmemr_free
 .text.btmemr_realloc
                0x0000000080013a14      0x10c /opt/devkitpro/libogc/lib/wii/libbte.a(btmemr.o)
                0x0000000080013a14                btmemr_realloc
 .text.btpbuf_init
                0x0000000080013b20       0x28 /opt/devkitpro/libogc/lib/wii/libbte.a(btpbuf.o)
                0x0000000080013b20                btpbuf_init
 .text.btpbuf_free
                0x0000000080013b48      0x124 /opt/devkitpro/libogc/lib/wii/libbte.a(btpbuf.o)
                0x0000000080013b48                btpbuf_free
 .text.btpbuf_alloc
                0x0000000080013c6c      0x238 /opt/devkitpro/libogc/lib/wii/libbte.a(btpbuf.o)
                0x0000000080013c6c                btpbuf_alloc
 .text.btpbuf_realloc
                0x0000000080013ea4       0xec /opt/devkitpro/libogc/lib/wii/libbte.a(btpbuf.o)
                0x0000000080013ea4                btpbuf_realloc
 .text.btpbuf_header
                0x0000000080013f90       0x8c /opt/devkitpro/libogc/lib/wii/libbte.a(btpbuf.o)
                0x0000000080013f90                btpbuf_header
 .text.btpbuf_ref
                0x000000008001401c       0x48 /opt/devkitpro/libogc/lib/wii/libbte.a(btpbuf.o)
                0x000000008001401c                btpbuf_ref
 .text.btpbuf_chain
                0x0000000080014064       0x9c /opt/devkitpro/libogc/lib/wii/libbte.a(btpbuf.o)
                0x0000000080014064                btpbuf_chain
 .text.btpbuf_dechain
                0x0000000080014100       0x7c /opt/devkitpro/libogc/lib/wii/libbte.a(btpbuf.o)
                0x0000000080014100                btpbuf_dechain
 .text.btpbuf_take
                0x000000008001417c      0x13c /opt/devkitpro/libogc/lib/wii/libbte.a(btpbuf.o)
                0x000000008001417c                btpbuf_take
 .text.__usb_closeCB
                0x00000000800142b8       0x10 /opt/devkitpro/libogc/lib/wii/libbte.a(physbusif.o)
 .text.__writebulkmsgCB
                0x00000000800142c8       0x3c /opt/devkitpro/libogc/lib/wii/libbte.a(physbusif.o)
 .text.__writectrlmsgCB
                0x0000000080014304       0x3c /opt/devkitpro/libogc/lib/wii/libbte.a(physbusif.o)
 .text.__issue_intrread.part.0
                0x0000000080014340       0x80 /opt/devkitpro/libogc/lib/wii/libbte.a(physbusif.o)
 .text.__readintrdataCB
                0x00000000800143c0      0x150 /opt/devkitpro/libogc/lib/wii/libbte.a(physbusif.o)
 .text.__issue_bulkread.part.0
                0x0000000080014510       0x80 /opt/devkitpro/libogc/lib/wii/libbte.a(physbusif.o)
 .text.__readbulkdataCB
                0x0000000080014590      0x150 /opt/devkitpro/libogc/lib/wii/libbte.a(physbusif.o)
 .text.physbusif_init
                0x00000000800146e0      0x1dc /opt/devkitpro/libogc/lib/wii/libbte.a(physbusif.o)
                0x00000000800146e0                physbusif_init
 .text.physbusif_close
                0x00000000800148bc       0x20 /opt/devkitpro/libogc/lib/wii/libbte.a(physbusif.o)
                0x00000000800148bc                physbusif_close
 .text.physbusif_shutdown
                0x00000000800148dc       0x24 /opt/devkitpro/libogc/lib/wii/libbte.a(physbusif.o)
                0x00000000800148dc                physbusif_shutdown
 .text.physbusif_reset_all
                0x0000000080014900        0x4 /opt/devkitpro/libogc/lib/wii/libbte.a(physbusif.o)
                0x0000000080014900                physbusif_reset_all
 .text.physbusif_output
                0x0000000080014904      0x1e0 /opt/devkitpro/libogc/lib/wii/libbte.a(physbusif.o)
                0x0000000080014904                physbusif_output
 .text.__console_clear_line
                0x0000000080014ae4       0x98 /opt/devkitpro/libogc/lib/wii/libogc.a(console.o)
 .text.__console_clear
                0x0000000080014b7c       0xbc /opt/devkitpro/libogc/lib/wii/libogc.a(console.o)
 .text.__console_write
                0x0000000080014c38      0x7e0 /opt/devkitpro/libogc/lib/wii/libogc.a(console.o)
                0x0000000080014c38                __console_write
 .text.__console_init
                0x0000000080015418      0x108 /opt/devkitpro/libogc/lib/wii/libogc.a(console.o)
                0x0000000080015418                __console_init
 .text.CON_Init
                0x0000000080015520        0x4 /opt/devkitpro/libogc/lib/wii/libogc.a(console.o)
                0x0000000080015520                CON_Init
 .text.CON_EnableGecko
                0x0000000080015524      0x100 /opt/devkitpro/libogc/lib/wii/libogc.a(console.o)
                0x0000000080015524                CON_EnableGecko
 .text.__lwp_queue_initialize
                0x0000000080015624       0x98 /opt/devkitpro/libogc/lib/wii/libogc.a(lwp_queue.o)
                0x0000000080015624                __lwp_queue_initialize
 .text.__lwp_queue_get
                0x00000000800156bc       0x74 /opt/devkitpro/libogc/lib/wii/libogc.a(lwp_queue.o)
                0x00000000800156bc                __lwp_queue_get
 .text.__lwp_queue_append
                0x0000000080015730       0x4c /opt/devkitpro/libogc/lib/wii/libogc.a(lwp_queue.o)
                0x0000000080015730                __lwp_queue_append
 .text.__lwp_isr_in_progress
                0x000000008001577c        0x8 /opt/devkitpro/libogc/lib/wii/libogc.a(lwp_threads.o)
                0x000000008001577c                __lwp_isr_in_progress
 .text.__thread_dispatch_fp
                0x0000000080015784       0x88 /opt/devkitpro/libogc/lib/wii/libogc.a(lwp_threads.o)
                0x0000000080015784                __thread_dispatch_fp
 .text.__thread_dispatch
                0x000000008001580c      0x110 /opt/devkitpro/libogc/lib/wii/libogc.a(lwp_threads.o)
                0x000000008001580c                __thread_dispatch
 .text.__lwp_thread_resettimeslice
                0x000000008001591c       0xb4 /opt/devkitpro/libogc/lib/wii/libogc.a(lwp_threads.o)
                0x000000008001591c                __lwp_thread_resettimeslice
 .text.__lwp_thread_tickle_timeslice
                0x00000000800159d0       0xc8 /opt/devkitpro/libogc/lib/wii/libogc.a(lwp_threads.o)
                0x00000000800159d0                __lwp_thread_tickle_timeslice
 .text.__lwp_thread_setstate
                0x0000000080015a98      0x16c /opt/devkitpro/libogc/lib/wii/libogc.a(lwp_threads.o)
                0x0000000080015a98                __lwp_thread_setstate
 .text.__lwp_thread_clearstate
                0x0000000080015c04       0xe4 /opt/devkitpro/libogc/lib/wii/libogc.a(lwp_threads.o)
                0x0000000080015c04                __lwp_thread_clearstate
 .text.__lwp_thread_delayended
                0x0000000080015ce8       0x48 /opt/devkitpro/libogc/lib/wii/libogc.a(lwp_threads.o)
                0x0000000080015ce8                __lwp_thread_delayended
 .text.__lwp_thread_settransient
                0x0000000080015d30       0xb4 /opt/devkitpro/libogc/lib/wii/libogc.a(lwp_threads.o)
                0x0000000080015d30                __lwp_thread_settransient
 .text.__lwp_thread_changepriority
                0x0000000080015de4      0x1f8 /opt/devkitpro/libogc/lib/wii/libogc.a(lwp_threads.o)
                0x0000000080015de4                __lwp_thread_changepriority
 .text.__lwp_thread_ready
                0x0000000080015fdc       0xf0 /opt/devkitpro/libogc/lib/wii/libogc.a(lwp_threads.o)
                0x0000000080015fdc                __lwp_thread_ready
 .text.__lwp_thread_init
                0x00000000800160cc      0x168 /opt/devkitpro/libogc/lib/wii/libogc.a(lwp_threads.o)
                0x00000000800160cc                __lwp_thread_init
 .text.__lwp_thread_close
                0x0000000080016234      0x138 /opt/devkitpro/libogc/lib/wii/libogc.a(lwp_threads.o)
                0x0000000080016234                __lwp_thread_close
 .text.__lwp_thread_handler
                0x000000008001636c       0xd8 /opt/devkitpro/libogc/lib/wii/libogc.a(lwp_threads.o)
 .text.__lwp_thread_closeall
                0x0000000080016444       0xb4 /opt/devkitpro/libogc/lib/wii/libogc.a(lwp_threads.o)
                0x0000000080016444                __lwp_thread_closeall
 .text.__lwp_thread_start
                0x00000000800164f8       0xe8 /opt/devkitpro/libogc/lib/wii/libogc.a(lwp_threads.o)
                0x00000000800164f8                __lwp_thread_start
 .text.__lwp_thread_startmultitasking
                0x00000000800165e0       0xac /opt/devkitpro/libogc/lib/wii/libogc.a(lwp_threads.o)
                0x00000000800165e0                __lwp_thread_startmultitasking
 .text.__lwp_thread_stopmultitasking
                0x000000008001668c       0x58 /opt/devkitpro/libogc/lib/wii/libogc.a(lwp_threads.o)
                0x000000008001668c                __lwp_thread_stopmultitasking
 .text.__lwp_thread_coreinit
                0x00000000800166e4       0xc8 /opt/devkitpro/libogc/lib/wii/libogc.a(lwp_threads.o)
                0x00000000800166e4                __lwp_thread_coreinit
 .text.idle_func
                0x00000000800167ac        0x4 /opt/devkitpro/libogc/lib/wii/libogc.a(lwp.o)
 .text.__lwp_sysinit
                0x00000000800167b0      0x114 /opt/devkitpro/libogc/lib/wii/libogc.a(lwp.o)
                0x00000000800167b0                __lwp_sysinit
 .text.LWP_InitQueue
                0x00000000800168c4      0x148 /opt/devkitpro/libogc/lib/wii/libogc.a(lwp.o)
                0x00000000800168c4                LWP_InitQueue
 .text.LWP_CloseQueue
                0x0000000080016a0c       0xd4 /opt/devkitpro/libogc/lib/wii/libogc.a(lwp.o)
                0x0000000080016a0c                LWP_CloseQueue
 .text.LWP_ThreadSleep
                0x0000000080016ae0      0x110 /opt/devkitpro/libogc/lib/wii/libogc.a(lwp.o)
                0x0000000080016ae0                LWP_ThreadSleep
 .text.LWP_ThreadBroadcast
                0x0000000080016bf0       0x88 /opt/devkitpro/libogc/lib/wii/libogc.a(lwp.o)
                0x0000000080016bf0                LWP_ThreadBroadcast
 .text.LWP_ThreadSignal
                0x0000000080016c78       0x74 /opt/devkitpro/libogc/lib/wii/libogc.a(lwp.o)
                0x0000000080016c78                LWP_ThreadSignal
 .text.__lwp_stack_allocate
                0x0000000080016cec       0x60 /opt/devkitpro/libogc/lib/wii/libogc.a(lwp_stack.o)
                0x0000000080016cec                __lwp_stack_allocate
 .text.__lwp_stack_free
                0x0000000080016d4c       0x1c /opt/devkitpro/libogc/lib/wii/libogc.a(lwp_stack.o)
                0x0000000080016d4c                __lwp_stack_free
 .text.__lwp_wd_settimer
                0x0000000080016d68       0xe0 /opt/devkitpro/libogc/lib/wii/libogc.a(lwp_watchdog.o)
 .text.__lwp_watchdog_init
                0x0000000080016e48       0x2c /opt/devkitpro/libogc/lib/wii/libogc.a(lwp_watchdog.o)
                0x0000000080016e48                __lwp_watchdog_init
 .text.__lwp_wd_insert
                0x0000000080016e74      0x194 /opt/devkitpro/libogc/lib/wii/libogc.a(lwp_watchdog.o)
                0x0000000080016e74                __lwp_wd_insert
 .text.__lwp_wd_remove
                0x0000000080017008      0x138 /opt/devkitpro/libogc/lib/wii/libogc.a(lwp_watchdog.o)
                0x0000000080017008                __lwp_wd_remove
 .text.__lwp_wd_tickle
                0x0000000080017140      0x120 /opt/devkitpro/libogc/lib/wii/libogc.a(lwp_watchdog.o)
                0x0000000080017140                __lwp_wd_tickle
 .text.__lwp_wkspace_init
                0x0000000080017260       0xc0 /opt/devkitpro/libogc/lib/wii/libogc.a(lwp_wkspace.o)
                0x0000000080017260                __lwp_wkspace_init
 .text.__lwp_objmgr_initinfo
                0x0000000080017320      0x1a0 /opt/devkitpro/libogc/lib/wii/libogc.a(lwp_objmgr.o)
                0x0000000080017320                __lwp_objmgr_initinfo
 .text.__lwp_objmgr_getisrdisable
                0x00000000800174c0       0x60 /opt/devkitpro/libogc/lib/wii/libogc.a(lwp_objmgr.o)
                0x00000000800174c0                __lwp_objmgr_getisrdisable
 .text.__lwp_objmgr_getnoprotection
                0x0000000080017520       0x24 /opt/devkitpro/libogc/lib/wii/libogc.a(lwp_objmgr.o)
                0x0000000080017520                __lwp_objmgr_getnoprotection
 .text.__lwp_objmgr_get
                0x0000000080017544       0x70 /opt/devkitpro/libogc/lib/wii/libogc.a(lwp_objmgr.o)
                0x0000000080017544                __lwp_objmgr_get
 .text.__lwp_objmgr_allocate
                0x00000000800175b4       0x88 /opt/devkitpro/libogc/lib/wii/libogc.a(lwp_objmgr.o)
                0x00000000800175b4                __lwp_objmgr_allocate
 .text.__lwp_objmgr_free
                0x000000008001763c       0x60 /opt/devkitpro/libogc/lib/wii/libogc.a(lwp_objmgr.o)
                0x000000008001763c                __lwp_objmgr_free
 .text.__lwp_heap_init
                0x000000008001769c       0xa4 /opt/devkitpro/libogc/lib/wii/libogc.a(lwp_heap.o)
                0x000000008001769c                __lwp_heap_init
 .text.__lwp_heap_allocate
                0x0000000080017740      0x16c /opt/devkitpro/libogc/lib/wii/libogc.a(lwp_heap.o)
                0x0000000080017740                __lwp_heap_allocate
 .text.__lwp_heap_free
                0x00000000800178ac      0x188 /opt/devkitpro/libogc/lib/wii/libogc.a(lwp_heap.o)
                0x00000000800178ac                __lwp_heap_free
 .text.__SetInterrupts
                0x0000000080017a34      0x27c /opt/devkitpro/libogc/lib/wii/libogc.a(irq.o)
 .text.c_irqdispatcher
                0x0000000080017cb0      0x28c /opt/devkitpro/libogc/lib/wii/libogc.a(irq.o)
                0x0000000080017cb0                c_irqdispatcher
 .text.__UnmaskIrq
                0x0000000080017f3c       0x84 /opt/devkitpro/libogc/lib/wii/libogc.a(irq.o)
                0x0000000080017f3c                __UnmaskIrq
 .text.__MaskIrq
                0x0000000080017fc0       0x84 /opt/devkitpro/libogc/lib/wii/libogc.a(irq.o)
                0x0000000080017fc0                __MaskIrq
 .text.__irq_init
                0x0000000080018044       0x9c /opt/devkitpro/libogc/lib/wii/libogc.a(irq.o)
                0x0000000080018044                __irq_init
 .text.IRQ_Request
                0x00000000800180e0       0x50 /opt/devkitpro/libogc/lib/wii/libogc.a(irq.o)
                0x00000000800180e0                IRQ_Request
 .text.IRQ_GetHandler
                0x0000000080018130       0x44 /opt/devkitpro/libogc/lib/wii/libogc.a(irq.o)
                0x0000000080018130                IRQ_GetHandler
 .text.IRQ_Disable
                0x0000000080018174       0x1c /opt/devkitpro/libogc/lib/wii/libogc.a(irq.o)
                0x0000000080018174                IRQ_Disable
 .text.IRQ_Restore
                0x0000000080018190       0x1c /opt/devkitpro/libogc/lib/wii/libogc.a(irq.o)
                0x0000000080018190                IRQ_Restore
 .text.__VISendI2CData.constprop.0.isra.0
                0x00000000800181ac      0x450 /opt/devkitpro/libogc/lib/wii/libogc.a(video.o)
 .text.__setFbbRegs.constprop.0
                0x00000000800185fc      0x188 /opt/devkitpro/libogc/lib/wii/libogc.a(video.o)
 .text.__VISetYUVSEL
                0x0000000080018784       0xc0 /opt/devkitpro/libogc/lib/wii/libogc.a(video.o)
 .text.VIDEO_Configure
                0x0000000080018844      0x5e0 /opt/devkitpro/libogc/lib/wii/libogc.a(video.o)
                0x0000000080018844                VIDEO_Configure
 .text.VIDEO_WaitVSync
                0x0000000080018e24       0x74 /opt/devkitpro/libogc/lib/wii/libogc.a(video.o)
                0x0000000080018e24                VIDEO_WaitVSync
 .text.VIDEO_SetFramebuffer
                0x0000000080018e98      0x108 /opt/devkitpro/libogc/lib/wii/libogc.a(video.o)
                0x0000000080018e98                VIDEO_SetFramebuffer
 .text.VIDEO_SetNextFramebuffer
                0x0000000080018fa0       0x70 /opt/devkitpro/libogc/lib/wii/libogc.a(video.o)
                0x0000000080018fa0                VIDEO_SetNextFramebuffer
 .text.VIDEO_Flush
                0x0000000080019010       0xf4 /opt/devkitpro/libogc/lib/wii/libogc.a(video.o)
                0x0000000080019010                VIDEO_Flush
 .text.VIDEO_SetBlack
                0x0000000080019104      0x144 /opt/devkitpro/libogc/lib/wii/libogc.a(video.o)
                0x0000000080019104                VIDEO_SetBlack
 .text.VIDEO_GetCurrentTvMode
                0x0000000080019248       0x7c /opt/devkitpro/libogc/lib/wii/libogc.a(video.o)
                0x0000000080019248                VIDEO_GetCurrentTvMode
 .text.__VIRetraceHandler
                0x00000000800192c4      0x294 /opt/devkitpro/libogc/lib/wii/libogc.a(video.o)
 .text.__VISetupEncoder
                0x0000000080019558      0x2cc /opt/devkitpro/libogc/lib/wii/libogc.a(video.o)
 .text.VIDEO_Init
                0x0000000080019824      0x4cc /opt/devkitpro/libogc/lib/wii/libogc.a(video.o)
                0x0000000080019824                VIDEO_Init
 .text.VIDEO_GetPreferredMode
                0x0000000080019cf0      0x100 /opt/devkitpro/libogc/lib/wii/libogc.a(video.o)
                0x0000000080019cf0                VIDEO_GetPreferredMode
 .text.VIDEO_GetCurrentLine
                0x0000000080019df0       0x9c /opt/devkitpro/libogc/lib/wii/libogc.a(video.o)
                0x0000000080019df0                VIDEO_GetCurrentLine
 .text.VIDEO_GetFrameBufferSize
                0x0000000080019e8c       0x30 /opt/devkitpro/libogc/lib/wii/libogc.a(video.o)
                0x0000000080019e8c                VIDEO_GetFrameBufferSize
 .text.__call_resetfuncs
                0x0000000080019ebc       0xbc /opt/devkitpro/libogc/lib/wii/libogc.a(system.o)
 .text.__MEMInterruptHandler
                0x0000000080019f78       0x14 /opt/devkitpro/libogc/lib/wii/libogc.a(system.o)
 .text.__RSWDefaultHandler
                0x0000000080019f8c        0x4 /opt/devkitpro/libogc/lib/wii/libogc.a(system.o)
 .text.__POWDefaultHandler
                0x0000000080019f90        0x4 /opt/devkitpro/libogc/lib/wii/libogc.a(system.o)
 .text.__STMEventHandler
                0x0000000080019f94      0x104 /opt/devkitpro/libogc/lib/wii/libogc.a(system.o)
 .text.__sys_alarmhandler
                0x000000008001a098       0xfc /opt/devkitpro/libogc/lib/wii/libogc.a(system.o)
 .text.__getrtc
                0x000000008001a194      0x150 /opt/devkitpro/libogc/lib/wii/libogc.a(system.o)
 .text.__sram_write
                0x000000008001a2e4      0x148 /opt/devkitpro/libogc/lib/wii/libogc.a(system.o)
 .text.__sram_writecallback
                0x000000008001a42c       0x54 /opt/devkitpro/libogc/lib/wii/libogc.a(system.o)
 .text.__mem_onreset
                0x000000008001a480       0x48 /opt/devkitpro/libogc/lib/wii/libogc.a(system.o)
 .text.__unlocksram
                0x000000008001a4c8      0x180 /opt/devkitpro/libogc/lib/wii/libogc.a(system.o)
 .text.__syscall_sbrk_r
                0x000000008001a648        0x4 /opt/devkitpro/libogc/lib/wii/libogc.a(system.o)
                0x000000008001a648                __syscall_sbrk_r
 .text.__syscall_lock_init
                0x000000008001a64c        0x4 /opt/devkitpro/libogc/lib/wii/libogc.a(system.o)
                0x000000008001a64c                __syscall_lock_init
 .text.__syscall_lock_close
                0x000000008001a650        0x4 /opt/devkitpro/libogc/lib/wii/libogc.a(system.o)
                0x000000008001a650                __syscall_lock_close
 .text.__syscall_lock_release
                0x000000008001a654        0x4 /opt/devkitpro/libogc/lib/wii/libogc.a(system.o)
                0x000000008001a654                __syscall_lock_release
 .text.__syscall_lock_acquire
                0x000000008001a658        0x4 /opt/devkitpro/libogc/lib/wii/libogc.a(system.o)
                0x000000008001a658                __syscall_lock_acquire
 .text.__syscall_malloc_lock
                0x000000008001a65c        0x4 /opt/devkitpro/libogc/lib/wii/libogc.a(system.o)
                0x000000008001a65c                __syscall_malloc_lock
 .text.__syscall_malloc_unlock
                0x000000008001a660        0x4 /opt/devkitpro/libogc/lib/wii/libogc.a(system.o)
                0x000000008001a660                __syscall_malloc_unlock
 .text.__syscall_nanosleep
                0x000000008001a664        0x4 /opt/devkitpro/libogc/lib/wii/libogc.a(system.o)
                0x000000008001a664                __syscall_nanosleep
 .text.__SYS_GetRTC
                0x000000008001a668       0xd4 /opt/devkitpro/libogc/lib/wii/libogc.a(system.o)
                0x000000008001a668                __SYS_GetRTC
 .text.__SYS_GetIPCBufferLo
                0x000000008001a73c        0x8 /opt/devkitpro/libogc/lib/wii/libogc.a(system.o)
                0x000000008001a73c                __SYS_GetIPCBufferLo
 .text.__SYS_GetIPCBufferHi
                0x000000008001a744        0x8 /opt/devkitpro/libogc/lib/wii/libogc.a(system.o)
                0x000000008001a744                __SYS_GetIPCBufferHi
 .text.__SYS_DoPowerCB
                0x000000008001a74c       0x74 /opt/devkitpro/libogc/lib/wii/libogc.a(system.o)
                0x000000008001a74c                __SYS_DoPowerCB
 .text.__SYS_PreInit
                0x000000008001a7c0        0x4 /opt/devkitpro/libogc/lib/wii/libogc.a(system.o)
                0x000000008001a7c0                __SYS_PreInit
 .text.SYS_PreMain
                0x000000008001a7c4       0xc8 /opt/devkitpro/libogc/lib/wii/libogc.a(system.o)
                0x000000008001a7c4                SYS_PreMain
 .text.SYS_ResetButtonDown
                0x000000008001a88c       0x18 /opt/devkitpro/libogc/lib/wii/libogc.a(system.o)
                0x000000008001a88c                SYS_ResetButtonDown
 .text.SYS_ResetSystem
                0x000000008001a8a4      0x210 /opt/devkitpro/libogc/lib/wii/libogc.a(system.o)
                0x000000008001a8a4                SYS_ResetSystem
 .text.__reload
                0x000000008001aab4       0x80 /opt/devkitpro/libogc/lib/wii/libogc.a(system.o)
                0x000000008001aab4                __reload
 .text.__syscall_exit
                0x000000008001ab34       0x88 /opt/devkitpro/libogc/lib/wii/libogc.a(system.o)
                0x000000008001ab34                __syscall_exit
 .text.SYS_RegisterResetFunc
                0x000000008001abbc       0x78 /opt/devkitpro/libogc/lib/wii/libogc.a(system.o)
                0x000000008001abbc                SYS_RegisterResetFunc
 .text.SYS_SetArena1Lo
                0x000000008001ac34       0x38 /opt/devkitpro/libogc/lib/wii/libogc.a(system.o)
                0x000000008001ac34                SYS_SetArena1Lo
 .text.SYS_GetArena1Lo
                0x000000008001ac6c       0x38 /opt/devkitpro/libogc/lib/wii/libogc.a(system.o)
                0x000000008001ac6c                SYS_GetArena1Lo
 .text.SYS_GetArena1Hi
                0x000000008001aca4       0x38 /opt/devkitpro/libogc/lib/wii/libogc.a(system.o)
                0x000000008001aca4                SYS_GetArena1Hi
 .text.SYS_SetArena2Lo
                0x000000008001acdc       0x38 /opt/devkitpro/libogc/lib/wii/libogc.a(system.o)
                0x000000008001acdc                SYS_SetArena2Lo
 .text.SYS_GetArena2Lo
                0x000000008001ad14       0x38 /opt/devkitpro/libogc/lib/wii/libogc.a(system.o)
                0x000000008001ad14                SYS_GetArena2Lo
 .text.SYS_SetArena2Hi
                0x000000008001ad4c       0x38 /opt/devkitpro/libogc/lib/wii/libogc.a(system.o)
                0x000000008001ad4c                SYS_SetArena2Hi
 .text.SYS_GetArena2Hi
                0x000000008001ad84       0x38 /opt/devkitpro/libogc/lib/wii/libogc.a(system.o)
                0x000000008001ad84                SYS_GetArena2Hi
 .text.SYS_AllocateFramebuffer
                0x000000008001adbc       0x28 /opt/devkitpro/libogc/lib/wii/libogc.a(system.o)
                0x000000008001adbc                SYS_AllocateFramebuffer
 .text.SYS_CreateAlarm
                0x000000008001ade4      0x10c /opt/devkitpro/libogc/lib/wii/libogc.a(system.o)
                0x000000008001ade4                SYS_CreateAlarm
 .text.SYS_SetAlarm
                0x000000008001aef0      0x1b0 /opt/devkitpro/libogc/lib/wii/libogc.a(system.o)
                0x000000008001aef0                SYS_SetAlarm
 .text.SYS_SetPeriodicAlarm
                0x000000008001b0a0      0x228 /opt/devkitpro/libogc/lib/wii/libogc.a(system.o)
                0x000000008001b0a0                SYS_SetPeriodicAlarm
 .text.SYS_RemoveAlarm
                0x000000008001b2c8      0x12c /opt/devkitpro/libogc/lib/wii/libogc.a(system.o)
                0x000000008001b2c8                SYS_RemoveAlarm
 .text.SYS_CancelAlarm
                0x000000008001b3f4       0xdc /opt/devkitpro/libogc/lib/wii/libogc.a(system.o)
                0x000000008001b3f4                SYS_CancelAlarm
 .text.SYS_GetWirelessID
                0x000000008001b4d0       0x90 /opt/devkitpro/libogc/lib/wii/libogc.a(system.o)
                0x000000008001b4d0                SYS_GetWirelessID
 .text.SYS_SetWirelessID
                0x000000008001b560       0x90 /opt/devkitpro/libogc/lib/wii/libogc.a(system.o)
                0x000000008001b560                SYS_SetWirelessID
 .text.SYS_SetGBSMode
                0x000000008001b5f0       0xa8 /opt/devkitpro/libogc/lib/wii/libogc.a(system.o)
                0x000000008001b5f0                SYS_SetGBSMode
 .text.__sram_init
                0x000000008001b698      0x1b4 /opt/devkitpro/libogc/lib/wii/libogc.a(system.o)
                0x000000008001b698                __sram_init
 .text.SYS_Init
                0x000000008001b84c      0x5f0 /opt/devkitpro/libogc/lib/wii/libogc.a(system.o)
                0x000000008001b84c                SYS_Init
 .text.SYS_GetHollywoodRevision
                0x000000008001be3c       0x3c /opt/devkitpro/libogc/lib/wii/libogc.a(system.o)
                0x000000008001be3c                SYS_GetHollywoodRevision
 .text.__lwp_cond_init
                0x000000008001be78       0x14 /opt/devkitpro/libogc/lib/wii/libogc.a(cond.o)
                0x000000008001be78                __lwp_cond_init
 .text.__decrementer_init
                0x000000008001be8c        0x4 /opt/devkitpro/libogc/lib/wii/libogc.a(decrementer.o)
                0x000000008001be8c                __decrementer_init
 .text.c_decrementer_handler
                0x000000008001be90        0xc /opt/devkitpro/libogc/lib/wii/libogc.a(decrementer.o)
                0x000000008001be90                c_decrementer_handler
 .text.__lwp_mqbox_init
                0x000000008001be9c       0x14 /opt/devkitpro/libogc/lib/wii/libogc.a(message.o)
                0x000000008001be9c                __lwp_mqbox_init
 .text.__si_transfer
                0x000000008001beb0      0x188 /opt/devkitpro/libogc/lib/wii/libogc.a(si.o)
 .text.__si_alarmhandler
                0x000000008001c038       0xe0 /opt/devkitpro/libogc/lib/wii/libogc.a(si.o)
 .text.__si_completetransfer
                0x000000008001c118      0x1f4 /opt/devkitpro/libogc/lib/wii/libogc.a(si.o)
 .text.__si_transfernext
                0x000000008001c30c       0xe8 /opt/devkitpro/libogc/lib/wii/libogc.a(si.o)
 .text.SI_Busy  0x000000008001c3f4       0x18 /opt/devkitpro/libogc/lib/wii/libogc.a(si.o)
                0x000000008001c3f4                SI_Busy
 .text.SI_IsChanBusy
                0x000000008001c40c       0x38 /opt/devkitpro/libogc/lib/wii/libogc.a(si.o)
                0x000000008001c40c                SI_IsChanBusy
 .text.SI_SetXY
                0x000000008001c444       0x64 /opt/devkitpro/libogc/lib/wii/libogc.a(si.o)
                0x000000008001c444                SI_SetXY
 .text.SI_EnablePolling
                0x000000008001c4a8       0x80 /opt/devkitpro/libogc/lib/wii/libogc.a(si.o)
                0x000000008001c4a8                SI_EnablePolling
 .text.SI_DisablePolling
                0x000000008001c528       0x58 /opt/devkitpro/libogc/lib/wii/libogc.a(si.o)
                0x000000008001c528                SI_DisablePolling
 .text.SI_SetSamplingRate
                0x000000008001c580       0xdc /opt/devkitpro/libogc/lib/wii/libogc.a(si.o)
                0x000000008001c580                SI_SetSamplingRate
 .text.SI_RefreshSamplingRate
                0x000000008001c65c        0x8 /opt/devkitpro/libogc/lib/wii/libogc.a(si.o)
                0x000000008001c65c                SI_RefreshSamplingRate
 .text.SI_GetStatus
                0x000000008001c664       0x78 /opt/devkitpro/libogc/lib/wii/libogc.a(si.o)
                0x000000008001c664                SI_GetStatus
 .text.SI_GetResponseRaw
                0x000000008001c6dc       0xe8 /opt/devkitpro/libogc/lib/wii/libogc.a(si.o)
                0x000000008001c6dc                SI_GetResponseRaw
 .text.SI_GetResponse
                0x000000008001c7c4       0xb8 /opt/devkitpro/libogc/lib/wii/libogc.a(si.o)
                0x000000008001c7c4                SI_GetResponse
 .text.SI_SetCommand
                0x000000008001c87c       0x10 /opt/devkitpro/libogc/lib/wii/libogc.a(si.o)
                0x000000008001c87c                SI_SetCommand
 .text.SI_Transfer
                0x000000008001c88c      0x250 /opt/devkitpro/libogc/lib/wii/libogc.a(si.o)
                0x000000008001c88c                SI_Transfer
 .text.__si_gettypecallback
                0x000000008001cadc      0x2c0 /opt/devkitpro/libogc/lib/wii/libogc.a(si.o)
 .text.__si_interrupthandler
                0x000000008001cd9c      0x26c /opt/devkitpro/libogc/lib/wii/libogc.a(si.o)
 .text.SI_GetType
                0x000000008001d008      0x1f4 /opt/devkitpro/libogc/lib/wii/libogc.a(si.o)
                0x000000008001d008                SI_GetType
 .text.SI_GetTypeAsync
                0x000000008001d1fc      0x138 /opt/devkitpro/libogc/lib/wii/libogc.a(si.o)
                0x000000008001d1fc                SI_GetTypeAsync
 .text.SI_EnablePollingInterrupt
                0x000000008001d334       0x80 /opt/devkitpro/libogc/lib/wii/libogc.a(si.o)
                0x000000008001d334                SI_EnablePollingInterrupt
 .text.SI_UnregisterPollingHandler
                0x000000008001d3b4       0xdc /opt/devkitpro/libogc/lib/wii/libogc.a(si.o)
                0x000000008001d3b4                SI_UnregisterPollingHandler
 .text.__si_init
                0x000000008001d490       0xe8 /opt/devkitpro/libogc/lib/wii/libogc.a(si.o)
                0x000000008001d490                __si_init
 .text.__ipc_sendrequest
                0x000000008001d578      0x104 /opt/devkitpro/libogc/lib/wii/libogc.a(ipc.o)
 .text.__ipc_syncrequest
                0x000000008001d67c       0xe4 /opt/devkitpro/libogc/lib/wii/libogc.a(ipc.o)
 .text.__ioctlvfmtCB
                0x000000008001d760      0x158 /opt/devkitpro/libogc/lib/wii/libogc.a(ipc.o)
 .text.__ios_ioctlvformat_parse
                0x000000008001d8b8      0x80c /opt/devkitpro/libogc/lib/wii/libogc.a(ipc.o)
 .text.__ipc_asyncrequest
                0x000000008001e0c4      0x144 /opt/devkitpro/libogc/lib/wii/libogc.a(ipc.o)
 .text.__ipc_interrupthandler
                0x000000008001e208      0x33c /opt/devkitpro/libogc/lib/wii/libogc.a(ipc.o)
 .text.iosCreateHeap
                0x000000008001e544      0x12c /opt/devkitpro/libogc/lib/wii/libogc.a(ipc.o)
                0x000000008001e544                iosCreateHeap
 .text.iosAlloc
                0x000000008001e670       0x30 /opt/devkitpro/libogc/lib/wii/libogc.a(ipc.o)
                0x000000008001e670                iosAlloc
 .text.iosFree  0x000000008001e6a0       0x28 /opt/devkitpro/libogc/lib/wii/libogc.a(ipc.o)
                0x000000008001e6a0                iosFree
 .text.__IPC_ClntInit
                0x000000008001e6c8       0xc8 /opt/devkitpro/libogc/lib/wii/libogc.a(ipc.o)
                0x000000008001e6c8                __IPC_ClntInit
 .text.IOS_Open
                0x000000008001e790      0x110 /opt/devkitpro/libogc/lib/wii/libogc.a(ipc.o)
                0x000000008001e790                IOS_Open
 .text.IOS_Close
                0x000000008001e8a0       0xf0 /opt/devkitpro/libogc/lib/wii/libogc.a(ipc.o)
                0x000000008001e8a0                IOS_Close
 .text.IOS_CloseAsync
                0x000000008001e990       0xb4 /opt/devkitpro/libogc/lib/wii/libogc.a(ipc.o)
                0x000000008001e990                IOS_CloseAsync
 .text.IOS_Read
                0x000000008001ea44      0x10c /opt/devkitpro/libogc/lib/wii/libogc.a(ipc.o)
                0x000000008001ea44                IOS_Read
 .text.IOS_Write
                0x000000008001eb50      0x10c /opt/devkitpro/libogc/lib/wii/libogc.a(ipc.o)
                0x000000008001eb50                IOS_Write
 .text.IOS_Ioctl
                0x000000008001ec5c      0x158 /opt/devkitpro/libogc/lib/wii/libogc.a(ipc.o)
                0x000000008001ec5c                IOS_Ioctl
 .text.IOS_IoctlAsync
                0x000000008001edb4      0x148 /opt/devkitpro/libogc/lib/wii/libogc.a(ipc.o)
                0x000000008001edb4                IOS_IoctlAsync
 .text.IOS_Ioctlv
                0x000000008001eefc      0x1f0 /opt/devkitpro/libogc/lib/wii/libogc.a(ipc.o)
                0x000000008001eefc                IOS_Ioctlv
 .text.IOS_IoctlvAsync
                0x000000008001f0ec      0x1d4 /opt/devkitpro/libogc/lib/wii/libogc.a(ipc.o)
                0x000000008001f0ec                IOS_IoctlvAsync
 .text.IOS_IoctlvFormat
                0x000000008001f2c0      0x16c /opt/devkitpro/libogc/lib/wii/libogc.a(ipc.o)
                0x000000008001f2c0                IOS_IoctlvFormat
 .text.IOS_IoctlvReboot
                0x000000008001f42c      0x1f4 /opt/devkitpro/libogc/lib/wii/libogc.a(ipc.o)
                0x000000008001f42c                IOS_IoctlvReboot
 .text.gettick  0x000000008001f620        0x8 /opt/devkitpro/libogc/lib/wii/libogc.a(timesupp.o)
                0x000000008001f620                gettick
 .text.gettime  0x000000008001f628       0x18 /opt/devkitpro/libogc/lib/wii/libogc.a(timesupp.o)
                0x000000008001f628                gettime
 .text.settime  0x000000008001f640       0x14 /opt/devkitpro/libogc/lib/wii/libogc.a(timesupp.o)
                0x000000008001f640                settime
 .text.diff_usec
                0x000000008001f654       0x88 /opt/devkitpro/libogc/lib/wii/libogc.a(timesupp.o)
                0x000000008001f654                diff_usec
 .text.__timesystem_init
                0x000000008001f6dc       0x1c /opt/devkitpro/libogc/lib/wii/libogc.a(timesupp.o)
                0x000000008001f6dc                __timesystem_init
 .text.udelay   0x000000008001f6f8       0xac /opt/devkitpro/libogc/lib/wii/libogc.a(timesupp.o)
                0x000000008001f6f8                udelay
 .text.__libogc_nanosleep
                0x000000008001f7a4      0x154 /opt/devkitpro/libogc/lib/wii/libogc.a(timesupp.o)
                0x000000008001f7a4                __libogc_nanosleep
 .text.__libogc_lock_init
                0x000000008001f8f8       0x78 /opt/devkitpro/libogc/lib/wii/libogc.a(lock_supp.o)
                0x000000008001f8f8                __libogc_lock_init
 .text.__libogc_lock_close
                0x000000008001f970       0x64 /opt/devkitpro/libogc/lib/wii/libogc.a(lock_supp.o)
                0x000000008001f970                __libogc_lock_close
 .text.__libogc_lock_acquire
                0x000000008001f9d4       0x20 /opt/devkitpro/libogc/lib/wii/libogc.a(lock_supp.o)
                0x000000008001f9d4                __libogc_lock_acquire
 .text.__libogc_lock_release
                0x000000008001f9f4       0x20 /opt/devkitpro/libogc/lib/wii/libogc.a(lock_supp.o)
                0x000000008001f9f4                __libogc_lock_release
 .text.__libc_create_hook
                0x000000008001fa14       0x10 /opt/devkitpro/libogc/lib/wii/libogc.a(newlibc.o)
                0x000000008001fa14                __libc_create_hook
 .text.__libc_start_hook
                0x000000008001fa24       0x9c /opt/devkitpro/libogc/lib/wii/libogc.a(newlibc.o)
                0x000000008001fa24                __libc_start_hook
 .text.__libc_delete_hook
                0x000000008001fac0      0x108 /opt/devkitpro/libogc/lib/wii/libogc.a(newlibc.o)
                0x000000008001fac0                __libc_delete_hook
 .text.__libc_init
                0x000000008001fbc8       0xb0 /opt/devkitpro/libogc/lib/wii/libogc.a(newlibc.o)
                0x000000008001fbc8                __libc_init
 .text.__usbgecko_exi_unlock
                0x000000008001fc78       0x34 /opt/devkitpro/libogc/lib/wii/libogc.a(usbgecko.o)
 .text.usb_isgeckoalive
                0x000000008001fcac      0x1c0 /opt/devkitpro/libogc/lib/wii/libogc.a(usbgecko.o)
                0x000000008001fcac                usb_isgeckoalive
 .text.usb_sendbuffer_ex
                0x000000008001fe6c      0x214 /opt/devkitpro/libogc/lib/wii/libogc.a(usbgecko.o)
                0x000000008001fe6c                usb_sendbuffer_ex
 .text.usb_sendbuffer
                0x0000000080020080        0x8 /opt/devkitpro/libogc/lib/wii/libogc.a(usbgecko.o)
                0x0000000080020080                usb_sendbuffer
 .text.usb_sendbuffer_safe_ex
                0x0000000080020088      0x29c /opt/devkitpro/libogc/lib/wii/libogc.a(usbgecko.o)
                0x0000000080020088                usb_sendbuffer_safe_ex
 .text.usb_sendbuffer_safe
                0x0000000080020324        0x8 /opt/devkitpro/libogc/lib/wii/libogc.a(usbgecko.o)
                0x0000000080020324                usb_sendbuffer_safe
 .text.__libogc_sbrk_r
                0x000000008002032c      0x29c /opt/devkitpro/libogc/lib/wii/libogc.a(sbrk.o)
                0x000000008002032c                __libogc_sbrk_r
 .text.__memlock_init
                0x00000000800205c8       0x7c /opt/devkitpro/libogc/lib/wii/libogc.a(malloc_lock.o)
                0x00000000800205c8                __memlock_init
 .text.__libogc_malloc_lock
                0x0000000080020644      0x1fc /opt/devkitpro/libogc/lib/wii/libogc.a(malloc_lock.o)
                0x0000000080020644                __libogc_malloc_lock
 .text.__libogc_malloc_unlock
                0x0000000080020840       0x64 /opt/devkitpro/libogc/lib/wii/libogc.a(malloc_lock.o)
                0x0000000080020840                __libogc_malloc_unlock
 .text.__STM_SetEventHook
                0x00000000800208a4       0xb0 /opt/devkitpro/libogc/lib/wii/libogc.a(stm.o)
                0x00000000800208a4                __STM_SetEventHook
 .text.__STM_Init
                0x0000000080020954       0x94 /opt/devkitpro/libogc/lib/wii/libogc.a(stm.o)
                0x0000000080020954                __STM_Init
 .text.__STMEventHandler
                0x00000000800209e8       0x60 /opt/devkitpro/libogc/lib/wii/libogc.a(stm.o)
 .text.__STM_ReleaseEventHook
                0x0000000080020a48       0x80 /opt/devkitpro/libogc/lib/wii/libogc.a(stm.o)
                0x0000000080020a48                __STM_ReleaseEventHook
 .text.__STM_Close
                0x0000000080020ac8       0xac /opt/devkitpro/libogc/lib/wii/libogc.a(stm.o)
                0x0000000080020ac8                __STM_Close
 .text.STM_RegisterEventHandler
                0x0000000080020b74       0x10 /opt/devkitpro/libogc/lib/wii/libogc.a(stm.o)
                0x0000000080020b74                STM_RegisterEventHandler
 .text.STM_ShutdownToStandby
                0x0000000080020b84       0x50 /opt/devkitpro/libogc/lib/wii/libogc.a(stm.o)
                0x0000000080020b84                STM_ShutdownToStandby
 .text.STM_ShutdownToIdle
                0x0000000080020bd4       0x70 /opt/devkitpro/libogc/lib/wii/libogc.a(stm.o)
                0x0000000080020bd4                STM_ShutdownToIdle
 .text.STM_SetLedMode
                0x0000000080020c44       0x40 /opt/devkitpro/libogc/lib/wii/libogc.a(stm.o)
                0x0000000080020c44                STM_SetLedMode
 .text.STM_RebootSystem
                0x0000000080020c84       0x50 /opt/devkitpro/libogc/lib/wii/libogc.a(stm.o)
                0x0000000080020c84                STM_RebootSystem
 .text.__IOS_InitializeSubsystems
                0x0000000080020cd4       0x44 /opt/devkitpro/libogc/lib/wii/libogc.a(ios.o)
                0x0000000080020cd4                __IOS_InitializeSubsystems
 .text.__IOS_ShutdownSubsystems
                0x0000000080020d18       0x44 /opt/devkitpro/libogc/lib/wii/libogc.a(ios.o)
                0x0000000080020d18                __IOS_ShutdownSubsystems
 .text.__IOS_LoadStartupIOS
                0x0000000080020d5c        0x8 /opt/devkitpro/libogc/lib/wii/libogc.a(ios.o)
                0x0000000080020d5c                __IOS_LoadStartupIOS
 .text._ES_fstat_r
                0x0000000080020d64      0x11c /opt/devkitpro/libogc/lib/wii/libogc.a(es.o)
 .text._ES_seek_r
                0x0000000080020e80       0xe4 /opt/devkitpro/libogc/lib/wii/libogc.a(es.o)
 .text._ES_close_r
                0x0000000080020f64       0xac /opt/devkitpro/libogc/lib/wii/libogc.a(es.o)
 .text.__ES_Init
                0x0000000080021010       0x78 /opt/devkitpro/libogc/lib/wii/libogc.a(es.o)
                0x0000000080021010                __ES_Init
 .text.__ES_Close
                0x0000000080021088       0x54 /opt/devkitpro/libogc/lib/wii/libogc.a(es.o)
                0x0000000080021088                __ES_Close
 .text.ES_GetTitleID
                0x00000000800210dc       0x94 /opt/devkitpro/libogc/lib/wii/libogc.a(es.o)
                0x00000000800210dc                ES_GetTitleID
 .text.ES_LaunchTitle
                0x0000000080021170       0xa4 /opt/devkitpro/libogc/lib/wii/libogc.a(es.o)
                0x0000000080021170                ES_LaunchTitle
 .text.ES_GetNumTicketViews
                0x0000000080021214       0x98 /opt/devkitpro/libogc/lib/wii/libogc.a(es.o)
                0x0000000080021214                ES_GetNumTicketViews
 .text.ES_GetTicketViews
                0x00000000800212ac       0x8c /opt/devkitpro/libogc/lib/wii/libogc.a(es.o)
                0x00000000800212ac                ES_GetTicketViews
 .text.ES_GetStoredTMD
                0x0000000080021338       0x90 /opt/devkitpro/libogc/lib/wii/libogc.a(es.o)
                0x0000000080021338                ES_GetStoredTMD
 .text._ES_decodepath
                0x00000000800213c8      0x384 /opt/devkitpro/libogc/lib/wii/libogc.a(es.o)
 .text._ES_stat_r
                0x000000008002174c       0xe8 /opt/devkitpro/libogc/lib/wii/libogc.a(es.o)
 .text._ES_open_r
                0x0000000080021834      0x1c8 /opt/devkitpro/libogc/lib/wii/libogc.a(es.o)
 .text.ES_ReadContent
                0x00000000800219fc       0x6c /opt/devkitpro/libogc/lib/wii/libogc.a(es.o)
                0x00000000800219fc                ES_ReadContent
 .text._ES_read_r
                0x0000000080021a68      0x1bc /opt/devkitpro/libogc/lib/wii/libogc.a(es.o)
 .text.__usbv5_messageCB
                0x0000000080021c24       0x5c /opt/devkitpro/libogc/lib/wii/libogc.a(usb.o)
 .text.__usbv0_messageCB
                0x0000000080021c80       0xa8 /opt/devkitpro/libogc/lib/wii/libogc.a(usb.o)
 .text.__usb_control_message
                0x0000000080021d28      0x478 /opt/devkitpro/libogc/lib/wii/libogc.a(usb.o)
 .text.__usb_interrupt_bulk_message
                0x00000000800221a0      0x2c4 /opt/devkitpro/libogc/lib/wii/libogc.a(usb.o)
 .text.__usbv5_devicechangeCB
                0x0000000080022464      0x180 /opt/devkitpro/libogc/lib/wii/libogc.a(usb.o)
 .text.__usbv5_attachfinishCB
                0x00000000800225e4       0xec /opt/devkitpro/libogc/lib/wii/libogc.a(usb.o)
 .text.USB_FreeDescriptors.part.0
                0x00000000800226d0       0xfc /opt/devkitpro/libogc/lib/wii/libogc.a(usb.o)
 .text.USB_GetDescriptors.part.0
                0x00000000800227cc      0x69c /opt/devkitpro/libogc/lib/wii/libogc.a(usb.o)
 .text.USBV5_SuspendResume
                0x0000000080022e68      0x138 /opt/devkitpro/libogc/lib/wii/libogc.a(usb.o)
 .text.USBV5_GetDescriptors
                0x0000000080022fa0      0x518 /opt/devkitpro/libogc/lib/wii/libogc.a(usb.o)
 .text.USB_Deinitialize
                0x00000000800234b8       0xc8 /opt/devkitpro/libogc/lib/wii/libogc.a(usb.o)
                0x00000000800234b8                USB_Deinitialize
 .text.USB_Initialize
                0x0000000080023580      0x2f0 /opt/devkitpro/libogc/lib/wii/libogc.a(usb.o)
                0x0000000080023580                USB_Initialize
 .text.USB_OpenDevice
                0x0000000080023870      0x2b4 /opt/devkitpro/libogc/lib/wii/libogc.a(usb.o)
                0x0000000080023870                USB_OpenDevice
 .text.USBV5_CloseDevice
                0x0000000080023b24      0x138 /opt/devkitpro/libogc/lib/wii/libogc.a(usb.o)
                0x0000000080023b24                USBV5_CloseDevice
 .text.USB_CloseDeviceAsync
                0x0000000080023c5c       0xd0 /opt/devkitpro/libogc/lib/wii/libogc.a(usb.o)
                0x0000000080023c5c                USB_CloseDeviceAsync
 .text.USB_ReadIntrMsgAsync
                0x0000000080023d2c       0x28 /opt/devkitpro/libogc/lib/wii/libogc.a(usb.o)
                0x0000000080023d2c                USB_ReadIntrMsgAsync
 .text.USB_ReadBlkMsgAsync
                0x0000000080023d54       0x28 /opt/devkitpro/libogc/lib/wii/libogc.a(usb.o)
                0x0000000080023d54                USB_ReadBlkMsgAsync
 .text.USB_WriteBlkMsgAsync
                0x0000000080023d7c       0x28 /opt/devkitpro/libogc/lib/wii/libogc.a(usb.o)
                0x0000000080023d7c                USB_WriteBlkMsgAsync
 .text.USB_WriteCtrlMsgAsync
                0x0000000080023da4        0x4 /opt/devkitpro/libogc/lib/wii/libogc.a(usb.o)
                0x0000000080023da4                USB_WriteCtrlMsgAsync
 .text.__CheckARGV
                0x0000000080023da8       0x80 /opt/devkitpro/libogc/lib/wii/libogc.a(argv.o)
                0x0000000080023da8                __CheckARGV
 .text.CONF_Init
                0x0000000080023e28      0x168 /opt/devkitpro/libogc/lib/wii/libogc.a(conf.o)
                0x0000000080023e28                CONF_Init
 .text.__CONF_GetTxt
                0x0000000080023f90      0x208 /opt/devkitpro/libogc/lib/wii/libogc.a(conf.o)
                0x0000000080023f90                __CONF_GetTxt
 .text.__CONF_Find
                0x0000000080024198       0xfc /opt/devkitpro/libogc/lib/wii/libogc.a(conf.o)
                0x0000000080024198                __CONF_Find
 .text.CONF_GetLength
                0x0000000080024294      0x12c /opt/devkitpro/libogc/lib/wii/libogc.a(conf.o)
                0x0000000080024294                CONF_GetLength
 .text.CONF_Get
                0x00000000800243c0      0x13c /opt/devkitpro/libogc/lib/wii/libogc.a(conf.o)
                0x00000000800243c0                CONF_Get
 .text.CONF_GetShutdownMode
                0x00000000800244fc       0x54 /opt/devkitpro/libogc/lib/wii/libogc.a(conf.o)
                0x00000000800244fc                CONF_GetShutdownMode
 .text.CONF_GetIdleLedMode
                0x0000000080024550       0x54 /opt/devkitpro/libogc/lib/wii/libogc.a(conf.o)
                0x0000000080024550                CONF_GetIdleLedMode
 .text.CONF_GetProgressiveScan
                0x00000000800245a4       0x54 /opt/devkitpro/libogc/lib/wii/libogc.a(conf.o)
                0x00000000800245a4                CONF_GetProgressiveScan
 .text.CONF_GetEuRGB60
                0x00000000800245f8       0x54 /opt/devkitpro/libogc/lib/wii/libogc.a(conf.o)
                0x00000000800245f8                CONF_GetEuRGB60
 .text.CONF_GetIRSensitivity
                0x000000008002464c       0x54 /opt/devkitpro/libogc/lib/wii/libogc.a(conf.o)
                0x000000008002464c                CONF_GetIRSensitivity
 .text.CONF_GetSensorBarPosition
                0x00000000800246a0       0x54 /opt/devkitpro/libogc/lib/wii/libogc.a(conf.o)
                0x00000000800246a0                CONF_GetSensorBarPosition
 .text.CONF_GetCounterBias
                0x00000000800246f4       0x4c /opt/devkitpro/libogc/lib/wii/libogc.a(conf.o)
                0x00000000800246f4                CONF_GetCounterBias
 .text.CONF_GetDisplayOffsetH
                0x0000000080024740       0x4c /opt/devkitpro/libogc/lib/wii/libogc.a(conf.o)
                0x0000000080024740                CONF_GetDisplayOffsetH
 .text.CONF_GetPadDevices
                0x000000008002478c       0x4c /opt/devkitpro/libogc/lib/wii/libogc.a(conf.o)
                0x000000008002478c                CONF_GetPadDevices
 .text.CONF_GetVideo
                0x00000000800247d8       0x8c /opt/devkitpro/libogc/lib/wii/libogc.a(conf.o)
                0x00000000800247d8                CONF_GetVideo
 .text.__WII_WriteNANDBootInfo
                0x0000000080024864       0xc4 /opt/devkitpro/libogc/lib/wii/libogc.a(wiilaunch.o)
 .text.__WII_WriteStateFlags
                0x0000000080024928       0x9c /opt/devkitpro/libogc/lib/wii/libogc.a(wiilaunch.o)
 .text.WII_Initialize
                0x00000000800249c4      0x188 /opt/devkitpro/libogc/lib/wii/libogc.a(wiilaunch.o)
                0x00000000800249c4                WII_Initialize
 .text.WII_LaunchTitle
                0x0000000080024b4c      0x1ac /opt/devkitpro/libogc/lib/wii/libogc.a(wiilaunch.o)
                0x0000000080024b4c                WII_LaunchTitle
 .text.WII_ReturnToMenu
                0x0000000080024cf8       0x58 /opt/devkitpro/libogc/lib/wii/libogc.a(wiilaunch.o)
                0x0000000080024cf8                WII_ReturnToMenu
 .text.__lwp_priority_init
                0x0000000080024d50       0x1c /opt/devkitpro/libogc/lib/wii/libogc.a(lwp_priority.o)
                0x0000000080024d50                __lwp_priority_init
 .text.__lwp_threadqueue_enqueuefifo
                0x0000000080024d6c      0x144 /opt/devkitpro/libogc/lib/wii/libogc.a(lwp_threadq.o)
                0x0000000080024d6c                __lwp_threadqueue_enqueuefifo
 .text.__lwp_threadqueue_dequeuefifo
                0x0000000080024eb0      0x14c /opt/devkitpro/libogc/lib/wii/libogc.a(lwp_threadq.o)
                0x0000000080024eb0                __lwp_threadqueue_dequeuefifo
 .text.__lwp_threadqueue_enqueuepriority
                0x0000000080024ffc      0x334 /opt/devkitpro/libogc/lib/wii/libogc.a(lwp_threadq.o)
                0x0000000080024ffc                __lwp_threadqueue_enqueuepriority
 .text.__lwp_threadqueue_dequeuepriority
                0x0000000080025330      0x1d8 /opt/devkitpro/libogc/lib/wii/libogc.a(lwp_threadq.o)
                0x0000000080025330                __lwp_threadqueue_dequeuepriority
 .text.__lwp_threadqueue_init
                0x0000000080025508       0x64 /opt/devkitpro/libogc/lib/wii/libogc.a(lwp_threadq.o)
                0x0000000080025508                __lwp_threadqueue_init
 .text.__lwp_threadqueue_enqueue
                0x000000008002556c      0x138 /opt/devkitpro/libogc/lib/wii/libogc.a(lwp_threadq.o)
                0x000000008002556c                __lwp_threadqueue_enqueue
 .text.__lwp_threadqueue_dequeue
                0x00000000800256a4       0x24 /opt/devkitpro/libogc/lib/wii/libogc.a(lwp_threadq.o)
                0x00000000800256a4                __lwp_threadqueue_dequeue
 .text.__lwp_threadqueue_flush
                0x00000000800256c8       0x68 /opt/devkitpro/libogc/lib/wii/libogc.a(lwp_threadq.o)
                0x00000000800256c8                __lwp_threadqueue_flush
 .text.__lwp_threadqueue_extractfifo
                0x0000000080025730       0xe8 /opt/devkitpro/libogc/lib/wii/libogc.a(lwp_threadq.o)
                0x0000000080025730                __lwp_threadqueue_extractfifo
 .text.__lwp_threadqueue_extractpriority
                0x0000000080025818      0x148 /opt/devkitpro/libogc/lib/wii/libogc.a(lwp_threadq.o)
                0x0000000080025818                __lwp_threadqueue_extractpriority
 .text.__lwp_threadqueue_timeout
                0x0000000080025960       0xd0 /opt/devkitpro/libogc/lib/wii/libogc.a(lwp_threadq.o)
 .text.__lwp_threadqueue_extractproxy
                0x0000000080025a30       0x88 /opt/devkitpro/libogc/lib/wii/libogc.a(lwp_threadq.o)
                0x0000000080025a30                __lwp_threadqueue_extractproxy
 .text.__lwp_mutex_initialize
                0x0000000080025ab8       0xa4 /opt/devkitpro/libogc/lib/wii/libogc.a(lwp_mutex.o)
                0x0000000080025ab8                __lwp_mutex_initialize
 .text.__lwp_mutex_surrender
                0x0000000080025b5c      0x164 /opt/devkitpro/libogc/lib/wii/libogc.a(lwp_mutex.o)
                0x0000000080025b5c                __lwp_mutex_surrender
 .text.__lwp_mutex_seize_irq_blocking
                0x0000000080025cc0       0xf8 /opt/devkitpro/libogc/lib/wii/libogc.a(lwp_mutex.o)
                0x0000000080025cc0                __lwp_mutex_seize_irq_blocking
 .text.__lwp_mutex_flush
                0x0000000080025db8        0x4 /opt/devkitpro/libogc/lib/wii/libogc.a(lwp_mutex.o)
                0x0000000080025db8                __lwp_mutex_flush
 .text.__systemcall_init
                0x0000000080025dbc       0x70 /opt/devkitpro/libogc/lib/wii/libogc.a(exception.o)
                0x0000000080025dbc                __systemcall_init
 .text.__exception_init
                0x0000000080025e2c      0x12c /opt/devkitpro/libogc/lib/wii/libogc.a(exception.o)
                0x0000000080025e2c                __exception_init
 .text.__exception_close
                0x0000000080025f58       0xac /opt/devkitpro/libogc/lib/wii/libogc.a(exception.o)
                0x0000000080025f58                __exception_close
 .text.__exception_closeall
                0x0000000080026004       0x80 /opt/devkitpro/libogc/lib/wii/libogc.a(exception.o)
                0x0000000080026004                __exception_closeall
 .text.c_default_exceptionhandler
                0x0000000080026084      0x438 /opt/devkitpro/libogc/lib/wii/libogc.a(exception.o)
                0x0000000080026084                c_default_exceptionhandler
 .text.__lwp_sema_init
                0x00000000800264bc       0x14 /opt/devkitpro/libogc/lib/wii/libogc.a(semaphore.o)
                0x00000000800264bc                __lwp_sema_init
 .text.SPEC1_MakeStatus
                0x00000000800264d0       0xf8 /opt/devkitpro/libogc/lib/wii/libogc.a(pad.o)
 .text.__pad_samplinghandler
                0x00000000800265c8        0x4 /opt/devkitpro/libogc/lib/wii/libogc.a(pad.o)
 .text.__pad_doreset
                0x00000000800265cc       0x50 /opt/devkitpro/libogc/lib/wii/libogc.a(pad.o)
 .text.__pad_updateorigin
                0x000000008002661c       0xa0 /opt/devkitpro/libogc/lib/wii/libogc.a(pad.o)
 .text.__pad_disable
                0x00000000800266bc       0xbc /opt/devkitpro/libogc/lib/wii/libogc.a(pad.o)
 .text.__pad_receivecheckcallback
                0x0000000080026778       0x84 /opt/devkitpro/libogc/lib/wii/libogc.a(pad.o)
 .text.__pad_typeandstatuscallback