Archive member included to satisfy reference by file (symbol)

/opt/devkitpro/libogc/lib/wii/libwiiuse.a(wpad.o)
                              main.o (WPAD_Init)
/opt/devkitpro/libogc/lib/wii/libwiiuse.a(motion_plus.o)
                              /opt/devkitpro/libogc/lib/wii/libwiiuse.a(wpad.o) (wiiuse_set_motion_plus)
/opt/devkitpro/libogc/lib/wii/libwiiuse.a(dynamics.o)
                              /opt/devkitpro/libogc/lib/wii/libwiiuse.a(wpad.o) (calculate_gforce)
/opt/devkitpro/libogc/lib/wii/libwiiuse.a(io.o)
                              /opt/devkitpro/libogc/lib/wii/libwiiuse.a(motion_plus.o) (wiiuse_disable_expansion)
/opt/devkitpro/libogc/lib/wii/libwiiuse.a(io_wii.o)
                              /opt/devkitpro/libogc/lib/wii/libwiiuse.a(wpad.o) (__wiiuse_sensorbar_enable)
/opt/devkitpro/libogc/lib/wii/libwiiuse.a(ir.o)
                              /opt/devkitpro/libogc/lib/wii/libwiiuse.a(motion_plus.o) (wiiuse_set_ir_mode)
/opt/devkitpro/libogc/lib/wii/libwiiuse.a(nunchuk.o)
                              /opt/devkitpro/libogc/lib/wii/libwiiuse.a(io.o) (nunchuk_handshake)
/opt/devkitpro/libogc/lib/wii/libwiiuse.a(wiiboard.o)
                              /opt/devkitpro/libogc/lib/wii/libwiiuse.a(io.o) (wii_board_handshake)
/opt/devkitpro/libogc/lib/wii/libwiiuse.a(wiiuse.o)
                              /opt/devkitpro/libogc/lib/wii/libwiiuse.a(wpad.o) (wiiuse_init)
/opt/devkitpro/libogc/lib/wii/libwiiuse.a(speaker.o)
                              /opt/devkitpro/libogc/lib/wii/libwiiuse.a(wpad.o) (wencdata)
/opt/devkitpro/libogc/lib/wii/libwiiuse.a(classic.o)
                              /opt/devkitpro/libogc/lib/wii/libwiiuse.a(io.o) (classic_ctrl_handshake)
/opt/devkitpro/libogc/lib/wii/libwiiuse.a(events.o)
                              /opt/devkitpro/libogc/lib/wii/libwiiuse.a(io_wii.o) (parse_event)
/opt/devkitpro/libogc/lib/wii/libwiiuse.a(guitar_hero_3.o)
                              /opt/devkitpro/libogc/lib/wii/libwiiuse.a(io.o) (guitar_hero_3_handshake)
/opt/devkitpro/libogc/lib/wii/libbte.a(bte.o)
                              /opt/devkitpro/libogc/lib/wii/libwiiuse.a(wpad.o) (BTE_Init)
/opt/devkitpro/libogc/lib/wii/libbte.a(hci.o)
                              /opt/devkitpro/libogc/lib/wii/libbte.a(bte.o) (hci_init)
/opt/devkitpro/libogc/lib/wii/libbte.a(l2cap.o)
                              /opt/devkitpro/libogc/lib/wii/libbte.a(bte.o) (l2cap_init)
/opt/devkitpro/libogc/lib/wii/libbte.a(btmemb.o)
                              /opt/devkitpro/libogc/lib/wii/libbte.a(bte.o) (btmemb_init)
/opt/devkitpro/libogc/lib/wii/libbte.a(btmemr.o)
                              /opt/devkitpro/libogc/lib/wii/libbte.a(hci.o) (btmemr_init)
/opt/devkitpro/libogc/lib/wii/libbte.a(btpbuf.o)
                              /opt/devkitpro/libogc/lib/wii/libbte.a(hci.o) (btpbuf_init)
/opt/devkitpro/libogc/lib/wii/libbte.a(physbusif.o)
                              /opt/devkitpro/libogc/lib/wii/libbte.a(bte.o) (physbusif_init)
/opt/devkitpro/libogc/lib/wii/libogc.a(console.o)
                              main.o (CON_Init)
/opt/devkitpro/libogc/lib/wii/libogc.a(lwp_queue.o)
                              /opt/devkitpro/libogc/lib/wii/libwiiuse.a(io_wii.o) (__lwp_queue_initialize)
/opt/devkitpro/libogc/lib/wii/libogc.a(lwp_threads.o)
                              /opt/devkitpro/libogc/lib/wii/libwiiuse.a(wpad.o) (_thread_dispatch_disable_level)
/opt/devkitpro/libogc/lib/wii/libogc.a(lwp.o)
                              /opt/devkitpro/libogc/lib/wii/libbte.a(bte.o) (LWP_InitQueue)
/opt/devkitpro/libogc/lib/wii/libogc.a(lwp_handler.o)
                              /opt/devkitpro/libogc/lib/wii/libogc.a(lwp_threads.o) (_cpu_context_save_fp)
/opt/devkitpro/libogc/lib/wii/libogc.a(lwp_stack.o)
                              /opt/devkitpro/libogc/lib/wii/libogc.a(lwp_threads.o) (__lwp_stack_allocate)
/opt/devkitpro/libogc/lib/wii/libogc.a(lwp_watchdog.o)
                              /opt/devkitpro/libogc/lib/wii/libogc.a(lwp_threads.o) (__lwp_wd_insert)
/opt/devkitpro/libogc/lib/wii/libogc.a(lwp_wkspace.o)
                              /opt/devkitpro/libogc/lib/wii/libwiiuse.a(motion_plus.o) (__wkspace_heap)
/opt/devkitpro/libogc/lib/wii/libogc.a(lwp_objmgr.o)
                              /opt/devkitpro/libogc/lib/wii/libogc.a(lwp.o) (__lwp_objmgr_initinfo)
/opt/devkitpro/libogc/lib/wii/libogc.a(lwp_heap.o)
                              /opt/devkitpro/libogc/lib/wii/libogc.a(lwp_wkspace.o) (__lwp_heap_init)
/opt/devkitpro/libogc/lib/wii/libogc.a(sys_state.o)
                              /opt/devkitpro/libogc/lib/wii/libogc.a(lwp_threads.o) (_sys_state_curr)
/opt/devkitpro/libogc/lib/wii/libogc.a(irq.o)
                              /opt/devkitpro/libogc/lib/wii/libwiiuse.a(io_wii.o) (IRQ_Disable)
/opt/devkitpro/libogc/lib/wii/libogc.a(video.o)
                              /opt/devkitpro/libogc/lib/wii/libogc.a(console.o) (VIDEO_GetCurrentFramebuffer)
/opt/devkitpro/libogc/lib/wii/libogc.a(system.o)
[...]
Memory Configuration

Name             Origin             Length             Attributes
*default*        0x0000000000000000 0xffffffffffffffff

Linker script and memory map

                0x0000000000003400                . = 0x3400

.stub
 *(.stub)
                0x0000000080004000                . = 0x80004000

.init           0x0000000080004000      0x194
 *crt0.o(*.init)
 .init          0x0000000080004000      0x170 /opt/devkitpro/libogc/lib/wii/libogc.a(ogc_crt0.o)
                0x0000000080004000                _start
                0x0000000080004140                _memset
 *(.init)
 .init          0x0000000080004170        0xc /opt/devkitpro/devkitPPC/bin/../lib/gcc/powerpc-eabi/11.2.0/ecrti.o
                0x0000000080004170                __init
 .init          0x000000008000417c        0x4 /opt/devkitpro/devkitPPC/bin/../lib/gcc/powerpc-eabi/11.2.0/crtbegin.o
 .init          0x0000000080004180        0x4 /opt/devkitpro/devkitPPC/bin/../lib/gcc/powerpc-eabi/11.2.0/crtend.o
 .init          0x0000000080004184       0x10 /opt/devkitpro/devkitPPC/bin/../lib/gcc/powerpc-eabi/11.2.0/ecrtn.o

.rela.dyn       0x0000000080004194        0x0
 .rela.iplt     0x0000000080004194        0x0 /opt/devkitpro/devkitPPC/bin/../lib/gcc/powerpc-eabi/11.2.0/crtbegin.o

.plt
 *(.plt)

.interp
 *(.interp)

.hash
 *(.hash)

.dynsym
 *(.dynsym)

.dynstr
 *(.dynstr)

.gnu.version
 *(.gnu.version)

.gnu.version_d
 *(.gnu.version_d)

.gnu.version_r
 *(.gnu.version_r)

.rel.init
 *(.rel.init)

.rela.init      0x0000000080004194        0x0
 *(.rela.init)
 .rela.init     0x0000000080004194        0x0 /opt/devkitpro/devkitPPC/bin/../lib/gcc/powerpc-eabi/11.2.0/crtbegin.o

.rel.text
 *(.rel.text .rel.text.* .rel.gnu.linkonce.t.*)

.rela.text      0x0000000080004194        0x0
 *(.rela.text .rela.text.* .rela.gnu.linkonce.t.*)
 .rela.text.__do_global_dtors_aux
                0x0000000080004194        0x0 /opt/devkitpro/devkitPPC/bin/../lib/gcc/powerpc-eabi/11.2.0/crtbegin.o
 .rela.text.frame_dummy
                0x0000000080004194        0x0 /opt/devkitpro/devkitPPC/bin/../lib/gcc/powerpc-eabi/11.2.0/crtbegin.o
 .rela.text.__lwp_sysinit
                0x0000000080004194        0x0 /opt/devkitpro/devkitPPC/bin/../lib/gcc/powerpc-eabi/11.2.0/crtbegin.o
 .rela.text.__irq_init
                0x0000000080004194        0x0 /opt/devkitpro/devkitPPC/bin/../lib/gcc/powerpc-eabi/11.2.0/crtbegin.o
 .rela.text.SYS_Init
                0x0000000080004194        0x0 /opt/devkitpro/devkitPPC/bin/../lib/gcc/powerpc-eabi/11.2.0/crtbegin.o
 .rela.text.__CheckARGV
                0x0000000080004194        0x0 /opt/devkitpro/devkitPPC/bin/../lib/gcc/powerpc-eabi/11.2.0/crtbegin.o
 .rela.text.__GX_InitRevBits
                0x0000000080004194        0x0 /opt/devkitpro/devkitPPC/bin/../lib/gcc/powerpc-eabi/11.2.0/crtbegin.o
 .rela.text.GX_AbortFrame
                0x0000000080004194        0x0 /opt/devkitpro/devkitPPC/bin/../lib/gcc/powerpc-eabi/11.2.0/crtbegin.o

.rel.fini
 *(.rel.fini)

.rela.fini
 *(.rela.fini)

.rel.rodata
 *(.rel.rodata .rel.rodata.* .rel.gnu.linkonce.r.*)

.rela.rodata
 *(.rela.rodata .rela.rodata.* .rela.gnu.linkonce.r.*)

.rel.data
 *(.rel.data .rel.data.* .rel.gnu.linkonce.d.*)

.rela.data
 *(.rela.data .rela.data.* .rela.gnu.linkonce.d.*)

.rel.tdata
 *(.rel.tdata .rel.tdata.* .rel.gnu.linkonce.td.*)

.rela.tdata
 *(.rela.tdata .rela.tdata.* .rela.gnu.linkonce.td.*)

.rel.tbss
 *(.rel.tbss .rel.tbss.* .rel.gnu.linkonce.tb.*)

.rela.tbss
 *(.rela.tbss .rela.tbss.* .rela.gnu.linkonce.tb.*)

.rel.ctors
 *(.rel.ctors)

.rela.ctors
 *(.rela.ctors)

.rel.dtors
 *(.rel.dtors)

.rela.dtors
 *(.rela.dtors)

.rel.got
 *(.rel.got)

.rela.got
 *(.rela.got)

.rela.got1
 *(.rela.got1)

.rela.got2
 *(.rela.got2)

.rel.sdata
 *(.rel.sdata .rel.sdata.* .rel.gnu.linkonce.s.*)

.rela.sdata
 *(.rela.sdata .rela.sdata.* .rela.gnu.linkonce.s.*)

.rel.sbss
 *(.rel.sbss .rel.sbss.* .rel.gnu.linkonce.sb.*)

.rela.sbss
 *(.rela.sbss .rela.sbss.* .rel.gnu.linkonce.sb.*)

.rel.sdata2
 *(.rel.sdata2 .rel.sdata2.* .rel.gnu.linkonce.s2.*)

.rela.sdata2    0x0000000080004194        0x0
 *(.rela.sdata2 .rela.sdata2.* .rela.gnu.linkonce.s2.*)
 .rela.sdata2.__sys_inIPL
                0x0000000080004194        0x0 /opt/devkitpro/devkitPPC/bin/../lib/gcc/powerpc-eabi/11.2.0/crtbegin.o

.rel.sbss2
 *(.rel.sbss2 .rel.sbss2.* .rel.gnu.linkonce.sb2.*)

.rela.sbss2
 *(.rela.sbss2 .rela.sbss2.* .rela.gnu.linkonce.sb2.*)

.rel.bss
 *(.rel.bss .rel.bss.* .rel.gnu.linkonce.b.*)

.rela.bss
 *(.rela.bss .rela.bss.* .rela.gnu.linkonce.b.*)

.rel.plt
 *(.rel.plt)

.rela.plt
 *(.rela.plt)

.text           0x00000000800041a0    0x3b560
 *(.text)
 .text          0x00000000800041a0      0x44c /opt/devkitpro/libogc/lib/wii/libogc.a(lwp_handler.o)
                0x00000000800041a0                _cpu_context_save_fp
                0x00000000800042e0                _cpu_context_restore_fp
                0x0000000080004420                _cpu_context_switch
                0x0000000080004500                _cpu_context_save
                0x0000000080004580                _cpu_context_restore
 .text          0x00000000800045ec      0x4a0 /opt/devkitpro/libogc/lib/wii/libogc.a(system_asm.o)
                0x00000000800045ec                __realmode
                0x0000000080004604                __configBATS
                0x0000000080004734                __InitFPRS
                0x0000000080004860                __InitPS
                0x00000000800048bc                __InitCache
                0x0000000080004914                __InitSystem
                0x000000008000499c                __flush_cache
                0x00000000800049d0                __reset
                0x0000000080004a40                __InitBATS
                0x0000000080004a5c                SYS_SwitchFiber
 .text          0x0000000080004a8c      0x1ac /opt/devkitpro/libogc/lib/wii/libogc.a(irq_handler.o)
                0x0000000080004a8c                irq_exceptionhandler
 .text          0x0000000080004c38      0x4f4 /opt/devkitpro/libogc/lib/wii/libogc.a(cache_asm.o)
                0x0000000080004c38                DCFlashInvalidate
                0x0000000080004c4c                DCEnable
                0x0000000080004c60                DCDisable
                0x0000000080004c74                DCFreeze
                0x0000000080004c88                DCUnfreeze
                0x0000000080004c9c                DCTouchLoad
                0x0000000080004ca4                DCBlockZero
                0x0000000080004cac                DCBlockStore
                0x0000000080004cb4                DCBlockFlush
                0x0000000080004cbc                DCBlockInvalidate
                0x0000000080004cc4                DCInvalidateRange
                0x0000000080004cf4                DCFlushRange
                0x0000000080004d28                DCStoreRange
                0x0000000080004d5c                DCFlushRangeNoSync
                0x0000000080004d8c                DCStoreRangeNoSync
                0x0000000080004dbc                DCZeroRange
                0x0000000080004dec                DCTouchRange
                0x0000000080004e1c                ICInvalidateRange
                0x0000000080004e54                ICFlashInvalidate
                0x0000000080004e68                ICEnable
                0x0000000080004e7c                ICDisable
                0x0000000080004e90                ICFreeze
                0x0000000080004ea4                ICUnfreeze
                0x0000000080004eb8                ICBlockInvalidate
                0x0000000080004ec0                ICSync
                0x0000000080004ec8                L2Init
                0x0000000080004f10                L2Enable
                0x0000000080004f2c                L2Disable
                0x0000000080004f44                L2GlobalInvalidate
                0x0000000080004f9c                __LCEnable
                0x0000000080005068                LCDisable
                0x0000000080005090                LCAllocOneTag
                0x00000000800050a4                LCAllocTags
                0x00000000800050e4                LCLoadBlocks
                0x0000000080005108                LCStoreBlocks
 .text          0x000000008000512c      0x1ac /opt/devkitpro/libogc/lib/wii/libogc.a(decrementer_handler.o)
                0x000000008000512c                dec_exceptionhandler
 .text          0x00000000800052d8      0x35c /opt/devkitpro/libogc/lib/wii/libogc.a(exception_handler.o)
                0x00000000800052d8                exceptionhandler_start
                0x0000000080005354                exceptionhandler_patch
                0x0000000080005388                exceptionhandler_end
                0x000000008000538c                default_exceptionhandler
                0x00000000800054bc                fpu_exceptionhandler
                0x0000000080005604                systemcallhandler_start
                0x0000000080005630                systemcallhandler_end
 .text          0x0000000080005634       0x48 /opt/devkitpro/devkitPPC/bin/../lib/gcc/powerpc-eabi/11.2.0/libgcc.a(eabi.o)
                0x0000000080005634                __eabi
 *(.text.*)
 .text.__do_global_dtors_aux
                0x000000008000567c       0xcc /opt/devkitpro/devkitPPC/bin/../lib/gcc/powerpc-eabi/11.2.0/crtbegin.o
 .text.frame_dummy
                0x0000000080005748       0x24 /opt/devkitpro/devkitPPC/bin/../lib/gcc/powerpc-eabi/11.2.0/crtbegin.o
 .text.__crtmain
                0x000000008000576c       0x44 /opt/devkitpro/devkitPPC/bin/../lib/gcc/powerpc-eabi/11.2.0/../../../../powerpc-eabi/lib/crtmain.o
                0x0000000080005770                __crtmain
 .text.initializeWii
                0x00000000800057b0       0xd4 main.o
                0x00000000800057b0                initializeWii
 .text.getOperand
                0x0000000080005884      0x100 main.o
                0x0000000080005884                getOperand
 .text.getOperator
                0x0000000080005984       0xa0 main.o
                0x0000000080005984                getOperator
 .text.startup.main
                0x0000000080005a24       0xcc main.o
                0x0000000080005a24                main
 .text.__wpad_assign_slot
                0x0000000080005af0      0x244 /opt/devkitpro/libogc/lib/wii/libwiiuse.a(wpad.o)
                0x0000000080005af0                __wpad_assign_slot
 .text.__wpad_def_powcb
                0x0000000080005d34        0x4 /opt/devkitpro/libogc/lib/wii/libwiiuse.a(wpad.o)
 .text.__readlinkkey_finished
                0x0000000080005d38       0x34 /opt/devkitpro/libogc/lib/wii/libwiiuse.a(wpad.o)
 .text.__wpad_patch_finished
                0x0000000080005d6c       0x2c /opt/devkitpro/libogc/lib/wii/libwiiuse.a(wpad.o)
 .text.__wpad_setfmt
                0x0000000080005d98      0x158 /opt/devkitpro/libogc/lib/wii/libwiiuse.a(wpad.o)
 .text.__wpad_eventCB
                0x0000000080005ef0      0xae4 /opt/devkitpro/libogc/lib/wii/libwiiuse.a(wpad.o)
 .text.__wpad_disconnectCB
                0x00000000800069d4       0xd4 /opt/devkitpro/libogc/lib/wii/libwiiuse.a(wpad.o)
                0x00000000800069d4                __wpad_disconnectCB
 .text.__wpad_timeouthandler
                0x0000000080006aa8       0xb0 /opt/devkitpro/libogc/lib/wii/libwiiuse.a(wpad.o)
 .text.__initcore_finished
                0x0000000080006b58       0x48 /opt/devkitpro/libogc/lib/wii/libwiiuse.a(wpad.o)
 .text.__wpad_init_finished
                0x0000000080006ba0      0x18c /opt/devkitpro/libogc/lib/wii/libwiiuse.a(wpad.o)
 .text.WPAD_ReadEvent
                0x0000000080006d2c      0x690 /opt/devkitpro/libogc/lib/wii/libwiiuse.a(wpad.o)
                0x0000000080006d2c                WPAD_ReadEvent
 .text.WPAD_ReadPending
                0x00000000800073bc      0x1c4 /opt/devkitpro/libogc/lib/wii/libwiiuse.a(wpad.o)
                0x00000000800073bc                WPAD_ReadPending
 .text.WPAD_Shutdown
                0x0000000080007580      0x108 /opt/devkitpro/libogc/lib/wii/libwiiuse.a(wpad.o)
                0x0000000080007580                WPAD_Shutdown
 .text.WPAD_Init
                0x0000000080007688      0x2c4 /opt/devkitpro/libogc/lib/wii/libwiiuse.a(wpad.o)
                0x0000000080007688                WPAD_Init
 .text.__wpad_onreset
                0x000000008000794c       0x34 /opt/devkitpro/libogc/lib/wii/libwiiuse.a(wpad.o)
 .text.WPAD_ScanPads
                0x0000000080007980       0x94 /opt/devkitpro/libogc/lib/wii/libwiiuse.a(wpad.o)
                0x0000000080007980                WPAD_ScanPads
 .text.WPAD_ButtonsDown
                0x0000000080007a14       0x28 /opt/devkitpro/libogc/lib/wii/libwiiuse.a(wpad.o)
                0x0000000080007a14                WPAD_ButtonsDown
 .text.motion_plus_disconnected
                0x0000000080007a3c       0x10 /opt/devkitpro/libogc/lib/wii/libwiiuse.a(motion_plus.o)
                0x0000000080007a3c                motion_plus_disconnected
 .text.motion_plus_event
                0x0000000080007a4c       0x64 /opt/devkitpro/libogc/lib/wii/libwiiuse.a(motion_plus.o)
                0x0000000080007a4c                motion_plus_event
 .text.calculate_gforce
                0x0000000080007ab0      0x114 /opt/devkitpro/libogc/lib/wii/libwiiuse.a(dynamics.o)
                0x0000000080007ab0                calculate_gforce
 .text.calc_joystick_state
                0x0000000080007bc4      0x210 /opt/devkitpro/libogc/lib/wii/libwiiuse.a(dynamics.o)
                0x0000000080007bc4                calc_joystick_state
 .text.apply_smoothing
                0x0000000080007dd4      0x120 /opt/devkitpro/libogc/lib/wii/libwiiuse.a(dynamics.o)
                0x0000000080007dd4                apply_smoothing
 .text.calculate_orientation
                0x0000000080007ef4      0x340 /opt/devkitpro/libogc/lib/wii/libwiiuse.a(dynamics.o)
                0x0000000080007ef4                calculate_orientation
 .text.calc_balanceboard_state
                0x0000000080008234      0x3a4 /opt/devkitpro/libogc/lib/wii/libwiiuse.a(dynamics.o)
                0x0000000080008234                calc_balanceboard_state
 .text.wiiuse_handshake
                0x00000000800085d8      0x26c /opt/devkitpro/libogc/lib/wii/libwiiuse.a(io.o)
                0x00000000800085d8                wiiuse_handshake
 .text.wiiuse_handshake_expansion
                0x0000000080008844      0x1fc /opt/devkitpro/libogc/lib/wii/libwiiuse.a(io.o)
                0x0000000080008844                wiiuse_handshake_expansion
 .text.wiiuse_handshake_expansion_start
                0x0000000080008a40       0x5c /opt/devkitpro/libogc/lib/wii/libwiiuse.a(io.o)
                0x0000000080008a40                wiiuse_handshake_expansion_start
 .text.wiiuse_disable_expansion
                0x0000000080008a9c      0x1b0 /opt/devkitpro/libogc/lib/wii/libwiiuse.a(io.o)
                0x0000000080008a9c                wiiuse_disable_expansion
 .text.__wiiuse_connected
                0x0000000080008c4c       0x9c /opt/devkitpro/libogc/lib/wii/libwiiuse.a(io_wii.o)
 .text.__wiiuse_disconnected
                0x0000000080008ce8       0xb4 /opt/devkitpro/libogc/lib/wii/libwiiuse.a(io_wii.o)
 .text.__wiiuse_receive
                0x0000000080008d9c       0xd0 /opt/devkitpro/libogc/lib/wii/libwiiuse.a(io_wii.o)
 .text.__wiiuse_sensorbar_enable
                0x0000000080008e6c       0x54 /opt/devkitpro/libogc/lib/wii/libwiiuse.a(io_wii.o)
                0x0000000080008e6c                __wiiuse_sensorbar_enable
 .text.wiiuse_register
                0x0000000080008ec0       0xf0 /opt/devkitpro/libogc/lib/wii/libwiiuse.a(io_wii.o)
                0x0000000080008ec0                wiiuse_register
 .text.wiiuse_disconnect
                0x0000000080008fb0       0x24 /opt/devkitpro/libogc/lib/wii/libwiiuse.a(io_wii.o)
                0x0000000080008fb0                wiiuse_disconnect
 .text.wiiuse_init_cmd_queue
                0x0000000080008fd4       0x9c /opt/devkitpro/libogc/lib/wii/libwiiuse.a(io_wii.o)
                0x0000000080008fd4                wiiuse_init_cmd_queue
 .text.wiiuse_io_write
                0x0000000080009070       0x1c /opt/devkitpro/libogc/lib/wii/libwiiuse.a(io_wii.o)
                0x0000000080009070                wiiuse_io_write
 .text.rotate_dots
                0x000000008000908c      0x13c /opt/devkitpro/libogc/lib/wii/libwiiuse.a(ir.o)
 .text.get_ir_sens.constprop.0.isra.0
                0x00000000800091c8       0xdc /opt/devkitpro/libogc/lib/wii/libwiiuse.a(ir.o)
 .text.wiiuse_set_ir_mode
                0x00000000800092a4       0x88 /opt/devkitpro/libogc/lib/wii/libwiiuse.a(ir.o)
                0x00000000800092a4                wiiuse_set_ir_mode
 .text.wiiuse_set_ir
                0x000000008000932c      0x208 /opt/devkitpro/libogc/lib/wii/libwiiuse.a(ir.o)
                0x000000008000932c                wiiuse_set_ir
 .text.wiiuse_set_ir_position
                0x0000000080009534       0x80 /opt/devkitpro/libogc/lib/wii/libwiiuse.a(ir.o)
                0x0000000080009534                wiiuse_set_ir_position
 .text.wiiuse_set_aspect_ratio
                0x00000000800095b4       0xac /opt/devkitpro/libogc/lib/wii/libwiiuse.a(ir.o)
                0x00000000800095b4                wiiuse_set_aspect_ratio
 .text.wiiuse_set_ir_sensitivity
                0x0000000080009660       0xd0 /opt/devkitpro/libogc/lib/wii/libwiiuse.a(ir.o)
                0x0000000080009660                wiiuse_set_ir_sensitivity
 .text.calculate_basic_ir
                0x0000000080009730       0xf8 /opt/devkitpro/libogc/lib/wii/libwiiuse.a(ir.o)
                0x0000000080009730                calculate_basic_ir
 .text.calculate_extended_ir
                0x0000000080009828       0x64 /opt/devkitpro/libogc/lib/wii/libwiiuse.a(ir.o)
                0x0000000080009828                calculate_extended_ir
 .text.find_sensorbar
                0x000000008000988c      0xa20 /opt/devkitpro/libogc/lib/wii/libwiiuse.a(ir.o)
                0x000000008000988c                find_sensorbar
 .text.apply_ir_smoothing
                0x000000008000a2ac      0x124 /opt/devkitpro/libogc/lib/wii/libwiiuse.a(ir.o)
                0x000000008000a2ac                apply_ir_smoothing
 .text.interpret_ir_data
                0x000000008000a3d0      0x3e0 /opt/devkitpro/libogc/lib/wii/libwiiuse.a(ir.o)
                0x000000008000a3d0                interpret_ir_data
 .text.nunchuk_handshake
                0x000000008000a7b0      0x308 /opt/devkitpro/libogc/lib/wii/libwiiuse.a(nunchuk.o)
                0x000000008000a7b0                nunchuk_handshake
 .text.nunchuk_disconnected
                0x000000008000aab8        0xc /opt/devkitpro/libogc/lib/wii/libwiiuse.a(nunchuk.o)
                0x000000008000aab8                nunchuk_disconnected
 .text.nunchuk_event
                0x000000008000aac4       0xe0 /opt/devkitpro/libogc/lib/wii/libwiiuse.a(nunchuk.o)
                0x000000008000aac4                nunchuk_event
 .text.wii_board_handshake
                0x000000008000aba4      0x284 /opt/devkitpro/libogc/lib/wii/libwiiuse.a(wiiboard.o)
                0x000000008000aba4                wii_board_handshake
 .text.wii_board_disconnected
                0x000000008000ae28        0xc /opt/devkitpro/libogc/lib/wii/libwiiuse.a(wiiboard.o)
                0x000000008000ae28                wii_board_disconnected
 .text.wii_board_event
                0x000000008000ae34       0x24 /opt/devkitpro/libogc/lib/wii/libwiiuse.a(wiiboard.o)
                0x000000008000ae34                wii_board_event
 .text.wiiuse_send_next_command
                0x000000008000ae58       0x58 /opt/devkitpro/libogc/lib/wii/libwiiuse.a(wiiuse.o)
                0x000000008000ae58                wiiuse_send_next_command
 .text.wiiuse_init
                0x000000008000aeb0      0x210 /opt/devkitpro/libogc/lib/wii/libwiiuse.a(wiiuse.o)
                0x000000008000aeb0                wiiuse_init
 .text.wiiuse_set_flags
                0x000000008000b0c0       0x28 /opt/devkitpro/libogc/lib/wii/libwiiuse.a(wiiuse.o)
                0x000000008000b0c0                wiiuse_set_flags
 .text.wiiuse_read_data
                0x000000008000b0e8      0x128 /opt/devkitpro/libogc/lib/wii/libwiiuse.a(wiiuse.o)
                0x000000008000b0e8                wiiuse_read_data
 .text.wiiuse_write_data
                0x000000008000b210      0x164 /opt/devkitpro/libogc/lib/wii/libwiiuse.a(wiiuse.o)
                0x000000008000b210                wiiuse_write_data
 .text.wiiuse_sendcmd
                0x000000008000b374      0x170 /opt/devkitpro/libogc/lib/wii/libwiiuse.a(wiiuse.o)
                0x000000008000b374                wiiuse_sendcmd
 .text.wiiuse_set_leds
                0x000000008000b4e4       0x50 /opt/devkitpro/libogc/lib/wii/libwiiuse.a(wiiuse.o)
                0x000000008000b4e4                wiiuse_set_leds
 .text.wiiuse_set_report_type
                0x000000008000b534       0xfc /opt/devkitpro/libogc/lib/wii/libwiiuse.a(wiiuse.o)
                0x000000008000b534                wiiuse_set_report_type
 .text.wiiuse_status
                0x000000008000b630       0x4c /opt/devkitpro/libogc/lib/wii/libwiiuse.a(wiiuse.o)
                0x000000008000b630                wiiuse_status
 .text.wiiuse_motion_sensing
                0x000000008000b67c       0x84 /opt/devkitpro/libogc/lib/wii/libwiiuse.a(wiiuse.o)
                0x000000008000b67c                wiiuse_motion_sensing
 .text.wiiuse_set_speaker
                0x000000008000b700      0x240 /opt/devkitpro/libogc/lib/wii/libwiiuse.a(speaker.o)
                0x000000008000b700                wiiuse_set_speaker
 .text.classic_ctrl_handshake
                0x000000008000b940      0x3b8 /opt/devkitpro/libogc/lib/wii/libwiiuse.a(classic.o)
                0x000000008000b940                classic_ctrl_handshake
 .text.classic_ctrl_disconnected
                0x000000008000bcf8        0xc /opt/devkitpro/libogc/lib/wii/libwiiuse.a(classic.o)
                0x000000008000bcf8                classic_ctrl_disconnected
 .text.classic_ctrl_event
                0x000000008000bd04      0x168 /opt/devkitpro/libogc/lib/wii/libwiiuse.a(classic.o)
                0x000000008000bd04                classic_ctrl_event
 .text.handle_expansion
                0x000000008000be6c       0x54 /opt/devkitpro/libogc/lib/wii/libwiiuse.a(events.o)
 .text.parse_event
                0x000000008000bec0      0x748 /opt/devkitpro/libogc/lib/wii/libwiiuse.a(events.o)
                0x000000008000bec0                parse_event
 .text.guitar_hero_3_handshake
                0x000000008000c608       0x5c /opt/devkitpro/libogc/lib/wii/libwiiuse.a(guitar_hero_3.o)
                0x000000008000c608                guitar_hero_3_handshake
 .text.guitar_hero_3_disconnected
                0x000000008000c664        0xc /opt/devkitpro/libogc/lib/wii/libwiiuse.a(guitar_hero_3.o)
                0x000000008000c664                guitar_hero_3_disconnected
 .text.guitar_hero_3_event
                0x000000008000c670       0x6c /opt/devkitpro/libogc/lib/wii/libwiiuse.a(guitar_hero_3.o)
                0x000000008000c670                guitar_hero_3_event
 .text.acl_wlp_completed
                0x000000008000c6dc        0x8 /opt/devkitpro/libogc/lib/wii/libbte.a(bte.o)
                0x000000008000c6dc                acl_wlp_completed
 .text.bt_alarmhandler
                0x000000008000c6e4       0x60 /opt/devkitpro/libogc/lib/wii/libbte.a(bte.o)
 .text.__bte_send_pending_request
                0x000000008000c744      0x108 /opt/devkitpro/libogc/lib/wii/libbte.a(bte.o)
 .text.acl_conn_complete
                0x000000008000c84c       0x2c /opt/devkitpro/libogc/lib/wii/libbte.a(bte.o)
                0x000000008000c84c                acl_conn_complete
 .text.l2cap_accepted
                0x000000008000c878      0x128 /opt/devkitpro/libogc/lib/wii/libbte.a(bte.o)
                0x000000008000c878                l2cap_accepted
 .text.bte_process_input
                0x000000008000c9a0      0x148 /opt/devkitpro/libogc/lib/wii/libbte.a(bte.o)
 .text.l2cap_disconnect_cfm
                0x000000008000cae8      0x19c /opt/devkitpro/libogc/lib/wii/libbte.a(bte.o)
                0x000000008000cae8                l2cap_disconnect_cfm
 .text.l2cap_disconnected_ind
                0x000000008000cc84      0x1a4 /opt/devkitpro/libogc/lib/wii/libbte.a(bte.o)
                0x000000008000cc84                l2cap_disconnected_ind
 .text.__bte_shutdown_finished
                0x000000008000ce28       0xd0 /opt/devkitpro/libogc/lib/wii/libbte.a(bte.o)
 .text.bte_hci_apply_patch_complete
                0x000000008000cef8      0x160 /opt/devkitpro/libogc/lib/wii/libbte.a(bte.o)
                0x000000008000cef8                bte_hci_apply_patch_complete
 .text.bte_hci_patch_complete
                0x000000008000d058      0x380 /opt/devkitpro/libogc/lib/wii/libbte.a(bte.o)
                0x000000008000d058                bte_hci_patch_complete
 .text.bte_hci_initcore_complete
                0x000000008000d3d8      0x294 /opt/devkitpro/libogc/lib/wii/libbte.a(bte.o)
                0x000000008000d3d8                bte_hci_initcore_complete
 .text.bte_read_stored_link_key_complete
                0x000000008000d66c      0x26c /opt/devkitpro/libogc/lib/wii/libbte.a(bte.o)
                0x000000008000d66c                bte_read_stored_link_key_complete
 .text.bte_hci_initcore_complete2
                0x000000008000d8d8      0x24c /opt/devkitpro/libogc/lib/wii/libbte.a(bte.o)
 .text.bte_hci_initsub_complete
                0x000000008000db24      0x2c8 /opt/devkitpro/libogc/lib/wii/libbte.a(bte.o)
                0x000000008000db24                bte_hci_initsub_complete
 .text.BTE_Init
                0x000000008000ddec      0x138 /opt/devkitpro/libogc/lib/wii/libbte.a(bte.o)
                0x000000008000ddec                BTE_Init
 .text.BTE_Shutdown
                0x000000008000df24      0x100 /opt/devkitpro/libogc/lib/wii/libbte.a(bte.o)
                0x000000008000df24                BTE_Shutdown
 .text.BTE_InitCore
                0x000000008000e024       0x8c /opt/devkitpro/libogc/lib/wii/libbte.a(bte.o)
                0x000000008000e024                BTE_InitCore
 .text.BTE_ApplyPatch
                0x000000008000e0b0       0xa4 /opt/devkitpro/libogc/lib/wii/libbte.a(bte.o)
                0x000000008000e0b0                BTE_ApplyPatch
 .text.BTE_InitSub
                0x000000008000e154       0x90 /opt/devkitpro/libogc/lib/wii/libbte.a(bte.o)
                0x000000008000e154                BTE_InitSub
 .text.BTE_ReadStoredLinkKey
                0x000000008000e1e4       0x90 /opt/devkitpro/libogc/lib/wii/libbte.a(bte.o)
                0x000000008000e1e4                BTE_ReadStoredLinkKey
 .text.BTE_SetDisconnectCallback
                0x000000008000e274        0x4 /opt/devkitpro/libogc/lib/wii/libbte.a(bte.o)
                0x000000008000e274                BTE_SetDisconnectCallback
 .text.bte_new  0x000000008000e278       0x54 /opt/devkitpro/libogc/lib/wii/libbte.a(bte.o)
                0x000000008000e278                bte_new
 .text.bte_registerdeviceasync
                0x000000008000e2cc      0x158 /opt/devkitpro/libogc/lib/wii/libbte.a(bte.o)
                0x000000008000e2cc                bte_registerdeviceasync
 .text.bte_disconnect
                0x000000008000e424       0xd8 /opt/devkitpro/libogc/lib/wii/libbte.a(bte.o)
                0x000000008000e424                bte_disconnect
 .text.bte_senddata
                0x000000008000e4fc      0x100 /opt/devkitpro/libogc/lib/wii/libbte.a(bte.o)
                0x000000008000e4fc                bte_senddata
 .text.bte_arg  0x000000008000e5fc       0x38 /opt/devkitpro/libogc/lib/wii/libbte.a(bte.o)
                0x000000008000e5fc                bte_arg
 .text.bte_received
                0x000000008000e634       0x38 /opt/devkitpro/libogc/lib/wii/libbte.a(bte.o)
                0x000000008000e634                bte_received
 .text.bte_disconnected
                0x000000008000e66c       0x38 /opt/devkitpro/libogc/lib/wii/libbte.a(bte.o)
                0x000000008000e66c                bte_disconnected
 .text.hci_get_link
                0x000000008000e6a4       0x84 /opt/devkitpro/libogc/lib/wii/libbte.a(hci.o)
 .text.hci_init
                0x000000008000e728       0x7c /opt/devkitpro/libogc/lib/wii/libbte.a(hci.o)
                0x000000008000e728                hci_init
 .text.hci_close
                0x000000008000e7a4       0xd0 /opt/devkitpro/libogc/lib/wii/libbte.a(hci.o)
                0x000000008000e7a4                hci_close
 .text.hci_reset_all
                0x000000008000e874       0xb8 /opt/devkitpro/libogc/lib/wii/libbte.a(hci.o)
                0x000000008000e874                hci_reset_all
 .text.hci_arg  0x000000008000e92c        0xc /opt/devkitpro/libogc/lib/wii/libbte.a(hci.o)
                0x000000008000e92c                hci_arg
 .text.hci_cmd_complete
                0x000000008000e938        0xc /opt/devkitpro/libogc/lib/wii/libbte.a(hci.o)
                0x000000008000e938                hci_cmd_complete
 .text.hci_connection_complete
                0x000000008000e944        0xc /opt/devkitpro/libogc/lib/wii/libbte.a(hci.o)
                0x000000008000e944                hci_connection_complete
 .text.hci_wlp_complete
                0x000000008000e950        0xc /opt/devkitpro/libogc/lib/wii/libbte.a(hci.o)
                0x000000008000e950                hci_wlp_complete
 .text.hci_reset
                0x000000008000e95c       0xa8 /opt/devkitpro/libogc/lib/wii/libbte.a(hci.o)
                0x000000008000e95c                hci_reset
 .text.hci_read_buffer_size
                0x000000008000ea04       0xa8 /opt/devkitpro/libogc/lib/wii/libbte.a(hci.o)
                0x000000008000ea04                hci_read_buffer_size
 .text.hci_read_bd_addr
                0x000000008000eaac       0xa8 /opt/devkitpro/libogc/lib/wii/libbte.a(hci.o)
                0x000000008000eaac                hci_read_bd_addr
 .text.hci_read_local_version
                0x000000008000eb54       0xa4 /opt/devkitpro/libogc/lib/wii/libbte.a(hci.o)
                0x000000008000eb54                hci_read_local_version
 .text.hci_read_local_features
                0x000000008000ebf8       0xa8 /opt/devkitpro/libogc/lib/wii/libbte.a(hci.o)
                0x000000008000ebf8                hci_read_local_features
 .text.hci_read_stored_link_key
                0x000000008000eca0       0xfc /opt/devkitpro/libogc/lib/wii/libbte.a(hci.o)
                0x000000008000eca0                hci_read_stored_link_key
 .text.hci_write_page_timeout
                0x000000008000ed9c       0xcc /opt/devkitpro/libogc/lib/wii/libbte.a(hci.o)
                0x000000008000ed9c                hci_write_page_timeout
 .text.hci_write_scan_enable
                0x000000008000ee68       0xb8 /opt/devkitpro/libogc/lib/wii/libbte.a(hci.o)
                0x000000008000ee68                hci_write_scan_enable
 .text.hci_accecpt_conn_request
                0x000000008000ef20       0xdc /opt/devkitpro/libogc/lib/wii/libbte.a(hci.o)
                0x000000008000ef20                hci_accecpt_conn_request
 .text.hci_write_local_name
                0x000000008000effc       0xd4 /opt/devkitpro/libogc/lib/wii/libbte.a(hci.o)
                0x000000008000effc                hci_write_local_name
 .text.hci_write_pin_type
                0x000000008000f0d0       0xb8 /opt/devkitpro/libogc/lib/wii/libbte.a(hci.o)
                0x000000008000f0d0                hci_write_pin_type
 .text.hci_write_inquiry_mode
                0x000000008000f188       0xb8 /opt/devkitpro/libogc/lib/wii/libbte.a(hci.o)
                0x000000008000f188                hci_write_inquiry_mode
 .text.hci_write_page_scan_type
                0x000000008000f240       0xb8 /opt/devkitpro/libogc/lib/wii/libbte.a(hci.o)
                0x000000008000f240                hci_write_page_scan_type
 .text.hci_write_inquiry_scan_type
                0x000000008000f2f8       0xb8 /opt/devkitpro/libogc/lib/wii/libbte.a(hci.o)
                0x000000008000f2f8                hci_write_inquiry_scan_type
 .text.hci_vendor_specific_command
                0x000000008000f3b0       0xe4 /opt/devkitpro/libogc/lib/wii/libbte.a(hci.o)
                0x000000008000f3b0                hci_vendor_specific_command
 .text.hci_write_link_policy_settings
                0x000000008000f494      0x100 /opt/devkitpro/libogc/lib/wii/libbte.a(hci.o)
                0x000000008000f494                hci_write_link_policy_settings
 .text.hci_pin_code_request_neg_reply
                0x000000008000f594       0xc8 /opt/devkitpro/libogc/lib/wii/libbte.a(hci.o)
                0x000000008000f594                hci_pin_code_request_neg_reply
 .text.hci_link_key_req_neg_reply
                0x000000008000f65c       0xc8 /opt/devkitpro/libogc/lib/wii/libbte.a(hci.o)
                0x000000008000f65c                hci_link_key_req_neg_reply
 .text.hci_disconnect
                0x000000008000f724       0xf8 /opt/devkitpro/libogc/lib/wii/libbte.a(hci.o)
                0x000000008000f724                hci_disconnect
 .text.hci_write_cod
                0x000000008000f81c       0xc8 /opt/devkitpro/libogc/lib/wii/libbte.a(hci.o)
                0x000000008000f81c                hci_write_cod
 .text.hci_host_buffer_size
                0x000000008000f8e4      0x108 /opt/devkitpro/libogc/lib/wii/libbte.a(hci.o)
                0x000000008000f8e4                hci_host_buffer_size
 .text.hci_host_num_comp_packets
                0x000000008000f9ec      0x104 /opt/devkitpro/libogc/lib/wii/libbte.a(hci.o)
                0x000000008000f9ec                hci_host_num_comp_packets
 .text.lp_pdu_maxsize
                0x000000008000faf0        0xc /opt/devkitpro/libogc/lib/wii/libbte.a(hci.o)
                0x000000008000faf0                lp_pdu_maxsize
 .text.lp_acl_write
                0x000000008000fafc      0x154 /opt/devkitpro/libogc/lib/wii/libbte.a(hci.o)
                0x000000008000fafc                lp_acl_write
 .text.lp_write_flush_timeout
                0x000000008000fc50      0x100 /opt/devkitpro/libogc/lib/wii/libbte.a(hci.o)
                0x000000008000fc50                lp_write_flush_timeout
 .text.hci_event_handler
                0x000000008000fd50      0xc70 /opt/devkitpro/libogc/lib/wii/libbte.a(hci.o)
                0x000000008000fd50                hci_event_handler
 .text.hci_acldata_handler
                0x00000000800109c0      0x118 /opt/devkitpro/libogc/lib/wii/libbte.a(hci.o)
                0x00000000800109c0                hci_acldata_handler
 .text.l2cap_init
                0x0000000080010ad8       0x60 /opt/devkitpro/libogc/lib/wii/libbte.a(l2cap.o)
                0x0000000080010ad8                l2cap_init
 .text.l2cap_write
                0x0000000080010b38      0x1a8 /opt/devkitpro/libogc/lib/wii/libbte.a(l2cap.o)
                0x0000000080010b38                l2cap_write
 .text.l2cap_new
                0x0000000080010ce0       0x60 /opt/devkitpro/libogc/lib/wii/libbte.a(l2cap.o)
                0x0000000080010ce0                l2cap_new
 .text.l2cap_close
                0x0000000080010d40      0x1d4 /opt/devkitpro/libogc/lib/wii/libbte.a(l2cap.o)
                0x0000000080010d40                l2cap_close
 .text.l2cap_reset_all
                0x0000000080010f14      0x154 /opt/devkitpro/libogc/lib/wii/libbte.a(l2cap.o)
                0x0000000080010f14                l2cap_reset_all
 .text.l2cap_signal
                0x0000000080011068      0x214 /opt/devkitpro/libogc/lib/wii/libbte.a(l2cap.o)
                0x0000000080011068                l2cap_signal
 .text.l2ca_config_req
                0x000000008001127c      0x168 /opt/devkitpro/libogc/lib/wii/libbte.a(l2cap.o)
                0x000000008001127c                l2ca_config_req
 .text.l2ca_disconnect_req
                0x00000000800113e4       0xc4 /opt/devkitpro/libogc/lib/wii/libbte.a(l2cap.o)
                0x00000000800113e4                l2ca_disconnect_req
 .text.l2cap_tmr
                0x00000000800114a8      0x280 /opt/devkitpro/libogc/lib/wii/libbte.a(l2cap.o)
                0x00000000800114a8                l2cap_tmr
 .text.l2cap_process_sig
                0x0000000080011728     0x127c /opt/devkitpro/libogc/lib/wii/libbte.a(l2cap.o)
                0x0000000080011728                l2cap_process_sig
 .text.l2cap_input
                0x00000000800129a4      0x578 /opt/devkitpro/libogc/lib/wii/libbte.a(l2cap.o)
                0x00000000800129a4                l2cap_input
 .text.l2ca_datawrite
                0x0000000080012f1c      0x118 /opt/devkitpro/libogc/lib/wii/libbte.a(l2cap.o)
                0x0000000080012f1c                l2ca_datawrite
 .text.lp_connect_cfm
                0x0000000080013034      0x184 /opt/devkitpro/libogc/lib/wii/libbte.a(l2cap.o)
                0x0000000080013034                lp_connect_cfm
 .text.lp_connect_ind
                0x00000000800131b8        0x4 /opt/devkitpro/libogc/lib/wii/libbte.a(l2cap.o)
                0x00000000800131b8                lp_connect_ind
 .text.lp_disconnect_ind
                0x00000000800131bc      0x12c /opt/devkitpro/libogc/lib/wii/libbte.a(l2cap.o)
                0x00000000800131bc                lp_disconnect_ind
 .text.l2cap_disconnect_bb
                0x00000000800132e8       0x10 /opt/devkitpro/libogc/lib/wii/libbte.a(l2cap.o)
                0x00000000800132e8                l2cap_disconnect_bb
 .text.l2cap_arg
                0x00000000800132f8        0x8 /opt/devkitpro/libogc/lib/wii/libbte.a(l2cap.o)
                0x00000000800132f8                l2cap_arg
 .text.l2cap_connect_ind
                0x0000000080013300      0x100 /opt/devkitpro/libogc/lib/wii/libbte.a(l2cap.o)
                0x0000000080013300                l2cap_connect_ind
 .text.l2cap_disconnect_ind
                0x0000000080013400        0x8 /opt/devkitpro/libogc/lib/wii/libbte.a(l2cap.o)
                0x0000000080013400                l2cap_disconnect_ind
 .text.l2cap_recv
                0x0000000080013408        0x8 /opt/devkitpro/libogc/lib/wii/libbte.a(l2cap.o)
                0x0000000080013408                l2cap_recv
 .text.btmemb_init
                0x0000000080013410       0x24 /opt/devkitpro/libogc/lib/wii/libbte.a(btmemb.o)
                0x0000000080013410                btmemb_init
 .text.btmemb_alloc
                0x0000000080013434       0x98 /opt/devkitpro/libogc/lib/wii/libbte.a(btmemb.o)
                0x0000000080013434                btmemb_alloc
 .text.btmemb_free
                0x00000000800134cc      0x110 /opt/devkitpro/libogc/lib/wii/libbte.a(btmemb.o)
                0x00000000800134cc                btmemb_free
 .text.plug_holes
                0x00000000800135dc       0xb8 /opt/devkitpro/libogc/lib/wii/libbte.a(btmemr.o)
 .text.btmemr_init
                0x0000000080013694       0xa4 /opt/devkitpro/libogc/lib/wii/libbte.a(btmemr.o)
                0x0000000080013694                btmemr_init
 .text.btmemr_malloc
                0x0000000080013738      0x18c /opt/devkitpro/libogc/lib/wii/libbte.a(btmemr.o)
                0x0000000080013738                btmemr_malloc
 .text.btmemr_free
                0x00000000800138c4       0x98 /opt/devkitpro/libogc/lib/wii/libbte.a(btmemr.o)
                0x00000000800138c4                btmemr_free
 .text.btmemr_realloc
                0x000000008001395c      0x10c /opt/devkitpro/libogc/lib/wii/libbte.a(btmemr.o)
                0x000000008001395c                btmemr_realloc
 .text.btpbuf_init
                0x0000000080013a68       0x28 /opt/devkitpro/libogc/lib/wii/libbte.a(btpbuf.o)
                0x0000000080013a68                btpbuf_init
 .text.btpbuf_free
                0x0000000080013a90      0x124 /opt/devkitpro/libogc/lib/wii/libbte.a(btpbuf.o)
                0x0000000080013a90                btpbuf_free
 .text.btpbuf_alloc
                0x0000000080013bb4      0x238 /opt/devkitpro/libogc/lib/wii/libbte.a(btpbuf.o)
                0x0000000080013bb4                btpbuf_alloc
 .text.btpbuf_realloc
                0x0000000080013dec       0xec /opt/devkitpro/libogc/lib/wii/libbte.a(btpbuf.o)
                0x0000000080013dec                btpbuf_realloc
 .text.btpbuf_header
                0x0000000080013ed8       0x8c /opt/devkitpro/libogc/lib/wii/libbte.a(btpbuf.o)
                0x0000000080013ed8                btpbuf_header
 .text.btpbuf_ref
                0x0000000080013f64       0x48 /opt/devkitpro/libogc/lib/wii/libbte.a(btpbuf.o)
                0x0000000080013f64                btpbuf_ref
 .text.btpbuf_chain
                0x0000000080013fac       0x9c /opt/devkitpro/libogc/lib/wii/libbte.a(btpbuf.o)
                0x0000000080013fac                btpbuf_chain
 .text.btpbuf_dechain
                0x0000000080014048       0x7c /opt/devkitpro/libogc/lib/wii/libbte.a(btpbuf.o)
                0x0000000080014048                btpbuf_dechain
 .text.btpbuf_take
                0x00000000800140c4      0x13c /opt/devkitpro/libogc/lib/wii/libbte.a(btpbuf.o)
                0x00000000800140c4                btpbuf_take
 .text.__usb_closeCB
                0x0000000080014200       0x10 /opt/devkitpro/libogc/lib/wii/libbte.a(physbusif.o)
 .text.__writebulkmsgCB
                0x0000000080014210       0x3c /opt/devkitpro/libogc/lib/wii/libbte.a(physbusif.o)
 .text.__writectrlmsgCB
                0x000000008001424c       0x3c /opt/devkitpro/libogc/lib/wii/libbte.a(physbusif.o)
 .text.__issue_intrread.part.0
                0x0000000080014288       0x80 /opt/devkitpro/libogc/lib/wii/libbte.a(physbusif.o)
 .text.__readintrdataCB
                0x0000000080014308      0x150 /opt/devkitpro/libogc/lib/wii/libbte.a(physbusif.o)
 .text.__issue_bulkread.part.0
                0x0000000080014458       0x80 /opt/devkitpro/libogc/lib/wii/libbte.a(physbusif.o)
 .text.__readbulkdataCB
                0x00000000800144d8      0x150 /opt/devkitpro/libogc/lib/wii/libbte.a(physbusif.o)
 .text.physbusif_init
                0x0000000080014628      0x1dc /opt/devkitpro/libogc/lib/wii/libbte.a(physbusif.o)
                0x0000000080014628                physbusif_init
 .text.physbusif_close
                0x0000000080014804       0x20 /opt/devkitpro/libogc/lib/wii/libbte.a(physbusif.o)
                0x0000000080014804                physbusif_close
 .text.physbusif_shutdown
                0x0000000080014824       0x24 /opt/devkitpro/libogc/lib/wii/libbte.a(physbusif.o)
                0x0000000080014824                physbusif_shutdown
 .text.physbusif_reset_all
                0x0000000080014848        0x4 /opt/devkitpro/libogc/lib/wii/libbte.a(physbusif.o)
                0x0000000080014848                physbusif_reset_all
 .text.physbusif_output
                0x000000008001484c      0x1e0 /opt/devkitpro/libogc/lib/wii/libbte.a(physbusif.o)
                0x000000008001484c                physbusif_output
 .text.__console_clear_line
                0x0000000080014a2c       0x98 /opt/devkitpro/libogc/lib/wii/libogc.a(console.o)
 .text.__console_clear
                0x0000000080014ac4       0xbc /opt/devkitpro/libogc/lib/wii/libogc.a(console.o)
 .text.__console_write
                0x0000000080014b80      0x7e0 /opt/devkitpro/libogc/lib/wii/libogc.a(console.o)
                0x0000000080014b80                __console_write
 .text.__console_init
                0x0000000080015360      0x108 /opt/devkitpro/libogc/lib/wii/libogc.a(console.o)
                0x0000000080015360                __console_init
 .text.CON_Init
                0x0000000080015468        0x4 /opt/devkitpro/libogc/lib/wii/libogc.a(console.o)
                0x0000000080015468                CON_Init
 .text.CON_EnableGecko
                0x000000008001546c      0x100 /opt/devkitpro/libogc/lib/wii/libogc.a(console.o)
                0x000000008001546c                CON_EnableGecko
 .text.__lwp_queue_initialize
                0x000000008001556c       0x98 /opt/devkitpro/libogc/lib/wii/libogc.a(lwp_queue.o)
                0x000000008001556c                __lwp_queue_initialize
 .text.__lwp_queue_get
                0x0000000080015604       0x74 /opt/devkitpro/libogc/lib/wii/libogc.a(lwp_queue.o)
                0x0000000080015604                __lwp_queue_get
 .text.__lwp_queue_append
                0x0000000080015678       0x4c /opt/devkitpro/libogc/lib/wii/libogc.a(lwp_queue.o)
                0x0000000080015678                __lwp_queue_append
 .text.__lwp_isr_in_progress
                0x00000000800156c4        0x8 /opt/devkitpro/libogc/lib/wii/libogc.a(lwp_threads.o)
                0x00000000800156c4                __lwp_isr_in_progress
 .text.__thread_dispatch_fp
                0x00000000800156cc       0x88 /opt/devkitpro/libogc/lib/wii/libogc.a(lwp_threads.o)
                0x00000000800156cc                __thread_dispatch_fp
 .text.__thread_dispatch
                0x0000000080015754      0x110 /opt/devkitpro/libogc/lib/wii/libogc.a(lwp_threads.o)
                0x0000000080015754                __thread_dispatch
 .text.__lwp_thread_resettimeslice
                0x0000000080015864       0xb4 /opt/devkitpro/libogc/lib/wii/libogc.a(lwp_threads.o)
                0x0000000080015864                __lwp_thread_resettimeslice
 .text.__lwp_thread_tickle_timeslice
                0x0000000080015918       0xc8 /opt/devkitpro/libogc/lib/wii/libogc.a(lwp_threads.o)
                0x0000000080015918                __lwp_thread_tickle_timeslice
 .text.__lwp_thread_setstate
                0x00000000800159e0      0x16c /opt/devkitpro/libogc/lib/wii/libogc.a(lwp_threads.o)
                0x00000000800159e0                __lwp_thread_setstate
 .text.__lwp_thread_clearstate
                0x0000000080015b4c       0xe4 /opt/devkitpro/libogc/lib/wii/libogc.a(lwp_threads.o)
                0x0000000080015b4c                __lwp_thread_clearstate
 .text.__lwp_thread_delayended
                0x0000000080015c30       0x48 /opt/devkitpro/libogc/lib/wii/libogc.a(lwp_threads.o)
                0x0000000080015c30                __lwp_thread_delayended
 .text.__lwp_thread_settransient
                0x0000000080015c78       0xb4 /opt/devkitpro/libogc/lib/wii/libogc.a(lwp_threads.o)
                0x0000000080015c78                __lwp_thread_settransient
 .text.__lwp_thread_changepriority
                0x0000000080015d2c      0x1f8 /opt/devkitpro/libogc/lib/wii/libogc.a(lwp_threads.o)
                0x0000000080015d2c                __lwp_thread_changepriority
 .text.__lwp_thread_ready
                0x0000000080015f24       0xf0 /opt/devkitpro/libogc/lib/wii/libogc.a(lwp_threads.o)
                0x0000000080015f24                __lwp_thread_ready
 .text.__lwp_thread_init
                0x0000000080016014      0x168 /opt/devkitpro/libogc/lib/wii/libogc.a(lwp_threads.o)
                0x0000000080016014                __lwp_thread_init
 .text.__lwp_thread_close
                0x000000008001617c      0x138 /opt/devkitpro/libogc/lib/wii/libogc.a(lwp_threads.o)
                0x000000008001617c                __lwp_thread_close
 .text.__lwp_thread_handler
                0x00000000800162b4       0xd8 /opt/devkitpro/libogc/lib/wii/libogc.a(lwp_threads.o)
 .text.__lwp_thread_closeall
                0x000000008001638c       0xb4 /opt/devkitpro/libogc/lib/wii/libogc.a(lwp_threads.o)
                0x000000008001638c                __lwp_thread_closeall
 .text.__lwp_thread_start
                0x0000000080016440       0xe8 /opt/devkitpro/libogc/lib/wii/libogc.a(lwp_threads.o)
                0x0000000080016440                __lwp_thread_start
 .text.__lwp_thread_startmultitasking
                0x0000000080016528       0xac /opt/devkitpro/libogc/lib/wii/libogc.a(lwp_threads.o)
                0x0000000080016528                __lwp_thread_startmultitasking
 .text.__lwp_thread_stopmultitasking
                0x00000000800165d4       0x58 /opt/devkitpro/libogc/lib/wii/libogc.a(lwp_threads.o)
                0x00000000800165d4                __lwp_thread_stopmultitasking
 .text.__lwp_thread_coreinit
                0x000000008001662c       0xc8 /opt/devkitpro/libogc/lib/wii/libogc.a(lwp_threads.o)
                0x000000008001662c                __lwp_thread_coreinit
 .text.idle_func
                0x00000000800166f4        0x4 /opt/devkitpro/libogc/lib/wii/libogc.a(lwp.o)
 .text.__lwp_sysinit
                0x00000000800166f8      0x114 /opt/devkitpro/libogc/lib/wii/libogc.a(lwp.o)
                0x00000000800166f8                __lwp_sysinit
 .text.LWP_InitQueue
                0x000000008001680c      0x148 /opt/devkitpro/libogc/lib/wii/libogc.a(lwp.o)
                0x000000008001680c                LWP_InitQueue
 .text.LWP_CloseQueue
                0x0000000080016954       0xd4 /opt/devkitpro/libogc/lib/wii/libogc.a(lwp.o)
                0x0000000080016954                LWP_CloseQueue
 .text.LWP_ThreadSleep
                0x0000000080016a28      0x110 /opt/devkitpro/libogc/lib/wii/libogc.a(lwp.o)
                0x0000000080016a28                LWP_ThreadSleep
 .text.LWP_ThreadBroadcast
                0x0000000080016b38       0x88 /opt/devkitpro/libogc/lib/wii/libogc.a(lwp.o)
                0x0000000080016b38                LWP_ThreadBroadcast
 .text.LWP_ThreadSignal
                0x0000000080016bc0       0x74 /opt/devkitpro/libogc/lib/wii/libogc.a(lwp.o)
                0x0000000080016bc0                LWP_ThreadSignal
 .text.__lwp_stack_allocate
                0x0000000080016c34       0x60 /opt/devkitpro/libogc/lib/wii/libogc.a(lwp_stack.o)
                0x0000000080016c34                __lwp_stack_allocate
 .text.__lwp_stack_free
                0x0000000080016c94       0x1c /opt/devkitpro/libogc/lib/wii/libogc.a(lwp_stack.o)
                0x0000000080016c94                __lwp_stack_free
 .text.__lwp_wd_settimer
                0x0000000080016cb0       0xe0 /opt/devkitpro/libogc/lib/wii/libogc.a(lwp_watchdog.o)
 .text.__lwp_watchdog_init
                0x0000000080016d90       0x2c /opt/devkitpro/libogc/lib/wii/libogc.a(lwp_watchdog.o)
                0x0000000080016d90                __lwp_watchdog_init
 .text.__lwp_wd_insert
                0x0000000080016dbc      0x194 /opt/devkitpro/libogc/lib/wii/libogc.a(lwp_watchdog.o)
                0x0000000080016dbc                __lwp_wd_insert
 .text.__lwp_wd_remove
                0x0000000080016f50      0x138 /opt/devkitpro/libogc/lib/wii/libogc.a(lwp_watchdog.o)
                0x0000000080016f50                __lwp_wd_remove
 .text.__lwp_wd_tickle
                0x0000000080017088      0x120 /opt/devkitpro/libogc/lib/wii/libogc.a(lwp_watchdog.o)
                0x0000000080017088                __lwp_wd_tickle
 .text.__lwp_wkspace_init
                0x00000000800171a8       0xc0 /opt/devkitpro/libogc/lib/wii/libogc.a(lwp_wkspace.o)
                0x00000000800171a8                __lwp_wkspace_init
 .text.__lwp_objmgr_initinfo
                0x0000000080017268      0x1a0 /opt/devkitpro/libogc/lib/wii/libogc.a(lwp_objmgr.o)
                0x0000000080017268                __lwp_objmgr_initinfo
 .text.__lwp_objmgr_getisrdisable
                0x0000000080017408       0x60 /opt/devkitpro/libogc/lib/wii/libogc.a(lwp_objmgr.o)
                0x0000000080017408                __lwp_objmgr_getisrdisable
 .text.__lwp_objmgr_getnoprotection
                0x0000000080017468       0x24 /opt/devkitpro/libogc/lib/wii/libogc.a(lwp_objmgr.o)
                0x0000000080017468                __lwp_objmgr_getnoprotection
 .text.__lwp_objmgr_get
                0x000000008001748c       0x70 /opt/devkitpro/libogc/lib/wii/libogc.a(lwp_objmgr.o)
                0x000000008001748c                __lwp_objmgr_get
 .text.__lwp_objmgr_allocate
                0x00000000800174fc       0x88 /opt/devkitpro/libogc/lib/wii/libogc.a(lwp_objmgr.o)
                0x00000000800174fc                __lwp_objmgr_allocate
 .text.__lwp_objmgr_free
                0x0000000080017584       0x60 /opt/devkitpro/libogc/lib/wii/libogc.a(lwp_objmgr.o)
                0x0000000080017584                __lwp_objmgr_free
 .text.__lwp_heap_init
                0x00000000800175e4       0xa4 /opt/devkitpro/libogc/lib/wii/libogc.a(lwp_heap.o)
                0x00000000800175e4                __lwp_heap_init
 .text.__lwp_heap_allocate
                0x0000000080017688      0x16c /opt/devkitpro/libogc/lib/wii/libogc.a(lwp_heap.o)
                0x0000000080017688                __lwp_heap_allocate
 .text.__lwp_heap_free
                0x00000000800177f4      0x188 /opt/devkitpro/libogc/lib/wii/libogc.a(lwp_heap.o)
                0x00000000800177f4                __lwp_heap_free
 .text.__SetInterrupts
                0x000000008001797c      0x27c /opt/devkitpro/libogc/lib/wii/libogc.a(irq.o)
 .text.c_irqdispatcher
                0x0000000080017bf8      0x28c /opt/devkitpro/libogc/lib/wii/libogc.a(irq.o)
                0x0000000080017bf8                c_irqdispatcher
 .text.__UnmaskIrq
                0x0000000080017e84       0x84 /opt/devkitpro/libogc/lib/wii/libogc.a(irq.o)
                0x0000000080017e84                __UnmaskIrq
 .text.__MaskIrq
                0x0000000080017f08       0x84 /opt/devkitpro/libogc/lib/wii/libogc.a(irq.o)
                0x0000000080017f08                __MaskIrq
 .text.__irq_init
                0x0000000080017f8c       0x9c /opt/devkitpro/libogc/lib/wii/libogc.a(irq.o)
                0x0000000080017f8c                __irq_init
 .text.IRQ_Request
                0x0000000080018028       0x50 /opt/devkitpro/libogc/lib/wii/libogc.a(irq.o)
                0x0000000080018028                IRQ_Request
 .text.IRQ_GetHandler
                0x0000000080018078       0x44 /opt/devkitpro/libogc/lib/wii/libogc.a(irq.o)
                0x0000000080018078                IRQ_GetHandler
 .text.IRQ_Disable
                0x00000000800180bc       0x1c /opt/devkitpro/libogc/lib/wii/libogc.a(irq.o)
                0x00000000800180bc                IRQ_Disable
 .text.IRQ_Restore
                0x00000000800180d8       0x1c /opt/devkitpro/libogc/lib/wii/libogc.a(irq.o)
                0x00000000800180d8                IRQ_Restore
 .text.__VISendI2CData.constprop.0.isra.0
                0x00000000800180f4      0x450 /opt/devkitpro/libogc/lib/wii/libogc.a(video.o)
 .text.__setFbbRegs.constprop.0
                0x0000000080018544      0x188 /opt/devkitpro/libogc/lib/wii/libogc.a(video.o)
 .text.__VISetYUVSEL
                0x00000000800186cc       0xc0 /opt/devkitpro/libogc/lib/wii/libogc.a(video.o)
 .text.VIDEO_Configure
                0x000000008001878c      0x5e0 /opt/devkitpro/libogc/lib/wii/libogc.a(video.o)
                0x000000008001878c                VIDEO_Configure
 .text.VIDEO_WaitVSync
                0x0000000080018d6c       0x74 /opt/devkitpro/libogc/lib/wii/libogc.a(video.o)
                0x0000000080018d6c                VIDEO_WaitVSync
 .text.VIDEO_SetFramebuffer
                0x0000000080018de0      0x108 /opt/devkitpro/libogc/lib/wii/libogc.a(video.o)
                0x0000000080018de0                VIDEO_SetFramebuffer
 .text.VIDEO_SetNextFramebuffer
                0x0000000080018ee8       0x70 /opt/devkitpro/libogc/lib/wii/libogc.a(video.o)
                0x0000000080018ee8                VIDEO_SetNextFramebuffer
 .text.VIDEO_Flush
                0x0000000080018f58       0xf4 /opt/devkitpro/libogc/lib/wii/libogc.a(video.o)
                0x0000000080018f58                VIDEO_Flush
 .text.VIDEO_SetBlack
                0x000000008001904c      0x144 /opt/devkitpro/libogc/lib/wii/libogc.a(video.o)
                0x000000008001904c                VIDEO_SetBlack
 .text.VIDEO_GetCurrentTvMode
                0x0000000080019190       0x7c /opt/devkitpro/libogc/lib/wii/libogc.a(video.o)
                0x0000000080019190                VIDEO_GetCurrentTvMode
 .text.__VIRetraceHandler
                0x000000008001920c      0x294 /opt/devkitpro/libogc/lib/wii/libogc.a(video.o)
 .text.__VISetupEncoder
                0x00000000800194a0      0x2cc /opt/devkitpro/libogc/lib/wii/libogc.a(video.o)
 .text.VIDEO_Init
                0x000000008001976c      0x4cc /opt/devkitpro/libogc/lib/wii/libogc.a(video.o)
                0x000000008001976c                VIDEO_Init
 .text.VIDEO_GetPreferredMode
                0x0000000080019c38      0x100 /opt/devkitpro/libogc/lib/wii/libogc.a(video.o)
                0x0000000080019c38                VIDEO_GetPreferredMode
 .text.VIDEO_GetCurrentLine
                0x0000000080019d38       0x9c /opt/devkitpro/libogc/lib/wii/libogc.a(video.o)
                0x0000000080019d38                VIDEO_GetCurrentLine
 .text.VIDEO_GetFrameBufferSize
                0x0000000080019dd4       0x30 /opt/devkitpro/libogc/lib/wii/libogc.a(video.o)
                0x0000000080019dd4                VIDEO_GetFrameBufferSize
 .text.__call_resetfuncs
                0x0000000080019e04       0xbc /opt/devkitpro/libogc/lib/wii/libogc.a(system.o)
 .text.__MEMInterruptHandler
                0x0000000080019ec0       0x14 /opt/devkitpro/libogc/lib/wii/libogc.a(system.o)
 .text.__RSWDefaultHandler
                0x0000000080019ed4        0x4 /opt/devkitpro/libogc/lib/wii/libogc.a(system.o)
 .text.__POWDefaultHandler
                0x0000000080019ed8        0x4 /opt/devkitpro/libogc/lib/wii/libogc.a(system.o)
 .text.__STMEventHandler
                0x0000000080019edc      0x104 /opt/devkitpro/libogc/lib/wii/libogc.a(system.o)
 .text.__sys_alarmhandler
                0x0000000080019fe0       0xfc /opt/devkitpro/libogc/lib/wii/libogc.a(system.o)
 .text.__getrtc
                0x000000008001a0dc      0x150 /opt/devkitpro/libogc/lib/wii/libogc.a(system.o)
 .text.__sram_write
                0x000000008001a22c      0x148 /opt/devkitpro/libogc/lib/wii/libogc.a(system.o)
 .text.__sram_writecallback
                0x000000008001a374       0x54 /opt/devkitpro/libogc/lib/wii/libogc.a(system.o)
 .text.__mem_onreset
                0x000000008001a3c8       0x48 /opt/devkitpro/libogc/lib/wii/libogc.a(system.o)
 .text.__unlocksram
                0x000000008001a410      0x180 /opt/devkitpro/libogc/lib/wii/libogc.a(system.o)
 .text.__syscall_sbrk_r
                0x000000008001a590        0x4 /opt/devkitpro/libogc/lib/wii/libogc.a(system.o)
                0x000000008001a590                __syscall_sbrk_r
 .text.__syscall_lock_init
                0x000000008001a594        0x4 /opt/devkitpro/libogc/lib/wii/libogc.a(system.o)
                0x000000008001a594                __syscall_lock_init
 .text.__syscall_lock_close
                0x000000008001a598        0x4 /opt/devkitpro/libogc/lib/wii/libogc.a(system.o)
                0x000000008001a598                __syscall_lock_close
 .text.__syscall_lock_release
                0x000000008001a59c        0x4 /opt/devkitpro/libogc/lib/wii/libogc.a(system.o)
                0x000000008001a59c                __syscall_lock_release
 .text.__syscall_lock_acquire
                0x000000008001a5a0        0x4 /opt/devkitpro/libogc/lib/wii/libogc.a(system.o)
                0x000000008001a5a0                __syscall_lock_acquire
 .text.__syscall_malloc_lock
                0x000000008001a5a4        0x4 /opt/devkitpro/libogc/lib/wii/libogc.a(system.o)
                0x000000008001a5a4                __syscall_malloc_lock
 .text.__syscall_malloc_unlock
                0x000000008001a5a8        0x4 /opt/devkitpro/libogc/lib/wii/libogc.a(system.o)
                0x000000008001a5a8                __syscall_malloc_unlock
 .text.__syscall_nanosleep
                0x000000008001a5ac        0x4 /opt/devkitpro/libogc/lib/wii/libogc.a(system.o)
                0x000000008001a5ac                __syscall_nanosleep
 .text.__SYS_GetRTC
                0x000000008001a5b0       0xd4 /opt/devkitpro/libogc/lib/wii/libogc.a(system.o)
                0x000000008001a5b0                __SYS_GetRTC
 .text.__SYS_GetIPCBufferLo
                0x000000008001a684        0x8 /opt/devkitpro/libogc/lib/wii/libogc.a(system.o)
                0x000000008001a684                __SYS_GetIPCBufferLo
 .text.__SYS_GetIPCBufferHi
                0x000000008001a68c        0x8 /opt/devkitpro/libogc/lib/wii/libogc.a(system.o)
                0x000000008001a68c                __SYS_GetIPCBufferHi
 .text.__SYS_DoPowerCB
                0x000000008001a694       0x74 /opt/devkitpro/libogc/lib/wii/libogc.a(system.o)
                0x000000008001a694                __SYS_DoPowerCB
 .text.__SYS_PreInit
                0x000000008001a708        0x4 /opt/devkitpro/libogc/lib/wii/libogc.a(system.o)
                0x000000008001a708                __SYS_PreInit
 .text.SYS_PreMain
                0x000000008001a70c       0xc8 /opt/devkitpro/libogc/lib/wii/libogc.a(system.o)
                0x000000008001a70c                SYS_PreMain
 .text.SYS_ResetButtonDown
                0x000000008001a7d4       0x18 /opt/devkitpro/libogc/lib/wii/libogc.a(system.o)
                0x000000008001a7d4                SYS_ResetButtonDown
 .text.SYS_ResetSystem
                0x000000008001a7ec      0x210 /opt/devkitpro/libogc/lib/wii/libogc.a(system.o)
                0x000000008001a7ec                SYS_ResetSystem
 .text.__reload
                0x000000008001a9fc       0x80 /opt/devkitpro/libogc/lib/wii/libogc.a(system.o)
                0x000000008001a9fc                __reload
 .text.__syscall_exit
                0x000000008001aa7c       0x88 /opt/devkitpro/libogc/lib/wii/libogc.a(system.o)
                0x000000008001aa7c                __syscall_exit
 .text.SYS_RegisterResetFunc
                0x000000008001ab04       0x78 /opt/devkitpro/libogc/lib/wii/libogc.a(system.o)
                0x000000008001ab04                SYS_RegisterResetFunc
 .text.SYS_SetArena1Lo
                0x000000008001ab7c       0x38 /opt/devkitpro/libogc/lib/wii/libogc.a(system.o)
                0x000000008001ab7c                SYS_SetArena1Lo
 .text.SYS_GetArena1Lo
                0x000000008001abb4       0x38 /opt/devkitpro/libogc/lib/wii/libogc.a(system.o)
                0x000000008001abb4                SYS_GetArena1Lo
 .text.SYS_GetArena1Hi
                0x000000008001abec       0x38 /opt/devkitpro/libogc/lib/wii/libogc.a(system.o)
                0x000000008001abec                SYS_GetArena1Hi
 .text.SYS_SetArena2Lo
                0x000000008001ac24       0x38 /opt/devkitpro/libogc/lib/wii/libogc.a(system.o)
                0x000000008001ac24                SYS_SetArena2Lo
 .text.SYS_GetArena2Lo
                0x000000008001ac5c       0x38 /opt/devkitpro/libogc/lib/wii/libogc.a(system.o)
                0x000000008001ac5c                SYS_GetArena2Lo
 .text.SYS_SetArena2Hi
                0x000000008001ac94       0x38 /opt/devkitpro/libogc/lib/wii/libogc.a(system.o)
                0x000000008001ac94                SYS_SetArena2Hi
 .text.SYS_GetArena2Hi
                0x000000008001accc       0x38 /opt/devkitpro/libogc/lib/wii/libogc.a(system.o)
                0x000000008001accc                SYS_GetArena2Hi
 .text.SYS_AllocateFramebuffer
                0x000000008001ad04       0x28 /opt/devkitpro/libogc/lib/wii/libogc.a(system.o)
                0x000000008001ad04                SYS_AllocateFramebuffer
 .text.SYS_CreateAlarm
                0x000000008001ad2c      0x10c /opt/devkitpro/libogc/lib/wii/libogc.a(system.o)
                0x000000008001ad2c                SYS_CreateAlarm
 .text.SYS_SetAlarm
                0x000000008001ae38      0x1b0 /opt/devkitpro/libogc/lib/wii/libogc.a(system.o)
                0x000000008001ae38                SYS_SetAlarm
 .text.SYS_SetPeriodicAlarm
                0x000000008001afe8      0x228 /opt/devkitpro/libogc/lib/wii/libogc.a(system.o)
                0x000000008001afe8                SYS_SetPeriodicAlarm
 .text.SYS_RemoveAlarm
                0x000000008001b210      0x12c /opt/devkitpro/libogc/lib/wii/libogc.a(system.o)
                0x000000008001b210                SYS_RemoveAlarm
 .text.SYS_CancelAlarm
                0x000000008001b33c       0xdc /opt/devkitpro/libogc/lib/wii/libogc.a(system.o)
                0x000000008001b33c                SYS_CancelAlarm
 .text.SYS_GetWirelessID
                0x000000008001b418       0x90 /opt/devkitpro/libogc/lib/wii/libogc.a(system.o)
                0x000000008001b418                SYS_GetWirelessID
 .text.SYS_SetWirelessID
                0x000000008001b4a8       0x90 /opt/devkitpro/libogc/lib/wii/libogc.a(system.o)
                0x000000008001b4a8                SYS_SetWirelessID
 .text.SYS_SetGBSMode
                0x000000008001b538       0xa8 /opt/devkitpro/libogc/lib/wii/libogc.a(system.o)
                0x000000008001b538                SYS_SetGBSMode
 .text.__sram_init
                0x000000008001b5e0      0x1b4 /opt/devkitpro/libogc/lib/wii/libogc.a(system.o)
                0x000000008001b5e0                __sram_init
 .text.SYS_Init
                0x000000008001b794      0x5f0 /opt/devkitpro/libogc/lib/wii/libogc.a(system.o)
                0x000000008001b794                SYS_Init
 .text.SYS_GetHollywoodRevision
                0x000000008001bd84       0x3c /opt/devkitpro/libogc/lib/wii/libogc.a(system.o)
                0x000000008001bd84                SYS_GetHollywoodRevision
 .text.__lwp_cond_init
                0x000000008001bdc0       0x14 /opt/devkitpro/libogc/lib/wii/libogc.a(cond.o)
                0x000000008001bdc0                __lwp_cond_init
 .text.__decrementer_init
                0x000000008001bdd4        0x4 /opt/devkitpro/libogc/lib/wii/libogc.a(decrementer.o)
                0x000000008001bdd4                __decrementer_init
 .text.c_decrementer_handler
                0x000000008001bdd8        0xc /opt/devkitpro/libogc/lib/wii/libogc.a(decrementer.o)
                0x000000008001bdd8                c_decrementer_handler
 .text.__lwp_mqbox_init
                0x000000008001bde4       0x14 /opt/devkitpro/libogc/lib/wii/libogc.a(message.o)
                0x000000008001bde4                __lwp_mqbox_init
 .text.__si_transfer
                0x000000008001bdf8      0x188 /opt/devkitpro/libogc/lib/wii/libogc.a(si.o)
 .text.__si_alarmhandler
                0x000000008001bf80       0xe0 /opt/devkitpro/libogc/lib/wii/libogc.a(si.o)
 .text.__si_completetransfer
                0x000000008001c060      0x1f4 /opt/devkitpro/libogc/lib/wii/libogc.a(si.o)
 .text.__si_transfernext
                0x000000008001c254       0xe8 /opt/devkitpro/libogc/lib/wii/libogc.a(si.o)
 .text.SI_Busy  0x000000008001c33c       0x18 /opt/devkitpro/libogc/lib/wii/libogc.a(si.o)
                0x000000008001c33c                SI_Busy
 .text.SI_IsChanBusy
                0x000000008001c354       0x38 /opt/devkitpro/libogc/lib/wii/libogc.a(si.o)
                0x000000008001c354                SI_IsChanBusy
 .text.SI_SetXY
                0x000000008001c38c       0x64 /opt/devkitpro/libogc/lib/wii/libogc.a(si.o)
                0x000000008001c38c                SI_SetXY
 .text.SI_EnablePolling
                0x000000008001c3f0       0x80 /opt/devkitpro/libogc/lib/wii/libogc.a(si.o)
                0x000000008001c3f0                SI_EnablePolling
 .text.SI_DisablePolling
                0x000000008001c470       0x58 /opt/devkitpro/libogc/lib/wii/libogc.a(si.o)
                0x000000008001c470                SI_DisablePolling
 .text.SI_SetSamplingRate
                0x000000008001c4c8       0xdc /opt/devkitpro/libogc/lib/wii/libogc.a(si.o)
                0x000000008001c4c8                SI_SetSamplingRate
 .text.SI_RefreshSamplingRate
                0x000000008001c5a4        0x8 /opt/devkitpro/libogc/lib/wii/libogc.a(si.o)
                0x000000008001c5a4                SI_RefreshSamplingRate
 .text.SI_GetStatus
                0x000000008001c5ac       0x78 /opt/devkitpro/libogc/lib/wii/libogc.a(si.o)
                0x000000008001c5ac                SI_GetStatus
 .text.SI_GetResponseRaw
                0x000000008001c624       0xe8 /opt/devkitpro/libogc/lib/wii/libogc.a(si.o)
                0x000000008001c624                SI_GetResponseRaw
 .text.SI_GetResponse
                0x000000008001c70c       0xb8 /opt/devkitpro/libogc/lib/wii/libogc.a(si.o)
                0x000000008001c70c                SI_GetResponse
 .text.SI_SetCommand
                0x000000008001c7c4       0x10 /opt/devkitpro/libogc/lib/wii/libogc.a(si.o)
                0x000000008001c7c4                SI_SetCommand
 .text.SI_Transfer
                0x000000008001c7d4      0x250 /opt/devkitpro/libogc/lib/wii/libogc.a(si.o)
                0x000000008001c7d4                SI_Transfer
 .text.__si_gettypecallback
                0x000000008001ca24      0x2c0 /opt/devkitpro/libogc/lib/wii/libogc.a(si.o)
 .text.__si_interrupthandler
                0x000000008001cce4      0x26c /opt/devkitpro/libogc/lib/wii/libogc.a(si.o)
 .text.SI_GetType
                0x000000008001cf50      0x1f4 /opt/devkitpro/libogc/lib/wii/libogc.a(si.o)
                0x000000008001cf50                SI_GetType
 .text.SI_GetTypeAsync
                0x000000008001d144      0x138 /opt/devkitpro/libogc/lib/wii/libogc.a(si.o)
                0x000000008001d144                SI_GetTypeAsync
 .text.SI_EnablePollingInterrupt
                0x000000008001d27c       0x80 /opt/devkitpro/libogc/lib/wii/libogc.a(si.o)
                0x000000008001d27c                SI_EnablePollingInterrupt
 .text.SI_UnregisterPollingHandler
                0x000000008001d2fc       0xdc /opt/devkitpro/libogc/lib/wii/libogc.a(si.o)
                0x000000008001d2fc                SI_UnregisterPollingHandler
 .text.__si_init
                0x000000008001d3d8       0xe8 /opt/devkitpro/libogc/lib/wii/libogc.a(si.o)
                0x000000008001d3d8                __si_init
 .text.__ipc_sendrequest
                0x000000008001d4c0      0x104 /opt/devkitpro/libogc/lib/wii/libogc.a(ipc.o)
 .text.__ipc_syncrequest
                0x000000008001d5c4       0xe4 /opt/devkitpro/libogc/lib/wii/libogc.a(ipc.o)
 .text.__ioctlvfmtCB
                0x000000008001d6a8      0x158 /opt/devkitpro/libogc/lib/wii/libogc.a(ipc.o)
 .text.__ios_ioctlvformat_parse
                0x000000008001d800      0x80c /opt/devkitpro/libogc/lib/wii/libogc.a(ipc.o)
 .text.__ipc_asyncrequest
                0x000000008001e00c      0x144 /opt/devkitpro/libogc/lib/wii/libogc.a(ipc.o)
 .text.__ipc_interrupthandler
                0x000000008001e150      0x33c /opt/devkitpro/libogc/lib/wii/libogc.a(ipc.o)
 .text.iosCreateHeap
                0x000000008001e48c      0x12c /opt/devkitpro/libogc/lib/wii/libogc.a(ipc.o)
                0x000000008001e48c                iosCreateHeap
 .text.iosAlloc
                0x000000008001e5b8       0x30 /opt/devkitpro/libogc/lib/wii/libogc.a(ipc.o)
                0x000000008001e5b8                iosAlloc
 .text.iosFree  0x000000008001e5e8       0x28 /opt/devkitpro/libogc/lib/wii/libogc.a(ipc.o)
                0x000000008001e5e8                iosFree
 .text.__IPC_ClntInit
                0x000000008001e610       0xc8 /opt/devkitpro/libogc/lib/wii/libogc.a(ipc.o)
                0x000000008001e610                __IPC_ClntInit
 .text.IOS_Open
                0x000000008001e6d8      0x110 /opt/devkitpro/libogc/lib/wii/libogc.a(ipc.o)
                0x000000008001e6d8                IOS_Open
 .text.IOS_Close
                0x000000008001e7e8       0xf0 /opt/devkitpro/libogc/lib/wii/libogc.a(ipc.o)
                0x000000008001e7e8                IOS_Close
 .text.IOS_CloseAsync
                0x000000008001e8d8       0xb4 /opt/devkitpro/libogc/lib/wii/libogc.a(ipc.o)
                0x000000008001e8d8                IOS_CloseAsync
 .text.IOS_Read
                0x000000008001e98c      0x10c /opt/devkitpro/libogc/lib/wii/libogc.a(ipc.o)
                0x000000008001e98c                IOS_Read
 .text.IOS_Write
                0x000000008001ea98      0x10c /opt/devkitpro/libogc/lib/wii/libogc.a(ipc.o)
                0x000000008001ea98                IOS_Write
 .text.IOS_Ioctl
                0x000000008001eba4      0x158 /opt/devkitpro/libogc/lib/wii/libogc.a(ipc.o)
                0x000000008001eba4                IOS_Ioctl
 .text.IOS_IoctlAsync
                0x000000008001ecfc      0x148 /opt/devkitpro/libogc/lib/wii/libogc.a(ipc.o)
                0x000000008001ecfc                IOS_IoctlAsync
 .text.IOS_Ioctlv
                0x000000008001ee44      0x1f0 /opt/devkitpro/libogc/lib/wii/libogc.a(ipc.o)
                0x000000008001ee44                IOS_Ioctlv
 .text.IOS_IoctlvAsync
                0x000000008001f034      0x1d4 /opt/devkitpro/libogc/lib/wii/libogc.a(ipc.o)
                0x000000008001f034                IOS_IoctlvAsync
 .text.IOS_IoctlvFormat
                0x000000008001f208      0x16c /opt/devkitpro/libogc/lib/wii/libogc.a(ipc.o)
                0x000000008001f208                IOS_IoctlvFormat
 .text.IOS_IoctlvReboot
                0x000000008001f374      0x1f4 /opt/devkitpro/libogc/lib/wii/libogc.a(ipc.o)
                0x000000008001f374                IOS_IoctlvReboot
 .text.gettick  0x000000008001f568        0x8 /opt/devkitpro/libogc/lib/wii/libogc.a(timesupp.o)
                0x000000008001f568                gettick
 .text.gettime  0x000000008001f570       0x18 /opt/devkitpro/libogc/lib/wii/libogc.a(timesupp.o)
                0x000000008001f570                gettime
 .text.settime  0x000000008001f588       0x14 /opt/devkitpro/libogc/lib/wii/libogc.a(timesupp.o)
                0x000000008001f588                settime
 .text.diff_usec
                0x000000008001f59c       0x88 /opt/devkitpro/libogc/lib/wii/libogc.a(timesupp.o)
                0x000000008001f59c                diff_usec
 .text.__timesystem_init
                0x000000008001f624       0x1c /opt/devkitpro/libogc/lib/wii/libogc.a(timesupp.o)
                0x000000008001f624                __timesystem_init
 .text.udelay   0x000000008001f640       0xac /opt/devkitpro/libogc/lib/wii/libogc.a(timesupp.o)
                0x000000008001f640                udelay
 .text.__libogc_nanosleep
                0x000000008001f6ec      0x154 /opt/devkitpro/libogc/lib/wii/libogc.a(timesupp.o)
                0x000000008001f6ec                __libogc_nanosleep
 .text.__libogc_lock_init
                0x000000008001f840       0x78 /opt/devkitpro/libogc/lib/wii/libogc.a(lock_supp.o)
                0x000000008001f840                __libogc_lock_init
 .text.__libogc_lock_close
                0x000000008001f8b8       0x64 /opt/devkitpro/libogc/lib/wii/libogc.a(lock_supp.o)
                0x000000008001f8b8                __libogc_lock_close
 .text.__libogc_lock_acquire
                0x000000008001f91c       0x20 /opt/devkitpro/libogc/lib/wii/libogc.a(lock_supp.o)
                0x000000008001f91c                __libogc_lock_acquire
 .text.__libogc_lock_release
                0x000000008001f93c       0x20 /opt/devkitpro/libogc/lib/wii/libogc.a(lock_supp.o)
                0x000000008001f93c                __libogc_lock_release
 .text.__libc_create_hook
                0x000000008001f95c       0x10 /opt/devkitpro/libogc/lib/wii/libogc.a(newlibc.o)
                0x000000008001f95c                __libc_create_hook
 .text.__libc_start_hook
                0x000000008001f96c       0x9c /opt/devkitpro/libogc/lib/wii/libogc.a(newlibc.o)
                0x000000008001f96c                __libc_start_hook
 .text.__libc_delete_hook
                0x000000008001fa08      0x108 /opt/devkitpro/libogc/lib/wii/libogc.a(newlibc.o)
                0x000000008001fa08                __libc_delete_hook
 .text.__libc_init
                0x000000008001fb10       0xb0 /opt/devkitpro/libogc/lib/wii/libogc.a(newlibc.o)
                0x000000008001fb10                __libc_init
 .text.__usbgecko_exi_unlock
                0x000000008001fbc0       0x34 /opt/devkitpro/libogc/lib/wii/libogc.a(usbgecko.o)
 .text.usb_isgeckoalive
                0x000000008001fbf4      0x1c0 /opt/devkitpro/libogc/lib/wii/libogc.a(usbgecko.o)
                0x000000008001fbf4                usb_isgeckoalive
 .text.usb_sendbuffer_ex
                0x000000008001fdb4      0x214 /opt/devkitpro/libogc/lib/wii/libogc.a(usbgecko.o)
                0x000000008001fdb4                usb_sendbuffer_ex
 .text.usb_sendbuffer
                0x000000008001ffc8        0x8 /opt/devkitpro/libogc/lib/wii/libogc.a(usbgecko.o)
                0x000000008001ffc8                usb_sendbuffer
 .text.usb_sendbuffer_safe_ex
                0x000000008001ffd0      0x29c /opt/devkitpro/libogc/lib/wii/libogc.a(usbgecko.o)
                0x000000008001ffd0                usb_sendbuffer_safe_ex
 .text.usb_sendbuffer_safe
                0x000000008002026c        0x8 /opt/devkitpro/libogc/lib/wii/libogc.a(usbgecko.o)
                0x000000008002026c                usb_sendbuffer_safe
 .text.__libogc_sbrk_r
                0x0000000080020274      0x29c /opt/devkitpro/libogc/lib/wii/libogc.a(sbrk.o)
                0x0000000080020274                __libogc_sbrk_r
 .text.__memlock_init
                0x0000000080020510       0x7c /opt/devkitpro/libogc/lib/wii/libogc.a(malloc_lock.o)
                0x0000000080020510                __memlock_init
 .text.__libogc_malloc_lock
                0x000000008002058c      0x1fc /opt/devkitpro/libogc/lib/wii/libogc.a(malloc_lock.o)
                0x000000008002058c                __libogc_malloc_lock
 .text.__libogc_malloc_unlock
                0x0000000080020788       0x64 /opt/devkitpro/libogc/lib/wii/libogc.a(malloc_lock.o)
                0x0000000080020788                __libogc_malloc_unlock
 .text.__STM_SetEventHook
                0x00000000800207ec       0xb0 /opt/devkitpro/libogc/lib/wii/libogc.a(stm.o)
                0x00000000800207ec                __STM_SetEventHook
 .text.__STM_Init
                0x000000008002089c       0x94 /opt/devkitpro/libogc/lib/wii/libogc.a(stm.o)
                0x000000008002089c                __STM_Init
 .text.__STMEventHandler
                0x0000000080020930       0x60 /opt/devkitpro/libogc/lib/wii/libogc.a(stm.o)
 .text.__STM_ReleaseEventHook
                0x0000000080020990       0x80 /opt/devkitpro/libogc/lib/wii/libogc.a(stm.o)
                0x0000000080020990                __STM_ReleaseEventHook
 .text.__STM_Close
                0x0000000080020a10       0xac /opt/devkitpro/libogc/lib/wii/libogc.a(stm.o)
                0x0000000080020a10                __STM_Close
 .text.STM_RegisterEventHandler
                0x0000000080020abc       0x10 /opt/devkitpro/libogc/lib/wii/libogc.a(stm.o)
                0x0000000080020abc                STM_RegisterEventHandler
 .text.STM_ShutdownToStandby
                0x0000000080020acc       0x50 /opt/devkitpro/libogc/lib/wii/libogc.a(stm.o)
                0x0000000080020acc                STM_ShutdownToStandby
 .text.STM_ShutdownToIdle
                0x0000000080020b1c       0x70 /opt/devkitpro/libogc/lib/wii/libogc.a(stm.o)
                0x0000000080020b1c                STM_ShutdownToIdle
 .text.STM_SetLedMode
                0x0000000080020b8c       0x40 /opt/devkitpro/libogc/lib/wii/libogc.a(stm.o)
                0x0000000080020b8c                STM_SetLedMode
 .text.STM_RebootSystem
                0x0000000080020bcc       0x50 /opt/devkitpro/libogc/lib/wii/libogc.a(stm.o)
                0x0000000080020bcc                STM_RebootSystem
 .text.__IOS_InitializeSubsystems
                0x0000000080020c1c       0x44 /opt/devkitpro/libogc/lib/wii/libogc.a(ios.o)
                0x0000000080020c1c                __IOS_InitializeSubsystems
 .text.__IOS_ShutdownSubsystems
                0x0000000080020c60       0x44 /opt/devkitpro/libogc/lib/wii/libogc.a(ios.o)
                0x0000000080020c60                __IOS_ShutdownSubsystems
 .text.__IOS_LoadStartupIOS
                0x0000000080020ca4        0x8 /opt/devkitpro/libogc/lib/wii/libogc.a(ios.o)
                0x0000000080020ca4                __IOS_LoadStartupIOS
 .text._ES_fstat_r
                0x0000000080020cac      0x11c /opt/devkitpro/libogc/lib/wii/libogc.a(es.o)
 .text._ES_seek_r
                0x0000000080020dc8       0xe4 /opt/devkitpro/libogc/lib/wii/libogc.a(es.o)
 .text._ES_close_r
                0x0000000080020eac       0xac /opt/devkitpro/libogc/lib/wii/libogc.a(es.o)
 .text.__ES_Init
                0x0000000080020f58       0x78 /opt/devkitpro/libogc/lib/wii/libogc.a(es.o)
                0x0000000080020f58                __ES_Init
 .text.__ES_Close
                0x0000000080020fd0       0x54 /opt/devkitpro/libogc/lib/wii/libogc.a(es.o)
                0x0000000080020fd0                __ES_Close
 .text.ES_GetTitleID
                0x0000000080021024       0x94 /opt/devkitpro/libogc/lib/wii/libogc.a(es.o)
                0x0000000080021024                ES_GetTitleID
 .text.ES_LaunchTitle
                0x00000000800210b8       0xa4 /opt/devkitpro/libogc/lib/wii/libogc.a(es.o)
                0x00000000800210b8                ES_LaunchTitle
 .text.ES_GetNumTicketViews
                0x000000008002115c       0x98 /opt/devkitpro/libogc/lib/wii/libogc.a(es.o)
                0x000000008002115c                ES_GetNumTicketViews
 .text.ES_GetTicketViews
                0x00000000800211f4       0x8c /opt/devkitpro/libogc/lib/wii/libogc.a(es.o)
                0x00000000800211f4                ES_GetTicketViews
 .text.ES_GetStoredTMD
                0x0000000080021280       0x90 /opt/devkitpro/libogc/lib/wii/libogc.a(es.o)
                0x0000000080021280                ES_GetStoredTMD
 .text._ES_decodepath
                0x0000000080021310      0x384 /opt/devkitpro/libogc/lib/wii/libogc.a(es.o)
 .text._ES_stat_r
                0x0000000080021694       0xe8 /opt/devkitpro/libogc/lib/wii/libogc.a(es.o)
 .text._ES_open_r
                0x000000008002177c      0x1c8 /opt/devkitpro/libogc/lib/wii/libogc.a(es.o)
 .text.ES_ReadContent
                0x0000000080021944       0x6c /opt/devkitpro/libogc/lib/wii/libogc.a(es.o)
                0x0000000080021944                ES_ReadContent
 .text._ES_read_r
                0x00000000800219b0      0x1bc /opt/devkitpro/libogc/lib/wii/libogc.a(es.o)
 .text.__usbv5_messageCB
                0x0000000080021b6c       0x5c /opt/devkitpro/libogc/lib/wii/libogc.a(usb.o)
 .text.__usbv0_messageCB
                0x0000000080021bc8       0xa8 /opt/devkitpro/libogc/lib/wii/libogc.a(usb.o)
 .text.__usb_control_message
                0x0000000080021c70      0x478 /opt/devkitpro/libogc/lib/wii/libogc.a(usb.o)
 .text.__usb_interrupt_bulk_message
                0x00000000800220e8      0x2c4 /opt/devkitpro/libogc/lib/wii/libogc.a(usb.o)
 .text.__usbv5_devicechangeCB
                0x00000000800223ac      0x180 /opt/devkitpro/libogc/lib/wii/libogc.a(usb.o)
 .text.__usbv5_attachfinishCB
                0x000000008002252c       0xec /opt/devkitpro/libogc/lib/wii/libogc.a(usb.o)
 .text.USB_FreeDescriptors.part.0
                0x0000000080022618       0xfc /opt/devkitpro/libogc/lib/wii/libogc.a(usb.o)
 .text.USB_GetDescriptors.part.0
                0x0000000080022714      0x69c /opt/devkitpro/libogc/lib/wii/libogc.a(usb.o)
 .text.USBV5_SuspendResume
                0x0000000080022db0      0x138 /opt/devkitpro/libogc/lib/wii/libogc.a(usb.o)
 .text.USBV5_GetDescriptors
                0x0000000080022ee8      0x518 /opt/devkitpro/libogc/lib/wii/libogc.a(usb.o)
 .text.USB_Deinitialize
                0x0000000080023400       0xc8 /opt/devkitpro/libogc/lib/wii/libogc.a(usb.o)
                0x0000000080023400                USB_Deinitialize
 .text.USB_Initialize
                0x00000000800234c8      0x2f0 /opt/devkitpro/libogc/lib/wii/libogc.a(usb.o)
                0x00000000800234c8                USB_Initialize
 .text.USB_OpenDevice
                0x00000000800237b8      0x2b4 /opt/devkitpro/libogc/lib/wii/libogc.a(usb.o)
                0x00000000800237b8                USB_OpenDevice
 .text.USBV5_CloseDevice
                0x0000000080023a6c      0x138 /opt/devkitpro/libogc/lib/wii/libogc.a(usb.o)
                0x0000000080023a6c                USBV5_CloseDevice
 .text.USB_CloseDeviceAsync
                0x0000000080023ba4       0xd0 /opt/devkitpro/libogc/lib/wii/libogc.a(usb.o)
                0x0000000080023ba4                USB_CloseDeviceAsync
 .text.USB_ReadIntrMsgAsync
                0x0000000080023c74       0x28 /opt/devkitpro/libogc/lib/wii/libogc.a(usb.o)
                0x0000000080023c74                USB_ReadIntrMsgAsync
 .text.USB_ReadBlkMsgAsync
                0x0000000080023c9c       0x28 /opt/devkitpro/libogc/lib/wii/libogc.a(usb.o)
                0x0000000080023c9c                USB_ReadBlkMsgAsync
 .text.USB_WriteBlkMsgAsync
                0x0000000080023cc4       0x28 /opt/devkitpro/libogc/lib/wii/libogc.a(usb.o)
                0x0000000080023cc4                USB_WriteBlkMsgAsync
 .text.USB_WriteCtrlMsgAsync
                0x0000000080023cec        0x4 /opt/devkitpro/libogc/lib/wii/libogc.a(usb.o)
                0x0000000080023cec                USB_WriteCtrlMsgAsync
 .text.__CheckARGV
                0x0000000080023cf0       0x80 /opt/devkitpro/libogc/lib/wii/libogc.a(argv.o)
                0x0000000080023cf0                __CheckARGV
 .text.CONF_Init
                0x0000000080023d70      0x168 /opt/devkitpro/libogc/lib/wii/libogc.a(conf.o)
                0x0000000080023d70                CONF_Init
 .text.__CONF_GetTxt
                0x0000000080023ed8      0x208 /opt/devkitpro/libogc/lib/wii/libogc.a(conf.o)
                0x0000000080023ed8                __CONF_GetTxt
 .text.__CONF_Find
                0x00000000800240e0       0xfc /opt/devkitpro/libogc/lib/wii/libogc.a(conf.o)
                0x00000000800240e0                __CONF_Find
 .text.CONF_GetLength
                0x00000000800241dc      0x12c /opt/devkitpro/libogc/lib/wii/libogc.a(conf.o)
                0x00000000800241dc                CONF_GetLength
 .text.CONF_Get
                0x0000000080024308      0x13c /opt/devkitpro/libogc/lib/wii/libogc.a(conf.o)
                0x0000000080024308                CONF_Get
 .text.CONF_GetShutdownMode
                0x0000000080024444       0x54 /opt/devkitpro/libogc/lib/wii/libogc.a(conf.o)
                0x0000000080024444                CONF_GetShutdownMode
 .text.CONF_GetIdleLedMode
                0x0000000080024498       0x54 /opt/devkitpro/libogc/lib/wii/libogc.a(conf.o)
                0x0000000080024498                CONF_GetIdleLedMode
 .text.CONF_GetProgressiveScan
                0x00000000800244ec       0x54 /opt/devkitpro/libogc/lib/wii/libogc.a(conf.o)
                0x00000000800244ec                CONF_GetProgressiveScan
 .text.CONF_GetEuRGB60
                0x0000000080024540       0x54 /opt/devkitpro/libogc/lib/wii/libogc.a(conf.o)
                0x0000000080024540                CONF_GetEuRGB60
 .text.CONF_GetIRSensitivity
                0x0000000080024594       0x54 /opt/devkitpro/libogc/lib/wii/libogc.a(conf.o)
                0x0000000080024594                CONF_GetIRSensitivity
 .text.CONF_GetSensorBarPosition
                0x00000000800245e8       0x54 /opt/devkitpro/libogc/lib/wii/libogc.a(conf.o)
                0x00000000800245e8                CONF_GetSensorBarPosition
 .text.CONF_GetCounterBias
                0x000000008002463c       0x4c /opt/devkitpro/libogc/lib/wii/libogc.a(conf.o)
                0x000000008002463c                CONF_GetCounterBias
 .text.CONF_GetDisplayOffsetH
                0x0000000080024688       0x4c /opt/devkitpro/libogc/lib/wii/libogc.a(conf.o)
                0x0000000080024688                CONF_GetDisplayOffsetH
 .text.CONF_GetPadDevices
                0x00000000800246d4       0x4c /opt/devkitpro/libogc/lib/wii/libogc.a(conf.o)
                0x00000000800246d4                CONF_GetPadDevices
 .text.CONF_GetVideo
                0x0000000080024720       0x8c /opt/devkitpro/libogc/lib/wii/libogc.a(conf.o)
                0x0000000080024720                CONF_GetVideo
 .text.__WII_WriteNANDBootInfo
                0x00000000800247ac       0xc4 /opt/devkitpro/libogc/lib/wii/libogc.a(wiilaunch.o)
 .text.__WII_WriteStateFlags
                0x0000000080024870       0x9c /opt/devkitpro/libogc/lib/wii/libogc.a(wiilaunch.o)
 .text.WII_Initialize
                0x000000008002490c      0x188 /opt/devkitpro/libogc/lib/wii/libogc.a(wiilaunch.o)
                0x000000008002490c                WII_Initialize
 .text.WII_LaunchTitle
                0x0000000080024a94      0x1ac /opt/devkitpro/libogc/lib/wii/libogc.a(wiilaunch.o)
                0x0000000080024a94                WII_LaunchTitle
 .text.WII_ReturnToMenu
                0x0000000080024c40       0x58 /opt/devkitpro/libogc/lib/wii/libogc.a(wiilaunch.o)
                0x0000000080024c40                WII_ReturnToMenu
 .text.__lwp_priority_init
                0x0000000080024c98       0x1c /opt/devkitpro/libogc/lib/wii/libogc.a(lwp_priority.o)
                0x0000000080024c98                __lwp_priority_init
 .text.__lwp_threadqueue_enqueuefifo
                0x0000000080024cb4      0x144 /opt/devkitpro/libogc/lib/wii/libogc.a(lwp_threadq.o)
                0x0000000080024cb4                __lwp_threadqueue_enqueuefifo
 .text.__lwp_threadqueue_dequeuefifo
                0x0000000080024df8      0x14c /opt/devkitpro/libogc/lib/wii/libogc.a(lwp_threadq.o)
                0x0000000080024df8                __lwp_threadqueue_dequeuefifo
 .text.__lwp_threadqueue_enqueuepriority
                0x0000000080024f44      0x334 /opt/devkitpro/libogc/lib/wii/libogc.a(lwp_threadq.o)
                0x0000000080024f44                __lwp_threadqueue_enqueuepriority
 .text.__lwp_threadqueue_dequeuepriority
                0x0000000080025278      0x1d8 /opt/devkitpro/libogc/lib/wii/libogc.a(lwp_threadq.o)
                0x0000000080025278                __lwp_threadqueue_dequeuepriority
 .text.__lwp_threadqueue_init
                0x0000000080025450       0x64 /opt/devkitpro/libogc/lib/wii/libogc.a(lwp_threadq.o)
                0x0000000080025450                __lwp_threadqueue_init
 .text.__lwp_threadqueue_enqueue
                0x00000000800254b4      0x138 /opt/devkitpro/libogc/lib/wii/libogc.a(lwp_threadq.o)
                0x00000000800254b4                __lwp_threadqueue_enqueue
 .text.__lwp_threadqueue_dequeue
                0x00000000800255ec       0x24 /opt/devkitpro/libogc/lib/wii/libogc.a(lwp_threadq.o)
                0x00000000800255ec                __lwp_threadqueue_dequeue
 .text.__lwp_threadqueue_flush
                0x0000000080025610       0x68 /opt/devkitpro/libogc/lib/wii/libogc.a(lwp_threadq.o)
                0x0000000080025610                __lwp_threadqueue_flush
 .text.__lwp_threadqueue_extractfifo
                0x0000000080025678       0xe8 /opt/devkitpro/libogc/lib/wii/libogc.a(lwp_threadq.o)
                0x0000000080025678                __lwp_threadqueue_extractfifo
 .text.__lwp_threadqueue_extractpriority
                0x0000000080025760      0x148 /opt/devkitpro/libogc/lib/wii/libogc.a(lwp_threadq.o)
                0x0000000080025760                __lwp_threadqueue_extractpriority
 .text.__lwp_threadqueue_timeout
                0x00000000800258a8       0xd0 /opt/devkitpro/libogc/lib/wii/libogc.a(lwp_threadq.o)
 .text.__lwp_threadqueue_extractproxy
                0x0000000080025978       0x88 /opt/devkitpro/libogc/lib/wii/libogc.a(lwp_threadq.o)
                0x0000000080025978                __lwp_threadqueue_extractproxy
 .text.__lwp_mutex_initialize
                0x0000000080025a00       0xa4 /opt/devkitpro/libogc/lib/wii/libogc.a(lwp_mutex.o)
                0x0000000080025a00                __lwp_mutex_initialize
 .text.__lwp_mutex_surrender
                0x0000000080025aa4      0x164 /opt/devkitpro/libogc/lib/wii/libogc.a(lwp_mutex.o)
                0x0000000080025aa4                __lwp_mutex_surrender
 .text.__lwp_mutex_seize_irq_blocking
                0x0000000080025c08       0xf8 /opt/devkitpro/libogc/lib/wii/libogc.a(lwp_mutex.o)
                0x0000000080025c08                __lwp_mutex_seize_irq_blocking
 .text.__lwp_mutex_flush
                0x0000000080025d00        0x4 /opt/devkitpro/libogc/lib/wii/libogc.a(lwp_mutex.o)
                0x0000000080025d00                __lwp_mutex_flush
 .text.__systemcall_init
                0x0000000080025d04       0x70 /opt/devkitpro/libogc/lib/wii/libogc.a(exception.o)
                0x0000000080025d04                __systemcall_init
 .text.__exception_init
                0x0000000080025d74      0x12c /opt/devkitpro/libogc/lib/wii/libogc.a(exception.o)
                0x0000000080025d74                __exception_init
 .text.__exception_close
                0x0000000080025ea0       0xac /opt/devkitpro/libogc/lib/wii/libogc.a(exception.o)
                0x0000000080025ea0                __exception_close
 .text.__exception_closeall
                0x0000000080025f4c       0x80 /opt/devkitpro/libogc/lib/wii/libogc.a(exception.o)
                0x0000000080025f4c                __exception_closeall
 .text.c_default_exceptionhandler
                0x0000000080025fcc      0x438 /opt/devkitpro/libogc/lib/wii/libogc.a(exception.o)
                0x0000000080025fcc                c_default_exceptionhandler
 .text.__lwp_sema_init
                0x0000000080026404       0x14 /opt/devkitpro/libogc/lib/wii/libogc.a(semaphore.o)
                0x0000000080026404                __lwp_sema_init
 .text.SPEC1_MakeStatus
                0x0000000080026418       0xf8 /opt/devkitpro/libogc/lib/wii/libogc.a(pad.o)
 .text.__pad_samplinghandler
                0x0000000080026510        0x4 /opt/devkitpro/libogc/lib/wii/libogc.a(pad.o)
 .text.__pad_doreset
                0x0000000080026514       0x50 /opt/devkitpro/libogc/lib/wii/libogc.a(pad.o)
 .text.__pad_updateorigin
                0x0000000080026564       0xa0 /opt/devkitpro/libogc/lib/wii/libogc.a(pad.o)
 .text.__pad_disable
                0x0000000080026604       0xbc /opt/devkitpro/libogc/lib/wii/libogc.a(pad.o)
 .text.__pad_receivecheckcallback
                0x00000000800266c0       0x84 /opt/devkitpro/libogc/lib/wii/libogc.a(pad.o)
 .text.__pad_typeandstatuscallback
                0x0000000080026744      0x1ac /opt/devkitpro/libogc/lib/wii/libogc.a(pad.o)
 .text.__pad_originupdatecallback